03-07 22:52:46.184  7731 21756 D plgin_MiuiAudioPlaybackManager: currentTime - mLossAudioFocusTime  44517
03-07 22:52:46.185  7731 21756 D plgin_MiuiAudioPlaybackManager: currentTime - mLossAudioFocusTime  44518
03-07 22:52:46.185  7731 21756 D plgin_MiuiAudioPlaybackManager: currentTime - mLossAudioFocusTime  44518
03-07 22:52:46.185  7731 21756 D plgin_MiuiAudioPlaybackManager: currentTime - mLossAudioFocusTime  44518
03-07 22:52:46.185  7731 21756 D plgin_MiuiAudioPlaybackManager: currentTime - mLossAudioFocusTime  44518
03-07 22:52:46.185  7731 21756 D plgin_MiuiAudioPlaybackManager: currentTime - mLossAudioFocusTime  44518
03-07 22:52:46.186  7731 21756 D plgin_MiuiAudioPlaybackManager: currentTime - mLossAudioFocusTime  44519
03-07 22:52:46.186  7731 21756 D plgin_MiuiAudioPlaybackManager: currentTime - mLossAudioFocusTime  44519
03-07 22:52:46.186  7731 21756 D plgin_MiuiAudioPlaybackManager: currentTime - mLossAudioFocusTime  44519
03-07 22:52:46.186  7731 21756 D plgin_MiuiAudioPlaybackManager: currentTime - mLossAudioFocusTime  44519
03-07 22:52:46.186  7731 21756 D plgin_MiuiAudioPlaybackManager: audio focus app playing1
03-07 22:52:46.186  7731 21756 D plgin_MiuiAudioPlaybackManager: dispatchAudioSwitchTriggerEvent 1
03-07 22:52:46.189  7731 21756 D plgin_MiuiAudioPlaybackManager: isGameMode = true
03-07 22:52:46.189  7731 21756 D plgin_MiuiAudioPlaybackManager: EVENT_MEDIA_PLAY + true
03-07 22:52:46.189  7731 21756 D plgin_MiuiAudioPlaybackManager: enter game mode
03-07 22:52:46.189  7731 21756 D plgin_MiuiAudioPlaybackManager: activePlayerState after,, uid=10374, pid=22800, startedCount=1, stopedCount=0, usages=[1]
03-07 22:52:46.190  7731 21756 D plgin_MiuiAudioSwitchCoreManager: receive msg = 101
03-07 22:52:46.190  7731 21756 D plgin_MiuiAudioSwitchCoreManager: checkAudioOutputDeviceAvailable event = 1
03-07 22:52:46.190  7731 21756 D plgin_MiuiAudioSwitchCoreManager: chec kAudio Output Device Available false
03-07 22:52:46.190  7731 21756 D plgin_MiuiAudioSwitchCoreManager: receive msg = 107
03-07 22:52:46.190  7731 21756 D plgin_MiuiAudioSwitchCoreManager: game permit start scan []pid = 22800
03-07 22:52:46.190  7731 21756 D plgin_MiuiAudioPlaybackManager: isGameMode = true
03-07 22:52:46.190  7731 21756 D plgin_MiuiAudioSwitchCoreManager: startLowLatencyScan
03-07 22:52:46.190  7731 21756 D plgin_MiuiAudioSwitchCoreManager: scan times exceeded limit in one day
03-07 22:52:46.192 22800 22800 W AudioManager: Use of stream types is deprecated for operations other than volume control
03-07 22:52:46.192 22800 22800 W AudioManager: See the documentation of requestAudioFocus() for what to use instead with android.media.AudioAttributes to qualify your playback use case
03-07 22:52:46.193 22800 22800 D AudioSystem: onNewService: media.audio_policy service obtained 0xb4000071bd9987c0
03-07 22:52:46.193 22800 22800 D AudioSystem: getService: checking for service media.audio_policy: 0xb4000071bd9987c0
03-07 22:52:46.193  2686  8069 I MediaFocusControl: requestAudioFocus() from uid/pid 10374/22800 AA=USAGE_MEDIA/CONTENT_TYPE_UNKNOWN clientId=android.media.AudioManager@aff4820com.tencent.tmgp.sgame.SGameActivity@848f05a callingPack=com.tencent.tmgp.sgame req=1 flags=0x0 sdk=30
03-07 22:52:46.194  7731  7731 D plgin_MiuiAudioPlaybackManager: AudioFocusMonitor: onAudioFocusLoss, pkg: ,com.tencent.tmgp.sgame uid: ,10374 hasNotified: true
03-07 22:52:46.194  7731  7731 D plgin_MiuiAudioPlaybackManager: AudioFocusMonitor: onAudioFocusLoss, pkg: ,com.tencent.tmgp.sgame uid: ,10374 hasNotified: false
03-07 22:52:46.198  7731  7731 D plgin_MiuiAudioPlaybackManager: AudioFocusMonitor: onAudioFocusGrant, pkg: ,com.tencent.tmgp.sgame uid: ,10374 requestResult: 1
03-07 22:52:46.198  7731  7731 D plgin_MiuiAudioPlaybackManager: AudioFocusMonitor: onAudioFocusGrant getClientId: android.media.AudioManager@aff4820com.tencent.tmgp.sgame.SGameActivity@848f05a
03-07 22:52:46.198  7731  7731 D plgin_MiuiAudioPlaybackManager: audio fouces is changed
03-07 22:52:46.201  7731  7731 D plgin_MiuiAudioPlaybackManager: get definded uid audioPlaybackConfiguration, playingConfig = AudioPlaybackConfiguration piid:3039 deviceIds:[] type:android.media.MediaPlayer u/pid:10374/22800 state:started attr:AudioAttributes: usage=USAGE_MEDIA content=CONTENT_TYPE_MOVIE flags=0x800 tags= bundle=null sessionId:3129 mutedState:none  FormatInfo{isSpatialized=false, channelMask=0x0, sampleRate=0}
03-07 22:52:46.201  7731  7731 D plgin_MiuiAudioPlaybackManager: dispatchAudioSwitchTriggerEvent 1
03-07 22:52:46.201  7731  7731 D plgin_MiuiAudioPlaybackManager: isGameMode = true
03-07 22:52:46.201  7731  7731 D plgin_MiuiAudioPlaybackManager: EVENT_MEDIA_PLAY + true
03-07 22:52:46.202  7731  7731 D plgin_MiuiAudioPlaybackManager: enter game mode
03-07 22:52:46.203  1999  4229 D AHAL: AudioDevice: GetParameters: 3104: Enter
03-07 22:52:46.203  1999  4229 D AHAL: AudioDevice: GetParameters: 3250: Exit: returns - 
03-07 22:52:46.203  1999  4229 D AHAL: AudioDeviceCustom: GetParameters: 1322: Exit 
03-07 22:52:46.230  3284  8293 E libsensor-parseRGB: CWB NotifyCWBBufferDone  error 0
03-07 22:52:46.230  4801  4801 I GameAudioUtils: isGameImmersionSoundSupported: false
03-07 22:52:46.243  2201  5708 V AudioPolicyInterfaceImpl: getOutput()
03-07 22:52:46.244  2201  5729 V AudioPolicyInterfaceImpl: getOutput()
03-07 22:52:46.244  3095 28561 E AudioTrack: Failed to load XML file: odm/etc/audio/audio_lowpower_app_list.xml
03-07 22:52:46.244  3095 28561 I AudioTrackImpl: initAudioTrackImpl()
03-07 22:52:46.244  3095 28561 D AudioTrack: set(): (sessionId=3129), mcallback is 0, streamType 3, sampleRate 48000, format 0x1, channelMask 0x3, frameCount 24960, flags 0x8, notificationFrames 0,transferType 0, mClientAttributionSource AttributionSourceState{pid: 22800, uid: 10374, deviceId: 0, packageName: com.tencent.tmgp.sgame, attributionTag: (null), token: binder:0xb40000748de59b10, renouncedPermissions: [], next: []}
03-07 22:52:46.245  1999  4229 D AHAL: AudioDeviceCustom: GetParameters: 1313: Exit: returns - audio_game_sound_volume_gap_switch=on
03-07 22:52:46.246  3095 28561 E mediaserver64: open /proc/22800/cmdline error
03-07 22:52:46.247  2201  5729 D AudioFlingerImpl: AudioFlingerImpl::applyCreateTrackInputRules: extracted packageName=com.tencent.tmgp.sgame from uid=10374
03-07 22:52:46.247  2201  5729 V AudioPolicyInterfaceImpl: getOutputForAttr()
03-07 22:52:46.247  2201  5729 D APM_AudioPolicyManager: getOutputForAttrInt()+ attributes={ Content type: AUDIO_CONTENT_TYPE_MOVIE Usage: AUDIO_USAGE_MEDIA Source: AUDIO_SOURCE_INVALID Flags: 0x800 Tags:  } stream=AUDIO_STREAM_MUSIC session 3129 output 0 selectedDeviceId 0 device AUDIO_DEVICE_NONE sampling rate 48000 format 0x1channel mask 0x3 flags 0x8 stream AUDIO_STREAM_MUSIC uid 10374
03-07 22:52:46.247  2201  5729 D APM_AudioPolicyManager: getOutputForAttrInt() device {AUDIO_DEVICE_OUT_SPEAKER, @:}, sampling rate 48000, format 0x1, channel mask 0x3, flags 0x8 stream AUDIO_STREAM_MUSIC
03-07 22:52:46.247  2201  5729 D AudioPolicyManagerImpl: set isSpatializerFlagCE to 0.
03-07 22:52:46.247  2201  5729 D AudioPolicyManagerImpl: set isSpatializerFlagCE to 0.
03-07 22:52:46.247  2201  5729 D AudioPolicyManagerImpl: set isSpatializerFlagCE to 0.
03-07 22:52:46.247  2201  5729 D AudioPolicyManagerImpl: set isSpatializerFlagCE to 0.
03-07 22:52:46.247  2201  5729 D AudioPolicyManagerImpl: set isSpatializerFlagCE to 0.
03-07 22:52:46.247  2201  5729 D AudioPolicyManagerImpl: set isSpatializerFlagCE to 0.
03-07 22:52:46.247  2201  5729 D APM_AudioPolicyManager: getOutputForDevices(), spatializer_flag_ce is 0, spatializer_ce_lastflag is 0
03-07 22:52:46.247  2201  5729 D APM_AudioPolicyManager: getOutputForAttrInt()- attributes={ Content type: AUDIO_CONTENT_TYPE_MOVIE Usage: AUDIO_USAGE_MEDIA Source: AUDIO_SOURCE_INVALID Flags: 0x800 Tags:  } stream=AUDIO_STREAM_MUSIC session 3129 output 37 selectedDeviceId 0 device {AUDIO_DEVICE_OUT_SPEAKER, @:} sampling rate 48000 format 0x1channel mask 0x3 flags 0x8 stream AUDIO_STREAM_MUSIC uid 10374
03-07 22:52:46.248  2201  5729 D APM_AudioPolicyManager: getOutputForAttr() returns output 37 requestedPortIds AUDIO_PORT_HANDLE_NONE selectedDeviceIds 3 for port ID 583
03-07 22:52:46.248  2201  5729 D AudioFlinger: Client defaulted notificationFrames to 12480 for frameCount 24960
03-07 22:52:46.250  2201  5729 D AudioFlinger: [APM-AF-Sched] reScheduleCpuByTid() AudioOut_25 audioCpuSet = 0xf8 tid 4214
03-07 22:52:46.251  1999  4229 D AHAL: AudioStream: astream_out_get_parameters: 1169: enter
03-07 22:52:46.251  1999  4229 D AHAL: AudioStream: astream_out_get_parameters: 1192: keys: is_direct_pcm_track
03-07 22:52:46.251  1999  4229 D AHAL: AudioStream: astream_out_get_parameters: 1234: Exit: returns - is_direct_pcm_track=false
03-07 22:52:46.251  3095 28561 I AudioTrackImpl: before scaleVolumeForVideo L:1.000000 R:1.000000 and the pakage is com.tencent.tmgp.sgame
03-07 22:52:46.251  3095 28561 D AudioTrack: AudioTrack::setVolume L:1.000000 R:1.000000 sessionid=3129
03-07 22:52:46.251  3095 28561 D AudioTrackImpl: setMediaSetMute(583): Parameter media_set_track_muted is 0 return
03-07 22:52:46.259  2686  2826 E BatteryStatsService: note track volume change AudioToPower BatteryStatsservices 10374 22800 3129 1.0 1.0
03-07 22:52:46.262  2201  8570 D AudioFlinger: updateWakeLockUids_l AudioIn_18E uids:
03-07 22:52:46.282 22960 28578 I Market-MinaInterface: [MinaClient] onResult: invoke=checkDownloadInstallEnabled errorCode=0
03-07 22:52:46.316  6316  7463 I QtiOemHookAidl: oemHookRawResponse: serial no: 9495 error: 0length=0
03-07 22:52:46.337  6316  6355 I QtiOemHookAidl: oemHookRawResponse: serial no: 9496 error: 0length=20
03-07 22:52:46.344  3095 28561 I AudioTrackImpl: before scaleVolumeForVideo L:1.000000 R:1.000000 and the pakage is com.tencent.tmgp.sgame
03-07 22:52:46.344  3095 28561 D AudioTrack: AudioTrack::setVolume L:1.000000 R:1.000000 sessionid=3129
03-07 22:52:46.344  3095 28561 D AudioTrackImpl: setMediaSetMute(583): Parameter media_set_track_muted is 0 return
03-07 22:52:46.344  3095 28561 I AudioTrack: start(583): prior state:STATE_STOPPED packageName: com.tencent.tmgp.sgame
03-07 22:52:46.344  2201  5718 V AudioPolicyInterfaceImpl: startOutput()
03-07 22:52:46.345  2686  2826 E BatteryStatsService: note track volume change AudioToPower BatteryStatsservices 10374 22800 3129 1.0 1.0
03-07 22:52:46.346  2201  3166 V AudioPolicyInterfaceImpl: doStartOutput()
03-07 22:52:46.346  2201  3166 I AudioEffect: set 0xb400007b56ff3e30 uuid: 0x0 timeLow 00000000
03-07 22:52:46.354  2201  3166 I AudioEffect: set() 0xb400007b56ff3e30 OK effect: Volume listener for Music id: 14899 status 0 enabled 0 pid 2201
03-07 22:52:46.354  2201  3166 I AudioEffect: set 0xb400007b56ffdb70 uuid: 0x0 timeLow 00000000
03-07 22:52:46.356  2201  3166 I AudioEffect: set() 0xb400007b56ffdb70 OK effect: Music Listener id: 14907 status 0 enabled 0 pid 2201
03-07 22:52:46.356  2201  3166 I AudioEffect: enable 0xb400007b56ff3e30
03-07 22:52:46.356  2201  3166 I AudioEffect: enable 0xb400007b56ffdb70
03-07 22:52:46.358  2201  3165 D AudioFlingerImpl: meetingpowerpolicy showMap from other ++++++
03-07 22:52:46.358  2201  3165 D AudioFlingerImpl: meetingpowerpolicy mVoipTxAppCount 0 mTargetRecordMode 0 mSupportMeetingPower 0 mIsSpeakerMic 1
03-07 22:52:46.358  2201  3165 D AudioFlingerImpl: meetingpowerpolicy showMap from other ------
03-07 22:52:46.358  1999  4229 D AHAL: AudioStream: astream_out_set_parameters: 1136: enter: usecase(0: deep-buffer-playback) kvpairs: appname=+com.tencent.tmgp.sgame
03-07 22:52:46.358  1999  4229 D AHAL: AudioStreamCustom: SetParameters: 321: Enter
03-07 22:52:46.358  1999  4229 D AHAL: AudioStreamCustom: SetParameters: 336: Set app name +com.tencent.tmgp.sgame
03-07 22:52:46.358  1999  4229 D AHAL: AudioStreamCustom: updateLpMode: 243: speaker lp mode not changed  mode 0  app_name com.tencent.tmgp.sgame
03-07 22:52:46.358  1999  4229 D AHAL: AudioStreamCustom: platform_set_out_scenario: 65: Enter, CurrentScenario model is 1
03-07 22:52:46.358  1999  4229 D AHAL: AudioStreamCustom: get_scenario: 146: app_name com.tencent.tmgp.sgame, scenario is 4
03-07 22:52:46.358  1999  4229 D AHAL: AudioStreamCustom: set_scenario: 90: set_scenario mode: 4
03-07 22:52:46.358  1999  4229 D AHAL: AudioStreamCustom: set_scenario: 94: set_scenario notify gef dev 2, channel_mask 0x3, sampleRate 48000, flags 8, mode 0x4
03-07 22:52:46.361  1999  4229 D AHAL: AudioStreamCustom: platform_set_out_scenario: 79: Exit, CurrentScenario model is 4
03-07 22:52:46.361  1999  4229 D AHAL: AudioStream: SetParameters: 3332: enter 
03-07 22:52:46.361  1999  4229 E AHAL: AudioStream: SetParameters: 3343: error 0, failed to get stream and controller
03-07 22:52:46.361  1999  4229 D AHAL: AudioStream: SetParameters: 3380: Exit 0
03-07 22:52:46.361  1999  4229 D AHAL: AudioStreamCustom: SetParameters: 490: Exit: 0
03-07 22:52:46.361  1999  4229 D AHAL: AudioStream: astream_out_set_parameters: 1153: Exit ret: 0
03-07 22:52:46.361  2201  3166 D APM_AudioPolicyManager: startOutput() output 37, portId 583, stream 3, session 3129, sample_rate 48000, format 0x1, channel_mask 0x3, appname com.tencent.tmgp.sgame)
03-07 22:52:46.365  1999 28468 V EffectMiSound: MiSound_Command EFFECT_CMD_SET_DEVICE: 0x00000002
03-07 22:52:46.365  2201  3166 D AudioFlinger: addEffect_ll(): MiSound added on session 0 and audio IO 37
03-07 22:52:46.365  2201  3166 V EffectModule: command, MiSound cmdCode: 5, mEffectInterface: 0xb400007cc6fef670
03-07 22:52:46.366  1999 25711 V EffectMiSound: MiSound_setParameter() unsupport parameters!
03-07 22:52:46.366 13942 24453 I AudioEffect: commandExecuted(): 0xb40000736d8a0960, cmdCode = 5
03-07 22:52:46.366  2201 16609 I AudioEffect: commandExecuted(): 0xb400007b56fed3d0, cmdCode = 5
03-07 22:52:46.366  7731  7897 I AudioEffect: commandExecuted(): 0xb40000736d89f240, cmdCode = 5
03-07 22:52:46.366  2201 16609 I AudioEffect: commandExecuted(): 0xb400007b56feb810, cmdCode = 5
03-07 22:52:46.367 13942 24453 I AudioEffect: commandExecuted(): 0xb40000736d8a6a80, cmdCode = 5
03-07 22:52:46.367  2686  7098 I AudioEffect: commandExecuted(): 0xb40000736d9682f0, cmdCode = 5
03-07 22:52:46.367  1999 25711 D DlbEffectQdspDap: setAudioMode(mode = 0)
03-07 22:52:46.367 13942 24453 I AudioEffect: commandExecuted(): 0xb40000736d8a6a80, cmdCode = 5
03-07 22:52:46.367  2686  7098 I AudioEffect: commandExecuted(): 0xb40000736d9682f0, cmdCode = 5
03-07 22:52:46.367  2201  3166 D AudioFlinger: updateOffloaded() => offload 1 on audio io 37
03-07 22:52:46.367  2201 16609 I AudioEffect: commandExecuted(): 0xb400007b56feb810, cmdCode = 5
03-07 22:52:46.368  2201  3166 D AudioFlinger: moveEffectChain_ll: successful move of session 0 from srcThread 0xb400007de056dfe8 to dstThread 0xb400007ddcd49fe8 (2 effects moved, 1 effects started)
03-07 22:52:46.368  2201  3166 W AudioFlinger: moveEffectChain_ll: effect chain for session 0 not on source thread 0xb400007de056dfe8
03-07 22:52:46.368  2201  3166 D APM_AudioPolicyManager: setOutputDevices caller startSource[[portId:9][io:37, deep_buffer]] prevDevice {AUDIO_DEVICE_OUT_SPEAKER, @:}
03-07 22:52:46.368  2201  3166 D APM_AudioPolicyManager: checkAndSetVolume: set volumeSource 4 volume index 20 for device 0x2, volumeDb = -43.660000, delayMs = 0, outputDesc = 37
03-07 22:52:46.368  2201  3165 D AudioFlingerImpl: setGameParameters keyvalue: flags=8;volume_change=2
03-07 22:52:46.369  1999 28468 D AHAL: AudioDeviceCustom: SetParameters: 134: SetParameters flags=8;volume_change=2
03-07 22:52:46.369  1999 28468 D AHAL: AudioDeviceCustom: SetParameters: 447: AUDIO_MODE_RINGTONE 1 speaker_number  mode 0
03-07 22:52:46.369  1999 28468 D AHAL: AudioDevice: SetParameters: 1763: Enter: kvpairs is flags=8;volume_change=2
03-07 22:52:46.369  1999 28468 D AHAL: AudioVoice: VoiceSetParameters: 215: Enter params: flags=8;volume_change=2
03-07 22:52:46.369  1999 28468 D AHAL: AudioVoice: VoiceSetParameters: 682: Exit ret: 0
03-07 22:52:46.369  1999 28468 D AHAL: AudioDevice: SetParameters: 2904: Exit: -2
03-07 22:52:46.370  2686  6911 I AudioEffect: commandExecuted(): 0xb40000736d967e50, cmdCode = 5
03-07 22:52:46.372  2201  5718 D AF::Track: noteStartAudioInNeed
03-07 22:52:46.373  1999  5353 D AHAL: AudioDevice: GetPalDeviceIds: 3349: haldeviceIds: 1
03-07 22:52:46.373  1999  5353 D AHAL: AudioDevice: GetPalDeviceIds: 3356: Found haldeviceId: 2 and PAL Device ID 3
03-07 22:52:46.373  1999  5353 D AHAL: AudioDevice: GetPalDeviceIds: 3375: devices allocated 1, pal device ids before returning 1
03-07 22:52:46.373  1999 28468 D DlbDapEffectContext: setAudioFlags(flag=0x00000800)
03-07 22:52:46.373  3095 28561 D AudioRepeatStartCheck: [AudioRepeatStartStopCheck], enter: uid = 10374, session = 3129, uidnowTime = 1772893944
03-07 22:52:46.373  3095 28561 D AudioRepeatStartCheck: [AudioRepeatStartStopCheck] isAnomaly = 0
03-07 22:52:46.373  2201  4214 D AudioFlinger: updateWakeLockUids_l AudioOut_25 uids:10374 
03-07 22:52:46.373  1999  4229 D AHAL: AudioStreamCustom: outUpdateSourceMetadataV7: 1630: track count is 1 for usecase(0: deep-buffer-playback)
03-07 22:52:46.373  1999  4229 D AHAL: AudioStreamCustom: outUpdateSourceMetadataV7: 1714:  source_metadata_v7_t: usage: 1 content_type: 3  channel_mask: 3 tags: VX_SAMPLERATE_48000 gain 0.006562
03-07 22:52:46.373  1999  4229 D AHAL: AudioStreamCustom: SetAggregateSourceMetadataV7: 1788: Aggregated Source metadataV7 usage: 1 content_type: 3 channel_mask: 3  tags: VX_SAMPLERATE_48000 gain: 0.006562
03-07 22:52:46.373  1999  4229 D AHAL: AudioDeviceCustom: CheckInputDevice: 1678: stream_in_list_.size() 1 isneedblemic 0 
03-07 22:52:46.373  1999  4229 D AHAL: AudioStreamCustom: isNeedChangeBleToHandset: 1593: mAndroidInDevicesCustom 0x80000004
03-07 22:52:46.374  2686  7098 I AudioEffect: commandExecuted(): 0xb40000736d9682f0, cmdCode = 5
03-07 22:52:46.374 13942 24453 I AudioEffect: commandExecuted(): 0xb40000736d8a6a80, cmdCode = 5
03-07 22:52:46.374  3095 12780 D MediaPlayerService: onAudioDeviceUpdate deviceIds: 3
03-07 22:52:46.374  3095 12780 D AudioTrack: onAudioDeviceUpdate AudioPortDebug[ID:00000003] deviceType:AUDIO_DEVICE_OUT_SPEAKER(00000002)
03-07 22:52:46.374  1999  5353 D AHAL: AudioDevice: GetPalDeviceIds: 3349: haldeviceIds: 1
03-07 22:52:46.374  1999  5353 D AHAL: AudioDevice: GetPalDeviceIds: 3356: Found haldeviceId: 2 and PAL Device ID 3
03-07 22:52:46.374  1999  5353 D AHAL: AudioDevice: GetPalDeviceIds: 3375: devices allocated 1, pal device ids before returning 1
03-07 22:52:46.374  1999  5353 D AHAL: AudioDevice: GetPalDeviceIds: 3349: haldeviceIds: 1
03-07 22:52:46.374  1999  5353 D AHAL: AudioDevice: GetPalDeviceIds: 3356: Found haldeviceId: 2 and PAL Device ID 3
03-07 22:52:46.374  1999  5353 D AHAL: AudioDevice: GetPalDeviceIds: 3375: devices allocated 1, pal device ids before returning 1
03-07 22:52:46.374  1999  5353 D AHAL: AudioDevice: GetPalDeviceIds: 3349: haldeviceIds: 1
03-07 22:52:46.374  1999  5353 D AHAL: AudioDevice: GetPalDeviceIds: 3356: Found haldeviceId: 2 and PAL Device ID 3
03-07 22:52:46.374  1999  5353 D AHAL: AudioDevice: GetPalDeviceIds: 3375: devices allocated 1, pal device ids before returning 1
03-07 22:52:46.375  1999  5353 D PAL: ResourceManager: getVirtualAudioMixer: 4887: ar 0x7cc5118098K audio_virt_mixer 0xb400007ed415aa50K
03-07 22:52:46.375  2201 16609 I AudioEffect: commandExecuted(): 0xb400007b56feb810, cmdCode = 5
03-07 22:52:46.375  1999  3521 D AHAL: AudioStream: AutoPerfLock: 192: (Acquired) perf_lock_handle: 0x13ce7, count: 1
03-07 22:52:46.375  1999  3521 D AHAL: AudioStreamCustom: Open: 623: prepareGameDevice for opening
03-07 22:52:46.375  1999  3521 D AHAL: AudioDevice: GetPalDeviceIds: 3349: haldeviceIds: 1
03-07 22:52:46.375  1999  3521 D AHAL: AudioDevice: GetPalDeviceIds: 3356: Found haldeviceId: 2 and PAL Device ID 3
03-07 22:52:46.375  1999  3521 D AHAL: AudioDevice: GetPalDeviceIds: 3375: devices allocated 1, pal device ids before returning 1
03-07 22:52:46.375  1999  3521 I AHAL: AudioStream: Open: 3783: Enter: OutPrimary usecase(0: deep-buffer-playback)
03-07 22:52:46.375  1999  3521 D AHAL: AudioStream: Open: 3793: no_of_devices 1
03-07 22:52:46.375  1999  3521 D AHAL: AudioStream: Open: 3866: halInputFormat 3 halOutputFormat 3 palformat 23
03-07 22:52:46.375  1999  3521 D AHAL: AudioStream: Open: 3939: channels 2 samplerate 48000 format id 23, stream type 2  stream bitwidth 32
03-07 22:52:46.375  1999  3521 D AHAL: AudioStream: Open: 3940: msample_rate 0 mchannels 0 mNoOfOutDevices 1
03-07 22:52:46.376  1999  3521 D PAL: ResourceManager: getVirtualAudioMixer: 4887: ar 0x7cc462e8f8K audio_virt_mixer 0xb400007ed415aa50K
03-07 22:52:46.376  1999  3521 D PAL: ResourceManager: getAudioRoute: 4876: ar 0xb400007e341607e0K audio_route 0xb400007d94188c50K
03-07 22:52:46.376  1999 16586 D AHAL: AudioDevice: GetPalDeviceIds: 3349: haldeviceIds: 1
03-07 22:52:46.376  1999 16586 D AHAL: AudioDevice: GetPalDeviceIds: 3356: Found haldeviceId: 2 and PAL Device ID 3
03-07 22:52:46.376  1999 16586 D AHAL: AudioDevice: GetPalDeviceIds: 3375: devices allocated 1, pal device ids before returning 1
03-07 22:52:46.376  1999 16586 D AHAL: AudioDevice: GetPalDeviceIds: 3349: haldeviceIds: 1
03-07 22:52:46.376  1999 16586 D AHAL: AudioDevice: GetPalDeviceIds: 3356: Found haldeviceId: 2 and PAL Device ID 3
03-07 22:52:46.376  1999 16586 D AHAL: AudioDevice: GetPalDeviceIds: 3375: devices allocated 1, pal device ids before returning 1
03-07 22:52:46.376 21216 21496 W BtAudioPlaybackCallback: onPlaybackConfigChanged() count: 10
03-07 22:52:46.376  1999 16586 D AHAL: AudioDevice: GetPalDeviceIds: 3349: haldeviceIds: 1
03-07 22:52:46.376  1999 16586 D AHAL: AudioDevice: GetPalDeviceIds: 3356: Found haldeviceId: 2 and PAL Device ID 3
03-07 22:52:46.376  1999 16586 D AHAL: AudioDevice: GetPalDeviceIds: 3375: devices allocated 1, pal device ids before returning 1
03-07 22:52:46.376  2686  2826 E BatteryStatsService: note StartAudioToPower BatteryStatsservices10374 22800 3129 583 2
03-07 22:52:46.376 21216 21496 W BtAudioPlaybackCallback: handleMessage: MSG_EXECUTE_FUNC
03-07 22:52:46.376 21216 21216 W BtAudioPlaybackCallback: onPlaybackConfigChanged() count: 10
03-07 22:52:46.376  2686  2826 D BatteryStatsManagerStub: noteStartAudioInNeed uid is 10374, pid is 22800, session is 3129, port is 583, type is 2
03-07 22:52:46.376 21216 21216 W BtAudioPlaybackCallback: onPlaybackConfigChanged() count: 10
03-07 22:52:46.376 21216 21216 W BtAudioPlaybackCallback: handleMessage: MSG_EXECUTE_FUNC
03-07 22:52:46.376 21216 21216 W BtAudioPlaybackCallback: handleMessage: MSG_EXECUTE_FUNC
03-07 22:52:46.376  2686  2826 E BatteryStatsService: note final volume change AudioToPower BatteryStatsservices 10374 22800 3129 0.006561525
03-07 22:52:46.376  2686  2826 E BatteryStatsService: note device change AudioToPower BatteryStatsservices 10374 22800 3129 2
03-07 22:52:46.377 28448 28605 D nativeloader: Load /product/app/MIUISecurityAdd/MIUISecurityAdd.apk!/lib/arm64-v8a/libxcrash.so using class loader ns product-clns-11 (caller=/product/app/MIUISecurityAdd/MIUISecurityAdd.apk!classes3.dex): ok
03-07 22:52:46.377  7731 21756 D plgin_MiuiAudioSwitchCoreManager: receive msg = 111
03-07 22:52:46.377  7731 21756 D plgin_MiuiAudioPlaybackManager: activePlayerState before, uid = ,10374 pid = , 22800 startedCount = ,1 stopedCount = ,0 usages=%s[1]
03-07 22:52:46.377  7731 21756 D plgin_MiuiAudioPlaybackManager: activePlayerState mCurrentFocusUid=10374
03-07 22:52:46.377 13942 24453 I PowerKeeper.Event: noteStartAudioInNeed uid is 10374, sessionid is 3129, port is 583, type is 2
03-07 22:52:46.377  1999  3521 D PAL: ResourceManager: getVirtualAudioMixer: 4887: ar 0xb400007e9415e9b8K audio_virt_mixer 0xb400007ed415aa50K
03-07 22:52:46.378  1999  3521 D PAL: ResourceManager: getVirtualAudioMixer: 4887: ar 0x7cc462e358K audio_virt_mixer 0xb400007ed415aa50K
03-07 22:52:46.378  1999  3521 D PAL: Stream: getSoundCardId: 709: sound card id = 0x0
03-07 22:52:46.378  7731 21756 D plgin_MiuiAudioPlaybackManager: currentTime - mLossAudioFocusTime  184
03-07 22:52:46.380 21216 21216 W BtAudioPlaybackCallback: onPlaybackConfigChanged() count: 10
03-07 22:52:46.380 21216 21216 W BtAudioPlaybackCallback: onPlaybackConfigChanged() count: 10
03-07 22:52:46.380 21216 21216 W BtAudioPlaybackCallback: handleMessage: MSG_EXECUTE_FUNC
03-07 22:52:46.380 21216 21216 W BtAudioPlaybackCallback: handleMessage: MSG_EXECUTE_FUNC
03-07 22:52:46.380 21216 21496 W BtAudioPlaybackCallback: onPlaybackConfigChanged() count: 10
03-07 22:52:46.380 21216 21496 W BtAudioPlaybackCallback: handleMessage: MSG_EXECUTE_FUNC
03-07 22:52:46.380  7731 21756 D plgin_MiuiAudioPlaybackManager: currentTime - mLossAudioFocusTime  186
03-07 22:52:46.381 13942 24453 I ProcAudioPowerManager: volume is 2, startTime is [0, 0, 102101646, 0, 0, 0, 0, 0, 0, 0, 0, 0, 0, 0, 0, 0]
03-07 22:52:46.381  7731 21756 D plgin_MiuiAudioPlaybackManager: currentTime - mLossAudioFocusTime  187
03-07 22:52:46.382  7731 21756 D plgin_MiuiAudioPlaybackManager: currentTime - mLossAudioFocusTime  188
03-07 22:52:46.382  7731 21756 D plgin_MiuiAudioPlaybackManager: currentTime - mLossAudioFocusTime  188
03-07 22:52:46.383  7731 21756 D plgin_MiuiAudioPlaybackManager: currentTime - mLossAudioFocusTime  188
03-07 22:52:46.383  7731 21756 D plgin_MiuiAudioPlaybackManager: currentTime - mLossAudioFocusTime  189
03-07 22:52:46.383  7731 21756 D plgin_MiuiAudioPlaybackManager: currentTime - mLossAudioFocusTime  189
03-07 22:52:46.383  7731 21756 D plgin_MiuiAudioPlaybackManager: currentTime - mLossAudioFocusTime  189
03-07 22:52:46.383  7731 21756 D plgin_MiuiAudioPlaybackManager: currentTime - mLossAudioFocusTime  189
03-07 22:52:46.383  7731 21756 D plgin_MiuiAudioPlaybackManager: activePlayerState after,, uid=10374, pid=22800, startedCount=1, stopedCount=0, usages=[1]
03-07 22:52:46.383  7731 21756 D plgin_MiuiAudioSwitchCoreManager: receive msg = 111
03-07 22:52:46.383  7731 21756 D plgin_MiuiAudioPlaybackManager: activePlayerState before, uid = ,10374 pid = , 22800 startedCount = ,1 stopedCount = ,0 usages=%s[1]
03-07 22:52:46.383  7731 21756 D plgin_MiuiAudioPlaybackManager: activePlayerState mCurrentFocusUid=10374
03-07 22:52:46.383  7731 21756 D plgin_MiuiAudioPlaybackManager: currentTime - mLossAudioFocusTime  189
03-07 22:52:46.384  7731 21756 D plgin_MiuiAudioPlaybackManager: currentTime - mLossAudioFocusTime  190
03-07 22:52:46.384  7731 21756 D plgin_MiuiAudioPlaybackManager: currentTime - mLossAudioFocusTime  190
03-07 22:52:46.384  7731 21756 D plgin_MiuiAudioPlaybackManager: currentTime - mLossAudioFocusTime  190
03-07 22:52:46.384  7731 21756 D plgin_MiuiAudioPlaybackManager: currentTime - mLossAudioFocusTime  190
03-07 22:52:46.385  1999  3521 D AHAL: AudioStream: AutoPerfLock: 192: (Acquired) perf_lock_handle: 0x13ce8, count: 1
03-07 22:52:46.385  1999  3521 D PAL: ResourceManager: getVirtualAudioMixer: 4887: ar 0x7cc462f158K audio_virt_mixer 0xb400007ed415aa50K
03-07 22:52:46.385  7731 21756 D plgin_MiuiAudioPlaybackManager: currentTime - mLossAudioFocusTime  191
03-07 22:52:46.385  7731 21756 D plgin_MiuiAudioPlaybackManager: currentTime - mLossAudioFocusTime  191
03-07 22:52:46.385  7731 21756 D plgin_MiuiAudioPlaybackManager: currentTime - mLossAudioFocusTime  191
03-07 22:52:46.385  7731 21756 D plgin_MiuiAudioPlaybackManager: currentTime - mLossAudioFocusTime  191
03-07 22:52:46.385  7731 21756 D plgin_MiuiAudioPlaybackManager: currentTime - mLossAudioFocusTime  191
03-07 22:52:46.385  7731 21756 D plgin_MiuiAudioPlaybackManager: activePlayerState after,, uid=10374, pid=22800, startedCount=1, stopedCount=0, usages=[1]
03-07 22:52:46.390  1999  3521 D kv_xml_parser: metadata_print:    key[DevicePP_Rx] value[Audio_MBDRC]
03-07 22:52:46.390  1999  3521 D AGM: graph: print_graph_alias: 2563: GKV Alias 126 | StreamRX_PCM_Deep_Buffer_DeviceRX_Speaker_Instance_Instance_1_DevicePP_Rx_Audio_MBDRC
03-07 22:52:46.399  1999  3521 D PAL: PayloadBuilder:  IID:40b6 param_id:8001024 error_code:0 param_size:12
03-07 22:52:46.438  3284  3284 E libsensor-parseRGB: CWB NotifyCWBBufferDone  error 0
03-07 22:52:46.441  1999  3521 I AHAL: AudioStream: configurePalOutputStream: 4513: notify GEF client of device config
03-07 22:52:46.441  1999  3521 D AHAL: AudioStream: ~AutoPerfLock: 202: (release) perf_lock_handle: 0x13ce8, count: 1
03-07 22:52:46.441  1999  3521 D AHAL: AudioStream: ~AutoPerfLock: 206: Releasing perf_lock_handle: 0x13ce8
03-07 22:52:46.441  2201  4214 E AudioFlinger: threadLoop: blocked before threadloop_write() for 42805 msecs, thread 37
03-07 22:52:46.441  2201  4214 I PerfSense: [AudioOut_25] New audio session detected (interval: 42872.32 ms). Resetting performance baseline.
03-07 22:52:46.531  2201  4214 D AudioFlinger: mixer(0xb400007ddcd055d0) throttle end: throttle time(50)
03-07 22:52:46.576 22800 28171 I TDM     : [TDM][I][2026-03-07 22:52:46 576][0x7418cdcd00][(TDataMasterReportManager.cpp:420) HTTPReportProc_Sync] : [KV] respBody = {"error_code":0,"error_msg":"OK","session_id":"06296904e58342ca8801f733b6b5dc60","data":null} 
03-07 22:52:46.648  3284  3284 E libsensor-parseRGB: CWB NotifyCWBBufferDone  error 0
03-07 22:52:46.680 22800 28171 I TDM     : [TDM][I][2026-03-07 22:52:46 680][0x7418cdcd00][(TDataMasterReportManager.cpp:420) HTTPReportProc_Sync] : [KV] respBody = {"error_code":0,"error_msg":"OK","session_id":"06296904e58342ca8801f733b6b5dc60","data":null} 
03-07 22:52:46.766  4801 28353 E Privacy_UpdateManager: handlePrivacyRevokeTask error, 
03-07 22:52:46.780 22800 28171 I TDM     : [TDM][I][2026-03-07 22:52:46 780][0x7418cdcd00][(TDataMasterReportManager.cpp:420) HTTPReportProc_Sync] : [KV] respBody = {"error_code":0,"error_msg":"OK","session_id":"06296904e58342ca8801f733b6b5dc60","data":null} 
03-07 22:52:46.822 21776 27344 D AudioTrackImpl: [audioTrackData][fine] 20s(f:20029 m:0 s:0 k:0 z:0) : pid 21776 uid 10266 sessionId 3121 sr 44100 ch 2 fmt 1 maxAmplitude 15882
03-07 22:52:46.828  4801 28351 E Privacy_UpdateManager: handlePrivacyRevokeTask error, 
03-07 22:52:46.854  3284  3284 E libsensor-parseRGB: CWB NotifyCWBBufferDone  error 0
03-07 22:52:47.064  3284  3284 E libsensor-parseRGB: CWB NotifyCWBBufferDone  error 0
03-07 22:52:47.190  7731 21756 D plgin_MiuiAudioSwitchCoreManager: receive msg = 108
03-07 22:52:47.191  7731 21756 D plgin_MiuiAudioSwitchCoreManager: stopBleScan: scanning: false
03-07 22:52:47.270  3284  8293 E libsensor-parseRGB: CWB NotifyCWBBufferDone  error 0
03-07 22:52:47.272 14701 28135 E SmartPhoneTag_l: error! perf_data file still exist! delete it!
03-07 22:52:47.398 28719 28719 E octvm   : open file error: No such file or directory, still write.
03-07 22:52:47.462 28721 28770 D nativeloader: Load /product/app/MIUISecurityAdd/MIUISecurityAdd.apk!/lib/arm64-v8a/libxcrash.so using class loader ns product-clns-11 (caller=/product/app/MIUISecurityAdd/MIUISecurityAdd.apk!classes3.dex): ok
03-07 22:52:47.477  3284  3284 E libsensor-parseRGB: CWB NotifyCWBBufferDone  error 0
03-07 22:52:47.630  3095 28561 I AudioTrack: stop(sessionID=3129), packageName: com.tencent.tmgp.sgame
03-07 22:52:47.630  3095 28561 D AudioTrack: stop(583): prior state:STATE_ACTIVE
03-07 22:52:47.630  3095 28561 D AudioTrack: stop(583): called with 212992 frames delivered
03-07 22:52:47.685  3284  3284 E libsensor-parseRGB: CWB NotifyCWBBufferDone  error 0
03-07 22:52:47.883 13942 17290 I AudioEffect: getParameter: param: 5, param2: -1
03-07 22:52:47.884 13942 17290 D android.media.audiofx.presenter.QcomEffectPresenter: isSpatialAudioActive: false, from: com.miui.powerkeeper
03-07 22:52:47.886 13942 17290 I AudioEffect: getParameter: param: 5, param2: -1
03-07 22:52:47.886 13942 17290 D android.media.audiofx.presenter.QcomEffectPresenter: isSpatialAudioActive: false, from: com.miui.powerkeeper
03-07 22:52:47.893  3284  8293 E libsensor-parseRGB: CWB NotifyCWBBufferDone  error 0
03-07 22:52:47.931  2201  4214 D AudioFlinger: noteStopAudioInNeed
03-07 22:52:47.932  2201  4214 V AudioPolicyInterfaceImpl: stopOutput()
03-07 22:52:47.932  2686  2826 E BatteryStatsService: note StopAudioToPower BatteryStatsservices10374 22800 3129 583 2
03-07 22:52:47.932  2201  3166 V AudioPolicyInterfaceImpl: doStopOutput
03-07 22:52:47.932  2201  3166 I AudioEffect: disable 0xb400007b56ff3e30
03-07 22:52:47.932  2201  4214 D AudioFlinger: updateWakeLockUids_l AudioOut_25 uids:
03-07 22:52:47.932  2686  2826 D BatteryStatsManagerStub: noteStopAudioInNeed uid is 10374, pid is 22800, session is 3129, port is 583, type is 2
03-07 22:52:47.932  1999 28468 D AHAL: AudioStreamCustom: outUpdateSourceMetadataV7: 1630: track count is 0 for usecase(0: deep-buffer-playback)
03-07 22:52:47.932  2201  3166 I AudioEffect: disable 0xb400007b56ffdb70
03-07 22:52:47.932  2201  3166 I AudioEffect: Destructor 0xb400007b56ffdb70
03-07 22:52:47.933 13942 25033 I PowerKeeper.Event: noteStopAudioInNeed uid is 10374, sessionid is 3129, port is 583, type is 2
03-07 22:52:47.933  2201  3166 I AudioEffect: Destructor 0xb400007b56ff3e30
03-07 22:52:47.934  2201  3166 D APM_AudioPolicyManager: stopOutput portId 583
03-07 22:52:47.934  2201  3166 D APM_AudioPolicyManager: stoptOutput() output 37, portId 583, stream 3, session 3129, sample_rate 48000, format 0x1, channel_mask 0x3, appname com.tencent.tmgp.sgame)
03-07 22:52:47.935  2201  3166 D APM_AudioPolicyManager: setOutputDevices caller stopSource[[portId:9][io:37, deep_buffer]] prevDevice {AUDIO_DEVICE_OUT_SPEAKER, @:}
03-07 22:52:47.937  1999  4230 V EffectMiSound: MiSound_Command EFFECT_CMD_SET_DEVICE: 0x00000002
03-07 22:52:47.938  2201  3166 D AudioFlinger: addEffect_ll(): MiSound added on session 0 and audio IO 13
03-07 22:52:47.938  2201  3166 V EffectModule: command, MiSound cmdCode: 5, mEffectInterface: 0xb400007cc6fef670
03-07 22:52:47.938  1999  4230 V EffectMiSound: MiSound_setParameter() unsupport parameters!
03-07 22:52:47.938 13942 25033 I AudioEffect: commandExecuted(): 0xb40000736d8a0960, cmdCode = 5
03-07 22:52:47.938  2201 16609 I AudioEffect: commandExecuted(): 0xb400007b56fed3d0, cmdCode = 5
03-07 22:52:47.938  2686  8066 I AudioEffect: commandExecuted(): 0xb40000736d967e50, cmdCode = 5
03-07 22:52:47.938  7731  7897 I AudioEffect: commandExecuted(): 0xb40000736d89f240, cmdCode = 5
03-07 22:52:47.938  2201 16609 I AudioEffect: commandExecuted(): 0xb400007b56feb810, cmdCode = 5
03-07 22:52:47.938  2686  8066 I AudioEffect: commandExecuted(): 0xb40000736d9682f0, cmdCode = 5
03-07 22:52:47.938 13942 25033 I AudioEffect: commandExecuted(): 0xb40000736d8a6a80, cmdCode = 5
03-07 22:52:47.940  1999  5742 D DlbEffectQdspDap: setAudioMode(mode = 0)
03-07 22:52:47.940  1999  5742 D AHAL: AudioDevice: GetPalDeviceIds: 3349: haldeviceIds: 1
03-07 22:52:47.940  1999  5742 D AHAL: AudioDevice: GetPalDeviceIds: 3356: Found haldeviceId: 2 and PAL Device ID 3
03-07 22:52:47.940  1999  5742 D AHAL: AudioDevice: GetPalDeviceIds: 3375: devices allocated 1, pal device ids before returning 1
03-07 22:52:47.940  1999  5742 D AHAL: AudioDevice: GetPalDeviceIds: 3349: haldeviceIds: 1
03-07 22:52:47.940  1999  5742 D AHAL: AudioDevice: GetPalDeviceIds: 3356: Found haldeviceId: 2 and PAL Device ID 3
03-07 22:52:47.940  1999  5742 D AHAL: AudioDevice: GetPalDeviceIds: 3375: devices allocated 1, pal device ids before returning 1
03-07 22:52:47.940  1999  5742 D AHAL: AudioDevice: GetPalDeviceIds: 3349: haldeviceIds: 1
03-07 22:52:47.940  1999  5742 D AHAL: AudioDevice: GetPalDeviceIds: 3356: Found haldeviceId: 2 and PAL Device ID 3
03-07 22:52:47.940  1999  5742 D AHAL: AudioDevice: GetPalDeviceIds: 3375: devices allocated 1, pal device ids before returning 1
03-07 22:52:47.941  6316  7463 I QtiOemHookAidl: oemHookRawResponse: serial no: 9497 error: 0length=84
03-07 22:52:47.972  1999  5742 D AHAL: AudioDevice: GetPalDeviceIds: 3349: haldeviceIds: 1
03-07 22:52:47.972  1999  5742 D AHAL: AudioDevice: GetPalDeviceIds: 3356: Found haldeviceId: 2 and PAL Device ID 3
03-07 22:52:47.972  1999  5742 D AHAL: AudioDevice: GetPalDeviceIds: 3375: devices allocated 1, pal device ids before returning 1
03-07 22:52:47.972  1999  5742 D PAL: ResourceManager: getVirtualAudioMixer: 4887: ar 0x7cc4f466e8K audio_virt_mixer 0xb400007ed415aa50K
03-07 22:52:47.974  2201  3166 D AudioFlinger: updateOffloaded() => offload 1 on audio io 13
03-07 22:52:47.974  2686  8066 I AudioEffect: commandExecuted(): 0xb40000736d9682f0, cmdCode = 5
03-07 22:52:47.974 13942 25033 I AudioEffect: commandExecuted(): 0xb40000736d8a6a80, cmdCode = 5
03-07 22:52:47.974  2201 16609 I AudioEffect: commandExecuted(): 0xb400007b56feb810, cmdCode = 5
03-07 22:52:47.974  1999  5742 D AHAL: AudioDevice: GetPalDeviceIds: 3349: haldeviceIds: 1
03-07 22:52:47.974  1999  5742 D AHAL: AudioDevice: GetPalDeviceIds: 3356: Found haldeviceId: 2 and PAL Device ID 3
03-07 22:52:47.974  1999  5742 D AHAL: AudioDevice: GetPalDeviceIds: 3375: devices allocated 1, pal device ids before returning 1
03-07 22:52:47.974  1999  5742 D AHAL: AudioDevice: GetPalDeviceIds: 3349: haldeviceIds: 1
03-07 22:52:47.974  1999  5742 D AHAL: AudioDevice: GetPalDeviceIds: 3356: Found haldeviceId: 2 and PAL Device ID 3
03-07 22:52:47.974  1999  5742 D AHAL: AudioDevice: GetPalDeviceIds: 3375: devices allocated 1, pal device ids before returning 1
03-07 22:52:47.974  1999  5742 D AHAL: AudioDevice: GetPalDeviceIds: 3349: haldeviceIds: 1
03-07 22:52:47.975  1999  5742 D AHAL: AudioDevice: GetPalDeviceIds: 3356: Found haldeviceId: 2 and PAL Device ID 3
03-07 22:52:47.975  1999  5742 D AHAL: AudioDevice: GetPalDeviceIds: 3375: devices allocated 1, pal device ids before returning 1
03-07 22:52:47.975  1999  5742 D AHAL: AudioDevice: GetPalDeviceIds: 3349: haldeviceIds: 1
03-07 22:52:47.975  1999  5742 D AHAL: AudioDevice: GetPalDeviceIds: 3356: Found haldeviceId: 2 and PAL Device ID 3
03-07 22:52:47.975  1999  5742 D AHAL: AudioDevice: GetPalDeviceIds: 3375: devices allocated 1, pal device ids before returning 1
03-07 22:52:47.975  1999  5742 D PAL: ResourceManager: getVirtualAudioMixer: 4887: ar 0x7cc4f46708K audio_virt_mixer 0xb400007ed415aa50K
03-07 22:52:47.977  2201  3166 D AudioFlinger: moveEffectChain_ll: successful move of session 0 from srcThread 0xb400007ddcd49fe8 to dstThread 0xb400007de056dfe8 (2 effects moved, 1 effects started)
03-07 22:52:47.977  2201  3166 W AudioFlinger: moveEffectChain_ll: effect chain for session 0 not on source thread 0xb400007ddcd49fe8
03-07 22:52:47.977  2201  3165 D AudioFlingerImpl: meetingpowerpolicy showMap from other ++++++
03-07 22:52:47.977  2201  3165 D AudioFlingerImpl: meetingpowerpolicy mVoipTxAppCount 0 mTargetRecordMode 0 mSupportMeetingPower 0 mIsSpeakerMic 1
03-07 22:52:47.977  2201  3165 D AudioFlingerImpl: meetingpowerpolicy showMap from other ------
03-07 22:52:47.978  1999  1999 D AHAL: AudioStream: astream_out_set_parameters: 1136: enter: usecase(0: deep-buffer-playback) kvpairs: appname=-com.tencent.tmgp.sgame
03-07 22:52:47.981  1999  1999 D AHAL: AudioStreamCustom: SetParameters: 321: Enter
03-07 22:52:47.981  1999  1999 D AHAL: AudioStreamCustom: SetParameters: 336: Set app name -com.tencent.tmgp.sgame
03-07 22:52:47.981  1999  1999 D AHAL: AudioStreamCustom: updateLpMode: 243: speaker lp mode not changed  mode 0  app_name com.tencent.tmgp.sgame
03-07 22:52:47.981  1999  1999 D AHAL: AudioStreamCustom: platform_set_out_scenario: 65: Enter, CurrentScenario model is 4
03-07 22:52:47.981  1999  1999 D AHAL: AudioStreamCustom: set_scenario: 90: set_scenario mode: 1
03-07 22:52:47.981  1999  1999 D AHAL: AudioStreamCustom: set_scenario: 94: set_scenario notify gef dev 2, channel_mask 0x3, sampleRate 48000, flags 8, mode 0x1
03-07 22:52:47.982  1999  1999 D AHAL: AudioStreamCustom: platform_set_out_scenario: 79: Exit, CurrentScenario model is 1
03-07 22:52:47.982  1999  1999 D AHAL: AudioStream: SetParameters: 3332: enter 
03-07 22:52:47.982  1999  1999 E AHAL: AudioStream: SetParameters: 3343: error 0, failed to get stream and controller
03-07 22:52:47.982  1999  1999 D AHAL: AudioStream: SetParameters: 3380: Exit 0
03-07 22:52:47.982  1999  1999 D AHAL: AudioStreamCustom: SetParameters: 490: Exit: 0
03-07 22:52:47.982  1999  1999 D AHAL: AudioStream: astream_out_set_parameters: 1153: Exit ret: 0
03-07 22:52:48.076  3284  3284 E libsensor-parseRGB: CWB NotifyCWBBufferDone  error 0
03-07 22:52:48.434  3284  3284 E libsensor-parseRGB: CWB NotifyCWBBufferDone  error 0
03-07 22:52:48.498  3095 28561 I AudioTrack: pause(sessionID=3129) pause(583): prior state:STATE_STOPPED packageName: com.tencent.tmgp.sgame
03-07 22:52:48.500 21216 21496 W BtAudioPlaybackCallback: onPlaybackConfigChanged() count: 10
03-07 22:52:48.500 21216 21496 W BtAudioPlaybackCallback: handleMessage: MSG_EXECUTE_FUNC
03-07 22:52:48.500 21216 21216 W BtAudioPlaybackCallback: onPlaybackConfigChanged() count: 10
03-07 22:52:48.500 21216 21216 W BtAudioPlaybackCallback: onPlaybackConfigChanged() count: 10
03-07 22:52:48.500 21216 21216 W BtAudioPlaybackCallback: handleMessage: MSG_EXECUTE_FUNC
03-07 22:52:48.500 21216 21216 W BtAudioPlaybackCallback: handleMessage: MSG_EXECUTE_FUNC
03-07 22:52:48.500  7731 21756 D plgin_MiuiAudioSwitchCoreManager: receive msg = 111
03-07 22:52:48.501  7731 21756 D plgin_MiuiAudioPlaybackManager: activePlayerState before, uid = ,10374 pid = , 22800 startedCount = ,1 stopedCount = ,0 usages=%s[1]
03-07 22:52:48.501  7731 21756 D plgin_MiuiAudioPlaybackManager: activePlayerState mCurrentFocusUid=10374
03-07 22:52:48.501  7731 21756 D plgin_MiuiAudioPlaybackManager: currentTime - mLossAudioFocusTime  2307
03-07 22:52:48.501  7731 21756 D plgin_MiuiAudioPlaybackManager: currentTime - mLossAudioFocusTime  2307
03-07 22:52:48.502  7731 21756 D plgin_MiuiAudioPlaybackManager: currentTime - mLossAudioFocusTime  2308
03-07 22:52:48.502  7731 21756 D plgin_MiuiAudioPlaybackManager: currentTime - mLossAudioFocusTime  2308
03-07 22:52:48.502  7731 21756 D plgin_MiuiAudioPlaybackManager: currentTime - mLossAudioFocusTime  2308
03-07 22:52:48.502  7731 21756 D plgin_MiuiAudioPlaybackManager: currentTime - mLossAudioFocusTime  2308
03-07 22:52:48.502  7731 21756 D plgin_MiuiAudioPlaybackManager: currentTime - mLossAudioFocusTime  2308
03-07 22:52:48.503  7731 21756 D plgin_MiuiAudioPlaybackManager: currentTime - mLossAudioFocusTime  2309
03-07 22:52:48.503  7731 21756 D plgin_MiuiAudioPlaybackManager: currentTime - mLossAudioFocusTime  2309
03-07 22:52:48.503  7731 21756 D plgin_MiuiAudioPlaybackManager: currentTime - mLossAudioFocusTime  2309
03-07 22:52:48.503  7731 21756 D plgin_MiuiAudioPlaybackManager: activePlayerState after,, uid=10374, pid=22800, startedCount=0, stopedCount=1, usages=[]
03-07 22:52:48.504  2686  6911 I MediaFocusControl: abandonAudioFocus() from uid/pid 10374/22800 clientId=android.media.AudioManager@aff4820 callingPack=com.tencent.tmgp.sgame
03-07 22:52:48.717  3284  8293 E libsensor-parseRGB: CWB NotifyCWBBufferDone  error 0
03-07 22:52:48.845 22800 28409 D Unity   : _sRGB_write_control GL_EXT_texture_norm16 GL_EXT_discard_framebuffer GL_OES_surfaceless_context GL_OVR_multiview GL_OVR_multiview2 GL_EXT_texture_sRGB_R8 GL_KHR_no_error GL_EXT_debug_marker GL_OES_EGL_image_external_essl3 GL_OVR_multiview_multisampled_render_to_texture GL_EXT_buffer_storage GL_EXT_external_buffer GL_EXT_blit_framebuffer_params GL_EXT_clip_cull_distance GL_EXT_protected_textures GL_EXT_shader_non_constant_global_initializers GL_QCOM_texture_foveated GL_QCOM_texture_foveated2 GL_QCOM_texture_foveated_subsampled_layout GL_QCOM_shader_framebuffer_fetch_noncoherent GL_QCOM_shader_framebuffer_fetch_rate GL_EXT_memory_object GL_EXT_memory_object_fd GL_EXT_EGL_image_array GL_NV_shader_noperspective_interpolation GL_KHR_robust_buffer_access_behavior GL_EXT_EGL_image_storage GL_EXT_blend_func_extended GL_EXT_clip_control GL_OES_texture_view GL_EXT_fragment_invocation_density GL_QCOM_motion_estimation GL_QCOM_validate_shader_binary GL_QCOM_YUV_texture_gather GL_QCOM_shading_rate GL_QCOM_frame_extrapola
03-07 22:52:48.923 11784 29488 I AIRC_CognitionEnableManager: AudioCognition enable: true
03-07 22:52:48.923  6577  7410 D QmsMsgTunnelStrategy[0] : processQmsResponse serial: 1005 errorCode: 0
03-07 22:52:48.927 11784 29488 I AIRC_AudioCognition: dispatchEvent needHandle:false, event:CellInfoChangeEvent
03-07 22:52:49.048  2686  5788 E ProcessManager: error write exception log
03-07 22:52:49.109  3284  3284 E libsensor-parseRGB: CWB NotifyCWBBufferDone  error 0
03-07 22:52:49.189 22800 28409 W [CrashSightReport]: appContext: not null, appId: f4f1ae20c0, isDebug: false, crashSightStrategy: not null
03-07 22:52:49.190  7731 21756 D plgin_MiuiAudioSwitchCoreManager: receive msg = 103
03-07 22:52:49.308  3284  3284 E libsensor-parseRGB: CWB NotifyCWBBufferDone  error 0
03-07 22:52:49.355 22800 28409 D nativeloader: Load /data/app/~~cB-Fja595XIMSbW-ScT3nQ==/com.tencent.tmgp.sgame-0c5mqGt83QeTd_GFCTJ55w==/lib/arm64/libAkSoundEngine.so using class loader ns clns-10 (caller=/data/app/~~cB-Fja595XIMSbW-ScT3nQ==/com.tencent.tmgp.sgame-0c5mqGt83QeTd_GFCTJ55w==/base.apk!classes3.dex): ok
03-07 22:52:49.515  3284  8293 E libsensor-parseRGB: CWB NotifyCWBBufferDone  error 0
03-07 22:52:49.604 22800 28409 D J4A     : J4ALoader: OK: 'android.media.AudioTrack' loaded
03-07 22:52:49.643  6644 15897 I SafeBinderCall: queryActiveAudioSession binder cost:0
03-07 22:52:49.643  6644 15897 I ActiveAudioSessionManager_export-api: stopPositionCallbackTask
03-07 22:52:49.644  6644 15897 I SafeBinderCall: getServiceVersion error binder cost:0
03-07 22:52:49.644  6644 15897 D MiPlayDetailViewModel: updateAudioSession false
03-07 22:52:49.678 21950 22007 E Wth2:WeatherProvider: getFirstSelectedCity() error 
03-07 22:52:49.678 21950 22007 E Wth2:WeatherProvider: getFirstSelectedCity() error 
03-07 22:52:49.682 21950 22007 E Wth2:WeatherProvider: getFirstSelectedCity() error 
03-07 22:52:49.715  3284  3284 E libsensor-parseRGB: CWB NotifyCWBBufferDone  error 0
03-07 22:52:49.767  6644 25609 I SafeBinderCall: queryActiveAudioSession binder cost:0
03-07 22:52:49.768  6644 25609 I ActiveAudioSessionManager_export-api: stopPositionCallbackTask
03-07 22:52:49.768  6644 25609 I SafeBinderCall: getServiceVersion error binder cost:0
03-07 22:52:49.768  6644 25609 D MiPlayDetailViewModel: updateAudioSession false
03-07 22:52:49.792  1999  5742 D AHAL: AudioStream: astream_out_standby: 775: enter: stream (0xb400007da4167310), usecase(0: deep-buffer-playback)
03-07 22:52:49.792  1999  5742 D AHAL: AudioStreamCustom: Standby: 770: usecase_ is 0
03-07 22:52:49.792  1999  5742 D AHAL: AudioStreamCustom: Standby: 779: onetrack rbis
03-07 22:52:49.792  1999  5742 D AHAL: AudioDeviceCustom: setSpkLpMode: 1599: set spk lp-mode to 0
03-07 22:52:49.792  1999  5742 D AHAL: AudioStream: Standby: 2694: Enter
03-07 22:52:49.797  1999  5742 D PAL: ResourceManager: getVirtualAudioMixer: 4887: ar 0x7cc4f46108K audio_virt_mixer 0xb400007ed415aa50K
03-07 22:52:49.797  1999  5742 D kv_xml_parser: metadata_print:    key[DevicePP_Rx] value[Audio_MBDRC]
03-07 22:52:49.823  1999  5742 D PAL: ResourceManager: HandleConcurrencyForSoundTriggerStreams: 5901: Enter, stream type 2 (PAL_STREAM_DEEP_BUFFER), direction 1, active 0
03-07 22:52:49.823  1999  5742 I PAL: ResourceManager: HandleConcurrencyForSoundTriggerStreams: 5965: Update use lpi flag to 1
03-07 22:52:49.823  1999  5742 D PAL: ResourceManager: HandleConcurrencyForSoundTriggerStreams: 5971: Exit
03-07 22:52:49.823  1999  5742 D AHAL: AudioStream: Standby: 2777: Exit ret: 0
03-07 22:52:49.823  1999  5742 D AHAL: AudioStream: astream_out_standby: 787: Exit ret: 0
03-07 22:52:49.918  2686  7099 D AS.AudioService: mSupportFakeHfpApp{com.ss.android.ugc.aweme=0, com.microsoft.teams=0, com.baidu.BaiduMap=0, com.systec.umeeting=0, com.cisco.webex.meetings=0, com.tencent.mobileqq=0, com.skype.raider=0, com.instagram.android=0, com.ss.android.lark.kami=0, com.zhiliaoapp.musically=0, com.skype.rover=0, com.smile.gifmaker=0, com.ss.android.lark.saxmsa667=0, com.tencent.wemeet.app=0, com.mediatek.engineermode=0, com.ss.android.ugc.aweme.lite=0, com.alibaba.android.rimet=0, com.autonavi.minimap=0, com.whatsapp=0, com.immomo.momo=0, com.facebook.katana=0, com.taobao.idlefish=0, com.tencent.lolm=0, com.tencent.mf.uam=0, com.xingin.xhs=0, com.cisco.wx2.android=0, com.tencent.tmgp.sgame=0, com.tencent.tmgp.pubgmhd=0, com.ss.android.lark=0, im.yixin=0} packageName com.tencent.tmgp.sgame appVersion 1102010103 mSupportFakeHfpApp.get(packageName) 0
03-07 22:52:49.924  3284  8293 E libsensor-parseRGB: CWB NotifyCWBBufferDone  error 0
03-07 22:52:49.975  3095 28561 I AudioTrack: pause(sessionID=3129) pause(583): prior state:STATE_STOPPED packageName: com.tencent.tmgp.sgame
03-07 22:52:49.975  3095 28561 I AudioTrack: stop(sessionID=3129), packageName: com.tencent.tmgp.sgame
03-07 22:52:49.975  3095 28561 D AudioTrack: stop(583): prior state:STATE_FLUSHED
03-07 22:52:49.975  2201  4214 D AudioFlinger: updateWakeLockUids_l AudioOut_25 uids:
03-07 22:52:50.026  3095 16906 I AudioTrack: stop(sessionID=3129), packageName: com.tencent.tmgp.sgame
03-07 22:52:50.026  3095 16906 D AudioTrack: stop(583): prior state:STATE_FLUSHED
03-07 22:52:50.026  3095 16906 I AudioTrack: stop(sessionID=3129), packageName: com.tencent.tmgp.sgame
03-07 22:52:50.026  3095 16906 D AudioTrack: stop(583): prior state:STATE_FLUSHED
03-07 22:52:50.027  3095 16906 D AudioTrack: ~AudioTrack(sessionID=3129)
03-07 22:52:50.027  3095 16906 I AudioTrack: stop(sessionID=3129), packageName: com.tencent.tmgp.sgame
03-07 22:52:50.027  3095 16906 D AudioTrack: stop(583): prior state:STATE_FLUSHED
03-07 22:52:50.028  2201  5737 V AudioPolicyInterfaceImpl: releaseOutput()
03-07 22:52:50.029  3095 16906 D AudioSink: delete mCallbackData at ~AudioOutput
03-07 22:52:50.029  2201  3166 V AudioPolicyInterfaceImpl: doReleaseOutput from tid 3166
