03-07 22:51:21.677  3284  3490 E libsensor-parseRGB: CWB NotifyCWBBufferDone  error 0
03-07 22:51:21.876  3284  3490 E libsensor-parseRGB: CWB NotifyCWBBufferDone  error 0
03-07 22:51:22.081  3284  3490 E libsensor-parseRGB: CWB NotifyCWBBufferDone  error 0
03-07 22:51:22.292  3284  3284 E libsensor-parseRGB: CWB NotifyCWBBufferDone  error 0
03-07 22:51:22.493  3284  3490 E libsensor-parseRGB: CWB NotifyCWBBufferDone  error 0
03-07 22:51:22.517  6316  7463 I QtiOemHookAidl: oemHookRawResponse: serial no: 9467 error: 0length=0
03-07 22:51:22.535  6316  6355 I QtiOemHookAidl: oemHookRawResponse: serial no: 9468 error: 0length=20
03-07 22:51:22.699  3284  8293 E libsensor-parseRGB: CWB NotifyCWBBufferDone  error 0
03-07 22:51:22.716  6316  7463 I QtiOemHookAidl: oemHookRawResponse: serial no: 9469 error: 0length=0
03-07 22:51:22.739  6316  6355 I QtiOemHookAidl: oemHookRawResponse: serial no: 9470 error: 0length=20
03-07 22:51:22.832  5942  8023 D RecentsTaskLoader: reloadTasksData [TaskKey{id=435, stackId=0, baseIntent=Intent { flg=0x10000000 cmp=com.wordland/.ui.MainActivity }, userId=0, lastActiveTime=102018083, windowingMode=1, isThumbnailBlur=false, isAccessLocked=false, isScreening=false, topActivity=ComponentInfo{com.wordland/com.wordland.ui.MainActivity}, mHashCode=13882637}, title=Wordland, titleDescription=Wordland, bounds=null, isLaunchTarget=true, isStackTask=true, isSystemApp=false, isDockable=true, baseActivity=ComponentInfo{com.wordland/com.wordland.ui.MainActivity}, isLocked=false, mNeedHide=false, hasMultipleTasks=false, cti1Key=, cti2Key=, cti1Task=, cti2Task=] 
03-07 22:51:22.909  3284  3284 E libsensor-parseRGB: CWB NotifyCWBBufferDone  error 0
03-07 22:51:22.959  5942  8023 D RecentsTaskLoader: reloadTasksData [TaskKey{id=435, stackId=0, baseIntent=Intent { flg=0x10000000 cmp=com.wordland/.ui.MainActivity }, userId=0, lastActiveTime=102018083, windowingMode=1, isThumbnailBlur=false, isAccessLocked=false, isScreening=false, topActivity=ComponentInfo{com.wordland/com.wordland.ui.MainActivity}, mHashCode=13882637}, title=Wordland, titleDescription=Wordland, bounds=null, isLaunchTarget=true, isStackTask=true, isSystemApp=false, isDockable=true, baseActivity=ComponentInfo{com.wordland/com.wordland.ui.MainActivity}, isLocked=false, mNeedHide=false, hasMultipleTasks=false, cti1Key=, cti2Key=, cti1Task=, cti2Task=] 
03-07 22:51:22.988 13942 25029 D PowerKeeper.Audio: onForegroundInfoChanged mSubScreenUid=-1
03-07 22:51:22.992 21216 21594 I BluetoothAdapterService: getActiveDevices: CallAudio device: null
03-07 22:51:22.993 21216 21594 I BluetoothAdapterService: getActiveDevices: LeAudio devices: Lead[null] - member_1[null]
03-07 22:51:22.993  2201  5719 D AudioFlingerImpl: setGameParameters keyvalue: bluetoothlowlatencystatus=false;foregroundUid=10266
03-07 22:51:22.995  1999  2071 D AHAL: AudioDeviceCustom: SetParameters: 134: SetParameters bluetoothlowlatencystatus=false;foregroundUid=10266
03-07 22:51:22.995  1999  2071 D AHAL: AudioDeviceCustom: SetParameters: 447: AUDIO_MODE_RINGTONE 1 speaker_number  mode 0
03-07 22:51:22.995  1999  2071 D AHAL: AudioDevice: SetParameters: 1763: Enter: kvpairs is bluetoothlowlatencystatus=false;foregroundUid=10266
03-07 22:51:22.995  1999  2071 D AHAL: AudioVoice: VoiceSetParameters: 215: Enter params: bluetoothlowlatencystatus=false;foregroundUid=10266
03-07 22:51:22.995  1999  2071 D AHAL: AudioVoice: VoiceSetParameters: 682: Exit ret: 0
03-07 22:51:22.995  1999  2071 D AHAL: AudioDevice: SetParameters: 2904: Exit: -2
03-07 22:51:22.999  2686  8056 D AS.AudioService: mSupportFakeHfpApp{com.ss.android.ugc.aweme=0, com.microsoft.teams=0, com.baidu.BaiduMap=0, com.systec.umeeting=0, com.cisco.webex.meetings=0, com.tencent.mobileqq=0, com.skype.raider=0, com.instagram.android=0, com.ss.android.lark.kami=0, com.zhiliaoapp.musically=0, com.skype.rover=0, com.smile.gifmaker=0, com.ss.android.lark.saxmsa667=0, com.tencent.wemeet.app=0, com.mediatek.engineermode=0, com.ss.android.ugc.aweme.lite=0, com.alibaba.android.rimet=0, com.autonavi.minimap=0, com.whatsapp=0, com.immomo.momo=0, com.facebook.katana=0, com.taobao.idlefish=0, com.tencent.lolm=0, com.tencent.mf.uam=0, com.xingin.xhs=0, com.cisco.wx2.android=0, com.tencent.tmgp.sgame=0, com.tencent.tmgp.pubgmhd=0, com.ss.android.lark=0, im.yixin=0} packageName com.android.bluetooth appVersion 36 mSupportFakeHfpApp.get(packageName) null
03-07 22:51:22.999 21216 21594 D BluetoothLatencyMode: isWiredAudioHeadset.type: 1
03-07 22:51:22.999 21216 21594 D BluetoothLatencyMode: isWiredAudioHeadset.type: 2
03-07 22:51:22.999 21216 21594 D BluetoothLatencyMode: isWiredAudioHeadset.type: 18
03-07 22:51:23.043 21776 26883 D nativeloader: Load /data/app/~~iVqaES5k3COv-36LSVs3UA==/com.miui.newhome-pLHFxkRQxT3nrhM8o8bp_Q==/lib/arm64/libxcrash.so using class loader ns clns-11 (caller=/data/app/~~iVqaES5k3COv-36LSVs3UA==/com.miui.newhome-pLHFxkRQxT3nrhM8o8bp_Q==/base.apk!classes3.dex): ok
03-07 22:51:23.065  5942  8023 D RecentsTaskLoader: reloadTasksData [TaskKey{id=435, stackId=0, baseIntent=Intent { flg=0x10000000 cmp=com.wordland/.ui.MainActivity }, userId=0, lastActiveTime=102018083, windowingMode=1, isThumbnailBlur=false, isAccessLocked=false, isScreening=false, topActivity=ComponentInfo{com.wordland/com.wordland.ui.MainActivity}, mHashCode=13882637}, title=Wordland, titleDescription=Wordland, bounds=null, isLaunchTarget=true, isStackTask=true, isSystemApp=false, isDockable=true, baseActivity=ComponentInfo{com.wordland/com.wordland.ui.MainActivity}, isLocked=false, mNeedHide=false, hasMultipleTasks=false, cti1Key=, cti2Key=, cti1Task=, cti2Task=] 
03-07 22:51:23.098  2201  5719 D AudioFlingerImpl: setGameParameters keyvalue: gamebooster=false
03-07 22:51:23.098  1999  2071 D AHAL: AudioDeviceCustom: SetParameters: 134: SetParameters gamebooster=false
03-07 22:51:23.098  1999  2071 D AHAL: AudioDeviceCustom: SetParameters: 447: AUDIO_MODE_RINGTONE 1 speaker_number  mode 0
03-07 22:51:23.098  1999  2071 D AHAL: AudioDevice: SetParameters: 1763: Enter: kvpairs is gamebooster=false
03-07 22:51:23.098  1999  2071 D AHAL: AudioVoice: VoiceSetParameters: 215: Enter params: gamebooster=false
03-07 22:51:23.098  1999  2071 D AHAL: AudioVoice: VoiceSetParameters: 682: Exit ret: 0
03-07 22:51:23.098  1999  2071 D AHAL: AudioDevice: SetParameters: 2904: Exit: -2
03-07 22:51:23.109  3284  3490 E libsensor-parseRGB: CWB NotifyCWBBufferDone  error 0
03-07 22:51:23.147  5942  8023 D RecentsTaskLoader: reloadTasksData [TaskKey{id=435, stackId=0, baseIntent=Intent { flg=0x10000000 cmp=com.wordland/.ui.MainActivity }, userId=0, lastActiveTime=102018083, windowingMode=1, isThumbnailBlur=false, isAccessLocked=false, isScreening=false, topActivity=ComponentInfo{com.wordland/com.wordland.ui.MainActivity}, mHashCode=13882637}, title=Wordland, titleDescription=Wordland, bounds=null, isLaunchTarget=true, isStackTask=true, isSystemApp=false, isDockable=true, baseActivity=ComponentInfo{com.wordland/com.wordland.ui.MainActivity}, isLocked=false, mNeedHide=false, hasMultipleTasks=false, cti1Key=, cti2Key=, cti1Task=, cti2Task=] 
03-07 22:51:23.185 21776 21776 W AudioCapabilities: Unsupported mediaType audio/alac
03-07 22:51:23.185 21776 21776 W AudioCapabilities: Unsupported mediaType audio/x-ape
03-07 22:51:23.185 21776 21776 W AudioCapabilities: Unsupported mediaType audio/dsd
03-07 22:51:23.186 21776 21776 W AudioCapabilities: Unsupported mediaType audio/amr-wb-plus
03-07 22:51:23.186 21776 21776 W AudioCapabilities: Unsupported mediaType audio/amr-wb+
03-07 22:51:23.186 21776 21776 W AudioCapabilities: Unsupported mediaType audio/x-ms-wma
03-07 22:51:23.186 21776 21776 W AudioCapabilities: Unsupported mediaType audio/alac
03-07 22:51:23.186 21776 21776 W AudioCapabilities: Unsupported mediaType audio/x-ape
03-07 22:51:23.186 21776 21776 W AudioCapabilities: Unsupported mediaType audio/aihc
03-07 22:51:23.186 21776 21776 W AudioCapabilities: Unsupported mediaType audio/aihc
03-07 22:51:23.186 21776 21776 W AudioCapabilities: Unsupported mediaType audio/mihc
03-07 22:51:23.186 21776 21776 W AudioCapabilities: Unsupported mediaType audio/mihc
03-07 22:51:23.195 21776 21776 W AudioCapabilities: Unsupported mime audio/alac
03-07 22:51:23.196 21776 21776 W AudioCapabilities: Unsupported mime audio/x-ape
03-07 22:51:23.196 21776 21776 W AudioCapabilities: Unsupported mime audio/dsd
03-07 22:51:23.196 21776 21776 W AudioCapabilities: Unsupported mime audio/amr-wb-plus
03-07 22:51:23.196 21776 21776 W AudioCapabilities: Unsupported mime audio/amr-wb+
03-07 22:51:23.196 21776 21776 W AudioCapabilities: Unsupported mime audio/x-ms-wma
03-07 22:51:23.196 21776 21776 W AudioCapabilities: Unsupported mime audio/alac
03-07 22:51:23.196 21776 21776 W AudioCapabilities: Unsupported mime audio/x-ape
03-07 22:51:23.196 21776 21776 W AudioCapabilities: Unsupported mime audio/aihc
03-07 22:51:23.196 21776 21776 W AudioCapabilities: Unsupported mime audio/aihc
03-07 22:51:23.196 21776 21776 W AudioCapabilities: Unsupported mime audio/aihc
03-07 22:51:23.196 21776 21776 W AudioCapabilities: Unsupported mime audio/aihc
03-07 22:51:23.196 21776 21776 W AudioCapabilities: Unsupported mime audio/mihc
03-07 22:51:23.196 21776 21776 W AudioCapabilities: Unsupported mime audio/mihc
03-07 22:51:23.196 21776 21776 W AudioCapabilities: Unsupported mime audio/mihc
03-07 22:51:23.196 21776 21776 W AudioCapabilities: Unsupported mime audio/mihc
03-07 22:51:23.198  5942  8023 D RecentsTaskLoader: reloadTasksData [TaskKey{id=435, stackId=0, baseIntent=Intent { flg=0x10000000 cmp=com.wordland/.ui.MainActivity }, userId=0, lastActiveTime=102018083, windowingMode=1, isThumbnailBlur=false, isAccessLocked=false, isScreening=false, topActivity=ComponentInfo{com.wordland/com.wordland.ui.MainActivity}, mHashCode=13882637}, title=Wordland, titleDescription=Wordland, bounds=null, isLaunchTarget=true, isStackTask=true, isSystemApp=false, isDockable=true, baseActivity=ComponentInfo{com.wordland/com.wordland.ui.MainActivity}, isLocked=false, mNeedHide=false, hasMultipleTasks=false, cti1Key=, cti2Key=, cti1Task=, cti2Task=] 
03-07 22:51:23.305  2686  2686 D AS.AudioService: adjustSuggestedStreamVolume() stream=-2147483648, flags=4113, caller=android, callingPackage=android, volControlStream=-1, userSelect=false
03-07 22:51:23.313  2686  2686 D AS.AudioService: adjustSuggestedStreamVolume() stream=-2147483648, flags=4113, caller=android, volControlStream=-1, userSelect=false
03-07 22:51:23.318  3284  3490 E libsensor-parseRGB: CWB NotifyCWBBufferDone  error 0
03-07 22:51:23.319  2686  2686 V AS.AudioService: getActiveStreamType: Forcing DEFAULT_VOL_STREAM_NO_PLAYBACK(3) b/c default
03-07 22:51:23.320  2686  2686 D AS.AudioService: Volume controller suppressed adjustment
03-07 22:51:23.320  2686  2686 D AS.AudioService: adjustStreamVolume() stream=3, dir=0, flags=4097, caller=android
03-07 22:51:23.321  2686  2686 D AudioServiceStubImpl: adjustStreamVolume(): SupportSteplessVolume, maxVolume = 150
03-07 22:51:23.402  2686  8066 D AS.AudioService: forceVolumeControlStream(3)
03-07 22:51:23.423  2686  8064 D AS.AudioService: Volume controller visible: true
03-07 22:51:23.437 21776 21776 D AudioSystem: onNewService: media.audio_policy service obtained 0xb4000071bd8c00f0
03-07 22:51:23.438 21776 21776 D AudioSystem: getService: checking for service media.audio_policy: 0xb4000071bd8c00f0
03-07 22:51:23.451 21776 21776 D AudioSystem: onNewServiceWithAdapter: media.audio_flinger service obtained 0xb40000731d98ff60
03-07 22:51:23.451  2201  4167 D AudioFlinger: updateWakeLockUids_l AudioOut_15 uids:
03-07 22:51:23.451  2201  4133 D AudioFlinger: updateWakeLockUids_l AudioOut_D uids:
03-07 22:51:23.451  2201  4196 D AudioFlinger: updateWakeLockUids_l AudioOut_1D uids:
03-07 22:51:23.451  2201  4214 D AudioFlinger: updateWakeLockUids_l AudioOut_25 uids:
03-07 22:51:23.451  2201  4247 D AudioFlinger: updateWakeLockUids_l AudioOut_45 uids:
03-07 22:51:23.451  2201  4250 D AudioFlinger: updateWakeLockUids_l AudioOut_55 uids:
03-07 22:51:23.451 21776 21776 D AudioSystem: getService: checking for service media.audio_flinger: 0xb4000071bd8bfa10
03-07 22:51:23.452  2201  8570 D AudioFlinger: updateWakeLockUids_l AudioIn_18E uids:
03-07 22:51:23.458  2686  6955 I MediaFocusControl: requestAudioFocus() from uid/pid 10266/21776 AA=USAGE_MEDIA/CONTENT_TYPE_MOVIE clientId=android.media.AudioManager@55db8d9com.google.android.exoplayer2.AudioFocusManager$AudioFocusListener@810029e callingPack=com.miui.newhome req=1 flags=0x0 sdk=35
03-07 22:51:23.459  7731  7731 D plgin_MiuiAudioPlaybackManager: AudioFocusMonitor: onAudioFocusGrant, pkg: ,com.miui.newhome uid: ,10266 requestResult: 1
03-07 22:51:23.459  7731  7731 D plgin_MiuiAudioPlaybackManager: AudioFocusMonitor: onAudioFocusGrant getClientId: android.media.AudioManager@55db8d9com.google.android.exoplayer2.AudioFocusManager$AudioFocusListener@810029e
03-07 22:51:23.459  7731  7731 D plgin_MiuiAudioPlaybackManager: audio fouces is changed
03-07 22:51:23.463  2686  2686 D AS.AudioService: adjustSuggestedStreamVolume() stream=-2147483648, flags=4113, caller=android, callingPackage=android, volControlStream=3, userSelect=false
03-07 22:51:23.463  2686  2686 D AS.AudioService: adjustSuggestedStreamVolume() stream=-2147483648, flags=4113, caller=android, volControlStream=3, userSelect=false
03-07 22:51:23.467  2686  2686 V AS.AudioService: getActiveStreamType: Forcing DEFAULT_VOL_STREAM_NO_PLAYBACK(3) b/c default
03-07 22:51:23.468  7731  7731 D plgin_MiuiAudioPlaybackManager: get definded uid audioPlaybackConfiguration, playingConfig = null
03-07 22:51:23.469  2686  2686 D AS.AudioService: Volume controller suppressed adjustment
03-07 22:51:23.469  2686  2686 D AS.AudioService: adjustStreamVolume() stream=3, dir=0, flags=4097, caller=android
03-07 22:51:23.469  2686  2686 D AudioServiceStubImpl: adjustStreamVolume(): SupportSteplessVolume, maxVolume = 150
03-07 22:51:23.484  2686  2686 D AS.AudioService: adjustSuggestedStreamVolume() stream=-2147483648, flags=20497, caller=android, callingPackage=android, volControlStream=3, userSelect=false
03-07 22:51:23.484  2686  2686 D AS.AudioService: adjustSuggestedStreamVolume() stream=-2147483648, flags=20497, caller=android, volControlStream=3, userSelect=false
03-07 22:51:23.486  2686  2686 V AS.AudioService: getActiveStreamType: Forcing DEFAULT_VOL_STREAM_NO_PLAYBACK(3) b/c default
03-07 22:51:23.486  2686  2686 D AS.AudioService: Volume controller suppressed adjustment
03-07 22:51:23.486  2686  2686 D AS.AudioService: adjustStreamVolume() stream=3, dir=0, flags=20481, caller=android
03-07 22:51:23.486  2686  2686 D AudioServiceStubImpl: adjustStreamVolume(): SupportSteplessVolume, maxVolume = 150
03-07 22:51:23.488  2686  8064 D VibratorManagerServiceImpl: attrs = VibrationAttributes{mUsage=TOUCH, mAudioUsage= USAGE_UNKNOWN, mFlags=0}, attrs.usage = 18
03-07 22:51:23.520  3284  3284 E libsensor-parseRGB: CWB NotifyCWBBufferDone  error 0
03-07 22:51:23.534  2686  2686 D AS.AudioService: adjustSuggestedStreamVolume() stream=-2147483648, flags=20497, caller=android, callingPackage=android, volControlStream=3, userSelect=false
03-07 22:51:23.534  2686  2686 D AS.AudioService: adjustSuggestedStreamVolume() stream=-2147483648, flags=20497, caller=android, volControlStream=3, userSelect=false
03-07 22:51:23.535  2686  2686 V AS.AudioService: getActiveStreamType: Forcing DEFAULT_VOL_STREAM_NO_PLAYBACK(3) b/c default
03-07 22:51:23.536  2686  2686 D AS.AudioService: Volume controller suppressed adjustment
03-07 22:51:23.536  2686  2686 D AS.AudioService: adjustStreamVolume() stream=3, dir=0, flags=20481, caller=android
03-07 22:51:23.536  2686  2686 D AudioServiceStubImpl: adjustStreamVolume(): SupportSteplessVolume, maxVolume = 150
03-07 22:51:23.536 21776 26995 I Zeus/download_zeus: response:{"error_no":0,"error_msg":"","data":null} logId:2026030722512303FE8AA99CECA0823095
03-07 22:51:23.543  2686  6955 D VibratorManagerServiceImpl: attrs = VibrationAttributes{mUsage=TOUCH, mAudioUsage= USAGE_UNKNOWN, mFlags=0}, attrs.usage = 18
03-07 22:51:23.547  2686  5369 D VibratorManagerService: Vibration for uid=1000 and with attrs=VibrationAttributes{mUsage=TOUCH, mAudioUsage= USAGE_UNKNOWN, mFlags=0} ended with status CANCELLED_SUPERSEDED
03-07 22:51:23.584  2686  2686 D AS.AudioService: adjustSuggestedStreamVolume() stream=-2147483648, flags=20497, caller=android, callingPackage=android, volControlStream=3, userSelect=false
03-07 22:51:23.584  2686  2686 D AS.AudioService: adjustSuggestedStreamVolume() stream=-2147483648, flags=20497, caller=android, volControlStream=3, userSelect=false
03-07 22:51:23.585  2686  2686 V AS.AudioService: getActiveStreamType: Forcing DEFAULT_VOL_STREAM_NO_PLAYBACK(3) b/c default
03-07 22:51:23.586  2686  2686 D AS.AudioService: Volume controller suppressed adjustment
03-07 22:51:23.586  2686  2686 D AS.AudioService: adjustStreamVolume() stream=3, dir=0, flags=20481, caller=android
03-07 22:51:23.586  2686  2686 D AudioServiceStubImpl: adjustStreamVolume(): SupportSteplessVolume, maxVolume = 150
03-07 22:51:23.594  2686  8064 D VibratorManagerServiceImpl: attrs = VibrationAttributes{mUsage=TOUCH, mAudioUsage= USAGE_UNKNOWN, mFlags=0}, attrs.usage = 18
03-07 22:51:23.600  2686  5369 D VibratorManagerService: Vibration for uid=1000 and with attrs=VibrationAttributes{mUsage=TOUCH, mAudioUsage= USAGE_UNKNOWN, mFlags=0} ended with status CANCELLED_SUPERSEDED
03-07 22:51:23.633  2686  2686 D AS.AudioService: adjustSuggestedStreamVolume() stream=-2147483648, flags=20497, caller=android, callingPackage=android, volControlStream=3, userSelect=false
03-07 22:51:23.634  2686  2686 D AS.AudioService: adjustSuggestedStreamVolume() stream=-2147483648, flags=20497, caller=android, volControlStream=3, userSelect=false
03-07 22:51:23.635  2686  2686 V AS.AudioService: getActiveStreamType: Forcing DEFAULT_VOL_STREAM_NO_PLAYBACK(3) b/c default
03-07 22:51:23.636  2686  2686 D AS.AudioService: Volume controller suppressed adjustment
03-07 22:51:23.636  2686  2686 D AS.AudioService: adjustStreamVolume() stream=3, dir=0, flags=20481, caller=android
03-07 22:51:23.636  2686  2686 D AudioServiceStubImpl: adjustStreamVolume(): SupportSteplessVolume, maxVolume = 150
03-07 22:51:23.638  2686  8064 D VibratorManagerServiceImpl: attrs = VibrationAttributes{mUsage=TOUCH, mAudioUsage= USAGE_UNKNOWN, mFlags=0}, attrs.usage = 18
03-07 22:51:23.643  2686  5369 D VibratorManagerService: Vibration for uid=1000 and with attrs=VibrationAttributes{mUsage=TOUCH, mAudioUsage= USAGE_UNKNOWN, mFlags=0} ended with status CANCELLED_SUPERSEDED
03-07 22:51:23.684  2686  2686 D AS.AudioService: adjustSuggestedStreamVolume() stream=-2147483648, flags=20497, caller=android, callingPackage=android, volControlStream=3, userSelect=false
03-07 22:51:23.684  2686  2686 D AS.AudioService: adjustSuggestedStreamVolume() stream=-2147483648, flags=20497, caller=android, volControlStream=3, userSelect=false
03-07 22:51:23.686  2686  2686 V AS.AudioService: getActiveStreamType: Forcing DEFAULT_VOL_STREAM_NO_PLAYBACK(3) b/c default
03-07 22:51:23.686  2686  2686 D AS.AudioService: Volume controller suppressed adjustment
03-07 22:51:23.686  2686  2686 D AS.AudioService: adjustStreamVolume() stream=3, dir=0, flags=20481, caller=android
03-07 22:51:23.687  2686  2686 D AudioServiceStubImpl: adjustStreamVolume(): SupportSteplessVolume, maxVolume = 150
03-07 22:51:23.692  2686  8064 D VibratorManagerServiceImpl: attrs = VibrationAttributes{mUsage=TOUCH, mAudioUsage= USAGE_UNKNOWN, mFlags=0}, attrs.usage = 18
03-07 22:51:23.696  2686  5369 D VibratorManagerService: Vibration for uid=1000 and with attrs=VibrationAttributes{mUsage=TOUCH, mAudioUsage= USAGE_UNKNOWN, mFlags=0} ended with status CANCELLED_SUPERSEDED
03-07 22:51:23.730  3284  3490 E libsensor-parseRGB: CWB NotifyCWBBufferDone  error 0
03-07 22:51:23.734  2686  2686 D AS.AudioService: adjustSuggestedStreamVolume() stream=-2147483648, flags=20497, caller=android, callingPackage=android, volControlStream=3, userSelect=false
03-07 22:51:23.734  2686  2686 D AS.AudioService: adjustSuggestedStreamVolume() stream=-2147483648, flags=20497, caller=android, volControlStream=3, userSelect=false
03-07 22:51:23.736  2686  2686 V AS.AudioService: getActiveStreamType: Forcing DEFAULT_VOL_STREAM_NO_PLAYBACK(3) b/c default
03-07 22:51:23.736  2686  2686 D AS.AudioService: adjustStreamVolume() stream=3, dir=-1, flags=20497, caller=android
03-07 22:51:23.736  2686  2686 D AudioServiceStubImpl: adjustStreamVolume(): SupportSteplessVolume, maxVolume = 150
03-07 22:51:23.737  2686  2686 D AudioServiceStubImpl: needEnableVoiceVolumeBoost0 ismax=false device=2 alias=3 dir=-1
03-07 22:51:23.737  2686  2686 D AS.AudioService: updateVolumeGroupIndex for stream 10, muted=false, device=2, index=132, group accessibility Muted=false, Index=13, forceMuteState=false
03-07 22:51:23.737  2686  2686 D AudioServiceStubImpl: setMusicMuteState: 132 stream: 10 device: 2
03-07 22:51:23.742  7731 21756 D plgin_MiuiAudioSwitchCoreManager: receive msg = 109
03-07 22:51:23.742  7731 21756 D plgin_MiuiAudioSwitchCoreManager: receive action= android.media.VOLUME_CHANGED_ACTION
03-07 22:51:23.744  2686  2686 D AS.AudioService: updateVolumeGroupIndex for stream 9, muted=false, device=2, index=131, group tts Muted=false, Index=13, forceMuteState=false
03-07 22:51:23.744  2686  2686 D AudioServiceStubImpl: setMusicMuteState: 131 stream: 9 device: 2
03-07 22:51:23.744  2686  2686 D AS.AudioService: updateVolumeGroupIndex for stream 3, muted=false, device=2, index=1310, group music Muted=false, Index=131, forceMuteState=false
03-07 22:51:23.745  2686  2686 D AudioServiceStubImpl: setMusicMuteState: 1310 stream: 3 device: 2
03-07 22:51:23.745  2686  2686 D AudioServiceStubImpl: setMusicMuteState: false mMusicMuted: false
03-07 22:51:23.749  7731 21756 D plgin_MiuiAudioSwitchCoreManager: receive msg = 109
03-07 22:51:23.749  7731 21756 D plgin_MiuiAudioSwitchCoreManager: receive action= android.media.VOLUME_CHANGED_ACTION
03-07 22:51:23.749  2686  5663 D AS.AudioService: setStreamVolumeIndexAS(streamType=3, index=131, muted=false, device=2)
03-07 22:51:23.751  2686 27092 D AudioServiceStubImpl: setStreamMusicOrBluetoothScoIndex : stream=3 index=131 device=2
03-07 22:51:23.751  2686 27092 D AudioServiceStubImpl: getDeviceToString : device=2
03-07 22:51:23.751  2201  5737 D AudioFlingerImpl: setGameParameters keyvalue: audio.volume.stream.music.device.speaker=13
03-07 22:51:23.752  1999  5742 D AHAL: AudioDeviceCustom: SetParameters: 134: SetParameters audio.volume.stream.music.device.speaker=13
03-07 22:51:23.754  7731 21756 D plgin_MiuiAudioSwitchCoreManager: receive msg = 109
03-07 22:51:23.754  7731 21756 D plgin_MiuiAudioSwitchCoreManager: receive action= android.media.VOLUME_CHANGED_ACTION
03-07 22:51:23.764  2686  5369 D VibratorManagerService: Vibration for uid=1000 and with attrs=VibrationAttributes{mUsage=TOUCH, mAudioUsage= USAGE_UNKNOWN, mFlags=0} ended with status FINISHED
03-07 22:51:23.768  2686  5663 D AS.AudioService: setStreamVolumeIndexAS(streamType=10, index=13, muted=false, device=2)
03-07 22:51:23.770  2686  5663 D AS.AudioService: setStreamVolumeIndexAS(streamType=9, index=13, muted=false, device=2)
03-07 22:51:23.780  2686  5873 D AS.AudioService: mSupportFakeHfpApp{com.ss.android.ugc.aweme=0, com.microsoft.teams=0, com.baidu.BaiduMap=0, com.systec.umeeting=0, com.cisco.webex.meetings=0, com.tencent.mobileqq=0, com.skype.raider=0, com.instagram.android=0, com.ss.android.lark.kami=0, com.zhiliaoapp.musically=0, com.skype.rover=0, com.smile.gifmaker=0, com.ss.android.lark.saxmsa667=0, com.tencent.wemeet.app=0, com.mediatek.engineermode=0, com.ss.android.ugc.aweme.lite=0, com.alibaba.android.rimet=0, com.autonavi.minimap=0, com.whatsapp=0, com.immomo.momo=0, com.facebook.katana=0, com.taobao.idlefish=0, com.tencent.lolm=0, com.tencent.mf.uam=0, com.xingin.xhs=0, com.cisco.wx2.android=0, com.tencent.tmgp.sgame=0, com.tencent.tmgp.pubgmhd=0, com.ss.android.lark=0, im.yixin=0} packageName android appVersion 36 mSupportFakeHfpApp.get(packageName) null
03-07 22:51:23.785  2686  2686 D AS.AudioService: adjustSuggestedStreamVolume() stream=-2147483648, flags=20497, caller=android, callingPackage=android, volControlStream=3, userSelect=false
03-07 22:51:23.785  2686  2686 D AS.AudioService: adjustSuggestedStreamVolume() stream=-2147483648, flags=20497, caller=android, volControlStream=3, userSelect=false
03-07 22:51:23.786  2686  2686 V AS.AudioService: getActiveStreamType: Forcing DEFAULT_VOL_STREAM_NO_PLAYBACK(3) b/c default
03-07 22:51:23.786  2686  2686 D AS.AudioService: adjustStreamVolume() stream=3, dir=-1, flags=20497, caller=android
03-07 22:51:23.787  2686  2686 D AudioServiceStubImpl: adjustStreamVolume(): SupportSteplessVolume, maxVolume = 150
03-07 22:51:23.787  2686  2686 D AudioServiceStubImpl: needEnableVoiceVolumeBoost0 ismax=false device=2 alias=3 dir=-1
03-07 22:51:23.787  2686  2686 D AS.AudioService: updateVolumeGroupIndex for stream 10, muted=false, device=2, index=123, group accessibility Muted=false, Index=12, forceMuteState=false
03-07 22:51:23.787  2686  2686 D AudioServiceStubImpl: setMusicMuteState: 123 stream: 10 device: 2
03-07 22:51:23.788  2686  2686 D AS.AudioService: updateVolumeGroupIndex for stream 9, muted=false, device=2, index=121, group tts Muted=false, Index=12, forceMuteState=false
03-07 22:51:23.788  2686  2686 D AudioServiceStubImpl: setMusicMuteState: 121 stream: 9 device: 2
03-07 22:51:23.789  2686  2686 D AS.AudioService: updateVolumeGroupIndex for stream 3, muted=false, device=2, index=1210, group music Muted=false, Index=121, forceMuteState=false
03-07 22:51:23.789  2686  2686 D AudioServiceStubImpl: setMusicMuteState: 1210 stream: 3 device: 2
03-07 22:51:23.789  2686  2686 D AudioServiceStubImpl: setMusicMuteState: false mMusicMuted: false
03-07 22:51:23.795  2686  6955 D VibratorManagerServiceImpl: attrs = VibrationAttributes{mUsage=TOUCH, mAudioUsage= USAGE_UNKNOWN, mFlags=0}, attrs.usage = 18
03-07 22:51:23.809  7731 21756 D plgin_MiuiAudioSwitchCoreManager: receive msg = 109
03-07 22:51:23.809  7731 21756 D plgin_MiuiAudioSwitchCoreManager: receive action= android.media.VOLUME_CHANGED_ACTION
03-07 22:51:23.809  7731 21756 D plgin_MiuiAudioSwitchCoreManager: receive msg = 109
03-07 22:51:23.809  7731 21756 D plgin_MiuiAudioSwitchCoreManager: receive action= android.media.VOLUME_CHANGED_ACTION
03-07 22:51:23.810  2686  5663 D AS.AudioService: setStreamVolumeIndexAS(streamType=3, index=121, muted=false, device=2)
03-07 22:51:23.813  2686  5663 D AS.AudioService: setStreamVolumeIndexAS(streamType=10, index=12, muted=false, device=2)
03-07 22:51:23.814  2686  5663 D AS.AudioService: setStreamVolumeIndexAS(streamType=9, index=12, muted=false, device=2)
03-07 22:51:23.818  2686 27101 D AudioServiceStubImpl: setStreamMusicOrBluetoothScoIndex : stream=3 index=121 device=2
03-07 22:51:23.818  2686 27101 D AudioServiceStubImpl: getDeviceToString : device=2
03-07 22:51:23.819  2201  5737 D AudioFlingerImpl: setGameParameters keyvalue: audio.volume.stream.music.device.speaker=12
03-07 22:51:23.819  2686  5873 D AS.AudioService: mSupportFakeHfpApp{com.ss.android.ugc.aweme=0, com.microsoft.teams=0, com.baidu.BaiduMap=0, com.systec.umeeting=0, com.cisco.webex.meetings=0, com.tencent.mobileqq=0, com.skype.raider=0, com.instagram.android=0, com.ss.android.lark.kami=0, com.zhiliaoapp.musically=0, com.skype.rover=0, com.smile.gifmaker=0, com.ss.android.lark.saxmsa667=0, com.tencent.wemeet.app=0, com.mediatek.engineermode=0, com.ss.android.ugc.aweme.lite=0, com.alibaba.android.rimet=0, com.autonavi.minimap=0, com.whatsapp=0, com.immomo.momo=0, com.facebook.katana=0, com.taobao.idlefish=0, com.tencent.lolm=0, com.tencent.mf.uam=0, com.xingin.xhs=0, com.cisco.wx2.android=0, com.tencent.tmgp.sgame=0, com.tencent.tmgp.pubgmhd=0, com.ss.android.lark=0, im.yixin=0} packageName android appVersion 36 mSupportFakeHfpApp.get(packageName) null
03-07 22:51:23.821  2686  8064 D VibratorManagerServiceImpl: attrs = VibrationAttributes{mUsage=TOUCH, mAudioUsage= USAGE_UNKNOWN, mFlags=0}, attrs.usage = 18
03-07 22:51:23.821  1999  5742 D AHAL: AudioDeviceCustom: SetParameters: 134: SetParameters audio.volume.stream.music.device.speaker=12
03-07 22:51:23.825  7731 21756 D plgin_MiuiAudioSwitchCoreManager: receive msg = 109
03-07 22:51:23.825  7731 21756 D plgin_MiuiAudioSwitchCoreManager: receive action= android.media.VOLUME_CHANGED_ACTION
03-07 22:51:23.830  2686  5369 D VibratorManagerService: Vibration for uid=1000 and with attrs=VibrationAttributes{mUsage=TOUCH, mAudioUsage= USAGE_UNKNOWN, mFlags=0} ended with status CANCELLED_SUPERSEDED
03-07 22:51:23.835  2686  2686 D AS.AudioService: adjustSuggestedStreamVolume() stream=-2147483648, flags=20497, caller=android, callingPackage=android, volControlStream=3, userSelect=false
03-07 22:51:23.835  2686  2686 D AS.AudioService: adjustSuggestedStreamVolume() stream=-2147483648, flags=20497, caller=android, volControlStream=3, userSelect=false
03-07 22:51:23.837  2686  2686 V AS.AudioService: getActiveStreamType: Forcing DEFAULT_VOL_STREAM_NO_PLAYBACK(3) b/c default
03-07 22:51:23.838  2686  2686 D AS.AudioService: adjustStreamVolume() stream=3, dir=-1, flags=20497, caller=android
03-07 22:51:23.838  2686  2686 D AudioServiceStubImpl: adjustStreamVolume(): SupportSteplessVolume, maxVolume = 150
03-07 22:51:23.838  2686  2686 D AudioServiceStubImpl: needEnableVoiceVolumeBoost0 ismax=false device=2 alias=3 dir=-1
03-07 22:51:23.838  2686  2686 D AS.AudioService: updateVolumeGroupIndex for stream 10, muted=false, device=2, index=114, group accessibility Muted=false, Index=11, forceMuteState=false
03-07 22:51:23.838  2686  2686 D AudioServiceStubImpl: setMusicMuteState: 114 stream: 10 device: 2
03-07 22:51:23.840  2686  2686 D AS.AudioService: updateVolumeGroupIndex for stream 9, muted=false, device=2, index=111, group tts Muted=false, Index=11, forceMuteState=false
03-07 22:51:23.840  2686  2686 D AudioServiceStubImpl: setMusicMuteState: 111 stream: 9 device: 2
03-07 22:51:23.844  7731 21756 D plgin_MiuiAudioSwitchCoreManager: receive msg = 109
03-07 22:51:23.844  7731 21756 D plgin_MiuiAudioSwitchCoreManager: receive action= android.media.VOLUME_CHANGED_ACTION
03-07 22:51:23.845  2686  2686 D AS.AudioService: updateVolumeGroupIndex for stream 3, muted=false, device=2, index=1110, group music Muted=false, Index=111, forceMuteState=false
03-07 22:51:23.845  2686  2686 D AudioServiceStubImpl: setMusicMuteState: 1110 stream: 3 device: 2
03-07 22:51:23.845  2686  2686 D AudioServiceStubImpl: setMusicMuteState: false mMusicMuted: false
03-07 22:51:23.846  2686  5663 D AS.AudioService: setStreamVolumeIndexAS(streamType=3, index=111, muted=false, device=2)
03-07 22:51:23.847  2686  5663 D AS.AudioService: setStreamVolumeIndexAS(streamType=10, index=11, muted=false, device=2)
03-07 22:51:23.847  2686 27109 D AudioServiceStubImpl: setStreamMusicOrBluetoothScoIndex : stream=3 index=111 device=2
03-07 22:51:23.847  2686 27109 D AudioServiceStubImpl: getDeviceToString : device=2
03-07 22:51:23.847  2201  5719 D AudioFlingerImpl: setGameParameters keyvalue: audio.volume.stream.music.device.speaker=11
03-07 22:51:23.847  1999  3515 D AHAL: AudioDeviceCustom: SetParameters: 134: SetParameters audio.volume.stream.music.device.speaker=11
03-07 22:51:23.851  2686  5663 D AS.AudioService: setStreamVolumeIndexAS(streamType=9, index=11, muted=false, device=2)
03-07 22:51:23.853  2686  5873 D AS.AudioService: mSupportFakeHfpApp{com.ss.android.ugc.aweme=0, com.microsoft.teams=0, com.baidu.BaiduMap=0, com.systec.umeeting=0, com.cisco.webex.meetings=0, com.tencent.mobileqq=0, com.skype.raider=0, com.instagram.android=0, com.ss.android.lark.kami=0, com.zhiliaoapp.musically=0, com.skype.rover=0, com.smile.gifmaker=0, com.ss.android.lark.saxmsa667=0, com.tencent.wemeet.app=0, com.mediatek.engineermode=0, com.ss.android.ugc.aweme.lite=0, com.alibaba.android.rimet=0, com.autonavi.minimap=0, com.whatsapp=0, com.immomo.momo=0, com.facebook.katana=0, com.taobao.idlefish=0, com.tencent.lolm=0, com.tencent.mf.uam=0, com.xingin.xhs=0, com.cisco.wx2.android=0, com.tencent.tmgp.sgame=0, com.tencent.tmgp.pubgmhd=0, com.ss.android.lark=0, im.yixin=0} packageName android appVersion 36 mSupportFakeHfpApp.get(packageName) null
03-07 22:51:23.859  7731 21756 D plgin_MiuiAudioSwitchCoreManager: receive msg = 109
03-07 22:51:23.859  7731 21756 D plgin_MiuiAudioSwitchCoreManager: receive action= android.media.VOLUME_CHANGED_ACTION
03-07 22:51:23.859  7731 21756 D plgin_MiuiAudioSwitchCoreManager: receive msg = 109
03-07 22:51:23.859  7731 21756 D plgin_MiuiAudioSwitchCoreManager: receive action= android.media.VOLUME_CHANGED_ACTION
03-07 22:51:23.873  2686  5333 D VibratorManagerServiceImpl: attrs = VibrationAttributes{mUsage=TOUCH, mAudioUsage= USAGE_UNKNOWN, mFlags=0}, attrs.usage = 18
03-07 22:51:23.880  2686  5369 D VibratorManagerService: Vibration for uid=1000 and with attrs=VibrationAttributes{mUsage=TOUCH, mAudioUsage= USAGE_UNKNOWN, mFlags=0} ended with status CANCELLED_SUPERSEDED
03-07 22:51:23.886  2686  2686 D AS.AudioService: adjustSuggestedStreamVolume() stream=-2147483648, flags=20497, caller=android, callingPackage=android, volControlStream=3, userSelect=false
03-07 22:51:23.887  2686  2686 D AS.AudioService: adjustSuggestedStreamVolume() stream=-2147483648, flags=20497, caller=android, volControlStream=3, userSelect=false
03-07 22:51:23.891  2686  2686 V AS.AudioService: getActiveStreamType: Forcing DEFAULT_VOL_STREAM_NO_PLAYBACK(3) b/c default
03-07 22:51:23.892  2686  2686 D AS.AudioService: adjustStreamVolume() stream=3, dir=-1, flags=20497, caller=android
03-07 22:51:23.892  2686  2686 D AudioServiceStubImpl: adjustStreamVolume(): SupportSteplessVolume, maxVolume = 150
03-07 22:51:23.892  2686  2686 D AudioServiceStubImpl: needEnableVoiceVolumeBoost0 ismax=false device=2 alias=3 dir=-1
03-07 22:51:23.892  2686  2686 D AS.AudioService: updateVolumeGroupIndex for stream 10, muted=false, device=2, index=104, group accessibility Muted=false, Index=10, forceMuteState=false
03-07 22:51:23.892  2686  2686 D AudioServiceStubImpl: setMusicMuteState: 104 stream: 10 device: 2
03-07 22:51:23.894  2686  2686 D AS.AudioService: updateVolumeGroupIndex for stream 9, muted=false, device=2, index=101, group tts Muted=false, Index=10, forceMuteState=false
03-07 22:51:23.894  2686  2686 D AudioServiceStubImpl: setMusicMuteState: 101 stream: 9 device: 2
03-07 22:51:23.900  2686  2686 D AS.AudioService: updateVolumeGroupIndex for stream 3, muted=false, device=2, index=1010, group music Muted=false, Index=101, forceMuteState=false
03-07 22:51:23.900  2686  2686 D AudioServiceStubImpl: setMusicMuteState: 1010 stream: 3 device: 2
03-07 22:51:23.900  2686  2686 D AudioServiceStubImpl: setMusicMuteState: false mMusicMuted: false
03-07 22:51:23.900  7731 21756 D plgin_MiuiAudioSwitchCoreManager: receive msg = 109
03-07 22:51:23.900  7731 21756 D plgin_MiuiAudioSwitchCoreManager: receive action= android.media.VOLUME_CHANGED_ACTION
03-07 22:51:23.904  7731 21756 D plgin_MiuiAudioSwitchCoreManager: receive msg = 109
03-07 22:51:23.907  2686  5663 D AS.AudioService: setStreamVolumeIndexAS(streamType=3, index=101, muted=false, device=2)
03-07 22:51:23.909  2686 27121 D AudioServiceStubImpl: setStreamMusicOrBluetoothScoIndex : stream=3 index=101 device=2
03-07 22:51:23.909  2686 27121 D AudioServiceStubImpl: getDeviceToString : device=2
03-07 22:51:23.909  2686  5663 D AS.AudioService: setStreamVolumeIndexAS(streamType=10, index=10, muted=false, device=2)
03-07 22:51:23.909  2201  5737 D AudioFlingerImpl: setGameParameters keyvalue: audio.volume.stream.music.device.speaker=10
03-07 22:51:23.909  1999  3515 D AHAL: AudioDeviceCustom: SetParameters: 134: SetParameters audio.volume.stream.music.device.speaker=10
03-07 22:51:23.909  7731 21756 D plgin_MiuiAudioSwitchCoreManager: receive action= android.media.VOLUME_CHANGED_ACTION
03-07 22:51:23.909  7731 21756 D plgin_MiuiAudioSwitchCoreManager: receive msg = 109
03-07 22:51:23.909  2686  5663 D AS.AudioService: setStreamVolumeIndexAS(streamType=9, index=10, muted=false, device=2)
03-07 22:51:23.909  7731 21756 D plgin_MiuiAudioSwitchCoreManager: receive action= android.media.VOLUME_CHANGED_ACTION
03-07 22:51:23.914  2686  5873 D AS.AudioService: mSupportFakeHfpApp{com.ss.android.ugc.aweme=0, com.microsoft.teams=0, com.baidu.BaiduMap=0, com.systec.umeeting=0, com.cisco.webex.meetings=0, com.tencent.mobileqq=0, com.skype.raider=0, com.instagram.android=0, com.ss.android.lark.kami=0, com.zhiliaoapp.musically=0, com.skype.rover=0, com.smile.gifmaker=0, com.ss.android.lark.saxmsa667=0, com.tencent.wemeet.app=0, com.mediatek.engineermode=0, com.ss.android.ugc.aweme.lite=0, com.alibaba.android.rimet=0, com.autonavi.minimap=0, com.whatsapp=0, com.immomo.momo=0, com.facebook.katana=0, com.taobao.idlefish=0, com.tencent.lolm=0, com.tencent.mf.uam=0, com.xingin.xhs=0, com.cisco.wx2.android=0, com.tencent.tmgp.sgame=0, com.tencent.tmgp.pubgmhd=0, com.ss.android.lark=0, im.yixin=0} packageName android appVersion 36 mSupportFakeHfpApp.get(packageName) null
03-07 22:51:23.920  2686  8064 D VibratorManagerServiceImpl: attrs = VibrationAttributes{mUsage=TOUCH, mAudioUsage= USAGE_UNKNOWN, mFlags=0}, attrs.usage = 18
03-07 22:51:23.925  2686  5369 D VibratorManagerService: Vibration for uid=1000 and with attrs=VibrationAttributes{mUsage=TOUCH, mAudioUsage= USAGE_UNKNOWN, mFlags=0} ended with status CANCELLED_SUPERSEDED
03-07 22:51:23.937  2686  2686 D AS.AudioService: adjustSuggestedStreamVolume() stream=-2147483648, flags=20497, caller=android, callingPackage=android, volControlStream=3, userSelect=false
03-07 22:51:23.937  2686  2686 D AS.AudioService: adjustSuggestedStreamVolume() stream=-2147483648, flags=20497, caller=android, volControlStream=3, userSelect=false
03-07 22:51:23.938  2686  2686 V AS.AudioService: getActiveStreamType: Forcing DEFAULT_VOL_STREAM_NO_PLAYBACK(3) b/c default
03-07 22:51:23.940  2686  2686 D AS.AudioService: adjustStreamVolume() stream=3, dir=-1, flags=20497, caller=android
03-07 22:51:23.940  2686  2686 D AudioServiceStubImpl: adjustStreamVolume(): SupportSteplessVolume, maxVolume = 150
03-07 22:51:23.940  2686  2686 D AudioServiceStubImpl: needEnableVoiceVolumeBoost0 ismax=false device=2 alias=3 dir=-1
03-07 22:51:23.941  2686  2686 D AS.AudioService: updateVolumeGroupIndex for stream 10, muted=false, device=2, index=95, group accessibility Muted=false, Index=10, forceMuteState=false
03-07 22:51:23.941  2686  2686 D AudioServiceStubImpl: setMusicMuteState: 95 stream: 10 device: 2
03-07 22:51:23.942  2686  2686 D AS.AudioService: updateVolumeGroupIndex for stream 9, muted=false, device=2, index=91, group tts Muted=false, Index=9, forceMuteState=false
03-07 22:51:23.942  2686  2686 D AudioServiceStubImpl: setMusicMuteState: 91 stream: 9 device: 2
03-07 22:51:23.946  2686  2686 D AS.AudioService: updateVolumeGroupIndex for stream 3, muted=false, device=2, index=910, group music Muted=false, Index=91, forceMuteState=false
03-07 22:51:23.946  2686  2686 D AudioServiceStubImpl: setMusicMuteState: 910 stream: 3 device: 2
03-07 22:51:23.946  2686  2686 D AudioServiceStubImpl: setMusicMuteState: false mMusicMuted: false
03-07 22:51:23.947  7731 21756 D plgin_MiuiAudioSwitchCoreManager: receive msg = 109
03-07 22:51:23.947  7731 21756 D plgin_MiuiAudioSwitchCoreManager: receive action= android.media.VOLUME_CHANGED_ACTION
03-07 22:51:23.948  2686  5663 D AS.AudioService: setStreamVolumeIndexAS(streamType=3, index=91, muted=false, device=2)
03-07 22:51:23.950  2686  5663 D AS.AudioService: setStreamVolumeIndexAS(streamType=10, index=10, muted=false, device=2)
03-07 22:51:23.950  2686  5663 D AS.AudioService: setStreamVolumeIndexAS(streamType=9, index=9, muted=false, device=2)
03-07 22:51:23.951  2686 27129 D AudioServiceStubImpl: setStreamMusicOrBluetoothScoIndex : stream=3 index=91 device=2
03-07 22:51:23.951  2686 27129 D AudioServiceStubImpl: getDeviceToString : device=2
03-07 22:51:23.951  2201  5737 D AudioFlingerImpl: setGameParameters keyvalue: audio.volume.stream.music.device.speaker=9
03-07 22:51:23.952  1999  3515 D AHAL: AudioDeviceCustom: SetParameters: 134: SetParameters audio.volume.stream.music.device.speaker=9
03-07 22:51:23.954  3284  3284 E libsensor-parseRGB: CWB NotifyCWBBufferDone  error 0
03-07 22:51:23.968  7731 21756 D plgin_MiuiAudioSwitchCoreManager: receive msg = 109
03-07 22:51:23.968  7731 21756 D plgin_MiuiAudioSwitchCoreManager: receive action= android.media.VOLUME_CHANGED_ACTION
03-07 22:51:23.969  2686  5873 D AS.AudioService: mSupportFakeHfpApp{com.ss.android.ugc.aweme=0, com.microsoft.teams=0, com.baidu.BaiduMap=0, com.systec.umeeting=0, com.cisco.webex.meetings=0, com.tencent.mobileqq=0, com.skype.raider=0, com.instagram.android=0, com.ss.android.lark.kami=0, com.zhiliaoapp.musically=0, com.skype.rover=0, com.smile.gifmaker=0, com.ss.android.lark.saxmsa667=0, com.tencent.wemeet.app=0, com.mediatek.engineermode=0, com.ss.android.ugc.aweme.lite=0, com.alibaba.android.rimet=0, com.autonavi.minimap=0, com.whatsapp=0, com.immomo.momo=0, com.facebook.katana=0, com.taobao.idlefish=0, com.tencent.lolm=0, com.tencent.mf.uam=0, com.xingin.xhs=0, com.cisco.wx2.android=0, com.tencent.tmgp.sgame=0, com.tencent.tmgp.pubgmhd=0, com.ss.android.lark=0, im.yixin=0} packageName android appVersion 36 mSupportFakeHfpApp.get(packageName) null
03-07 22:51:23.975  2686  8064 D VibratorManagerServiceImpl: attrs = VibrationAttributes{mUsage=TOUCH, mAudioUsage= USAGE_UNKNOWN, mFlags=0}, attrs.usage = 18
03-07 22:51:23.975  5942  8023 D RecentsTaskLoader: reloadTasksData [TaskKey{id=435, stackId=0, baseIntent=Intent { flg=0x10000000 cmp=com.wordland/.ui.MainActivity }, userId=0, lastActiveTime=102018083, windowingMode=1, isThumbnailBlur=false, isAccessLocked=false, isScreening=false, topActivity=ComponentInfo{com.wordland/com.wordland.ui.MainActivity}, mHashCode=13882637}, title=Wordland, titleDescription=Wordland, bounds=null, isLaunchTarget=true, isStackTask=true, isSystemApp=false, isDockable=true, baseActivity=ComponentInfo{com.wordland/com.wordland.ui.MainActivity}, isLocked=false, mNeedHide=false, hasMultipleTasks=false, cti1Key=, cti2Key=, cti1Task=, cti2Task=] 
03-07 22:51:23.980  2686  5369 D VibratorManagerService: Vibration for uid=1000 and with attrs=VibrationAttributes{mUsage=TOUCH, mAudioUsage= USAGE_UNKNOWN, mFlags=0} ended with status CANCELLED_SUPERSEDED
03-07 22:51:23.987  2686  2686 D AS.AudioService: adjustSuggestedStreamVolume() stream=-2147483648, flags=20497, caller=android, callingPackage=android, volControlStream=3, userSelect=false
03-07 22:51:23.987  2686  2686 D AS.AudioService: adjustSuggestedStreamVolume() stream=-2147483648, flags=20497, caller=android, volControlStream=3, userSelect=false
03-07 22:51:23.991  2686  2686 V AS.AudioService: getActiveStreamType: Forcing DEFAULT_VOL_STREAM_NO_PLAYBACK(3) b/c default
03-07 22:51:23.991  2686  2686 D AS.AudioService: adjustStreamVolume() stream=3, dir=-1, flags=20497, caller=android
03-07 22:51:23.991  2686  2686 D AudioServiceStubImpl: adjustStreamVolume(): SupportSteplessVolume, maxVolume = 150
03-07 22:51:23.991  2686  2686 D AudioServiceStubImpl: needEnableVoiceVolumeBoost0 ismax=false device=2 alias=3 dir=-1
03-07 22:51:23.991  2686  2686 D AS.AudioService: updateVolumeGroupIndex for stream 10, muted=false, device=2, index=86, group accessibility Muted=false, Index=9, forceMuteState=false
03-07 22:51:23.991  2686  2686 D AudioServiceStubImpl: setMusicMuteState: 86 stream: 10 device: 2
03-07 22:51:23.992  2686  2686 D AS.AudioService: updateVolumeGroupIndex for stream 9, muted=false, device=2, index=81, group tts Muted=false, Index=8, forceMuteState=false
03-07 22:51:23.992  2686  2686 D AudioServiceStubImpl: setMusicMuteState: 81 stream: 9 device: 2
03-07 22:51:23.996  7731 21756 D plgin_MiuiAudioSwitchCoreManager: receive msg = 109
03-07 22:51:23.996  2686  2686 D AS.AudioService: updateVolumeGroupIndex for stream 3, muted=false, device=2, index=810, group music Muted=false, Index=81, forceMuteState=false
03-07 22:51:23.996  2686  2686 D AudioServiceStubImpl: setMusicMuteState: 810 stream: 3 device: 2
03-07 22:51:23.996  2686  2686 D AudioServiceStubImpl: setMusicMuteState: false mMusicMuted: false
03-07 22:51:23.997  7731 21756 D plgin_MiuiAudioSwitchCoreManager: receive action= android.media.VOLUME_CHANGED_ACTION
03-07 22:51:24.000  7731 21756 D plgin_MiuiAudioSwitchCoreManager: receive msg = 109
03-07 22:51:24.000  7731 21756 D plgin_MiuiAudioSwitchCoreManager: receive action= android.media.VOLUME_CHANGED_ACTION
03-07 22:51:24.002  2686  5663 D AS.AudioService: setStreamVolumeIndexAS(streamType=3, index=81, muted=false, device=2)
03-07 22:51:24.002  2686 27136 D AudioServiceStubImpl: setStreamMusicOrBluetoothScoIndex : stream=3 index=81 device=2
03-07 22:51:24.002  2686 27136 D AudioServiceStubImpl: getDeviceToString : device=2
03-07 22:51:24.002  2201  5719 D AudioFlingerImpl: setGameParameters keyvalue: audio.volume.stream.music.device.speaker=8
03-07 22:51:24.003  2686  5663 D AS.AudioService: setStreamVolumeIndexAS(streamType=10, index=9, muted=false, device=2)
03-07 22:51:24.003  2686  5663 D AS.AudioService: setStreamVolumeIndexAS(streamType=9, index=8, muted=false, device=2)
03-07 22:51:24.003  2686  5873 D AS.AudioService: mSupportFakeHfpApp{com.ss.android.ugc.aweme=0, com.microsoft.teams=0, com.baidu.BaiduMap=0, com.systec.umeeting=0, com.cisco.webex.meetings=0, com.tencent.mobileqq=0, com.skype.raider=0, com.instagram.android=0, com.ss.android.lark.kami=0, com.zhiliaoapp.musically=0, com.skype.rover=0, com.smile.gifmaker=0, com.ss.android.lark.saxmsa667=0, com.tencent.wemeet.app=0, com.mediatek.engineermode=0, com.ss.android.ugc.aweme.lite=0, com.alibaba.android.rimet=0, com.autonavi.minimap=0, com.whatsapp=0, com.immomo.momo=0, com.facebook.katana=0, com.taobao.idlefish=0, com.tencent.lolm=0, com.tencent.mf.uam=0, com.xingin.xhs=0, com.cisco.wx2.android=0, com.tencent.tmgp.sgame=0, com.tencent.tmgp.pubgmhd=0, com.ss.android.lark=0, im.yixin=0} packageName android appVersion 36 mSupportFakeHfpApp.get(packageName) null
03-07 22:51:24.004  7731 21756 D plgin_MiuiAudioSwitchCoreManager: receive msg = 109
03-07 22:51:24.004  7731 21756 D plgin_MiuiAudioSwitchCoreManager: receive action= android.media.VOLUME_CHANGED_ACTION
03-07 22:51:24.004  1999  3515 D AHAL: AudioDeviceCustom: SetParameters: 134: SetParameters audio.volume.stream.music.device.speaker=8
03-07 22:51:24.011  2686  6955 D VibratorManagerServiceImpl: attrs = VibrationAttributes{mUsage=TOUCH, mAudioUsage= USAGE_UNKNOWN, mFlags=0}, attrs.usage = 18
03-07 22:51:24.016  2686  5369 D VibratorManagerService: Vibration for uid=1000 and with attrs=VibrationAttributes{mUsage=TOUCH, mAudioUsage= USAGE_UNKNOWN, mFlags=0} ended with status CANCELLED_SUPERSEDED
03-07 22:51:24.038  2686  2686 D AS.AudioService: adjustSuggestedStreamVolume() stream=-2147483648, flags=20497, caller=android, callingPackage=android, volControlStream=3, userSelect=false
03-07 22:51:24.039  2686  2686 D AS.AudioService: adjustSuggestedStreamVolume() stream=-2147483648, flags=20497, caller=android, volControlStream=3, userSelect=false
03-07 22:51:24.040  2686  2686 V AS.AudioService: getActiveStreamType: Forcing DEFAULT_VOL_STREAM_NO_PLAYBACK(3) b/c default
03-07 22:51:24.041  2686  2686 D AS.AudioService: adjustStreamVolume() stream=3, dir=-1, flags=20497, caller=android
03-07 22:51:24.041  2686  2686 D AudioServiceStubImpl: adjustStreamVolume(): SupportSteplessVolume, maxVolume = 150
03-07 22:51:24.041  2686  2686 D AudioServiceStubImpl: needEnableVoiceVolumeBoost0 ismax=false device=2 alias=3 dir=-1
03-07 22:51:24.041  2686  2686 D AS.AudioService: updateVolumeGroupIndex for stream 10, muted=false, device=2, index=76, group accessibility Muted=false, Index=8, forceMuteState=false
03-07 22:51:24.041  2686  2686 D AudioServiceStubImpl: setMusicMuteState: 76 stream: 10 device: 2
03-07 22:51:24.043  2686  2686 D AS.AudioService: updateVolumeGroupIndex for stream 9, muted=false, device=2, index=71, group tts Muted=false, Index=7, forceMuteState=false
03-07 22:51:24.043  2686  2686 D AudioServiceStubImpl: setMusicMuteState: 71 stream: 9 device: 2
03-07 22:51:24.048  7731 21756 D plgin_MiuiAudioSwitchCoreManager: receive msg = 109
03-07 22:51:24.048  2686  2686 D AS.AudioService: updateVolumeGroupIndex for stream 3, muted=false, device=2, index=710, group music Muted=false, Index=71, forceMuteState=false
03-07 22:51:24.048  2686  2686 D AudioServiceStubImpl: setMusicMuteState: 710 stream: 3 device: 2
03-07 22:51:24.048  2686  2686 D AudioServiceStubImpl: setMusicMuteState: false mMusicMuted: false
03-07 22:51:24.048  7731 21756 D plgin_MiuiAudioSwitchCoreManager: receive action= android.media.VOLUME_CHANGED_ACTION
03-07 22:51:24.052  7731 21756 D plgin_MiuiAudioSwitchCoreManager: receive msg = 109
03-07 22:51:24.052  7731 21756 D plgin_MiuiAudioSwitchCoreManager: receive action= android.media.VOLUME_CHANGED_ACTION
03-07 22:51:24.053  2686  5663 D AS.AudioService: setStreamVolumeIndexAS(streamType=3, index=71, muted=false, device=2)
03-07 22:51:24.054  2686 27146 D AudioServiceStubImpl: setStreamMusicOrBluetoothScoIndex : stream=3 index=71 device=2
03-07 22:51:24.054  2686 27146 D AudioServiceStubImpl: getDeviceToString : device=2
03-07 22:51:24.054  2201  5737 D AudioFlingerImpl: setGameParameters keyvalue: audio.volume.stream.music.device.speaker=7
03-07 22:51:24.055  2686  5663 D AS.AudioService: setStreamVolumeIndexAS(streamType=10, index=8, muted=false, device=2)
03-07 22:51:24.055  1999  3515 D AHAL: AudioDeviceCustom: SetParameters: 134: SetParameters audio.volume.stream.music.device.speaker=7
