03-07 22:52:54.001  2686  8057 D AS.AudioService: mSupportFakeHfpApp{com.ss.android.ugc.aweme=0, com.microsoft.teams=0, com.baidu.BaiduMap=0, com.systec.umeeting=0, com.cisco.webex.meetings=0, com.tencent.mobileqq=0, com.skype.raider=0, com.instagram.android=0, com.ss.android.lark.kami=0, com.zhiliaoapp.musically=0, com.skype.rover=0, com.smile.gifmaker=0, com.ss.android.lark.saxmsa667=0, com.tencent.wemeet.app=0, com.mediatek.engineermode=0, com.ss.android.ugc.aweme.lite=0, com.alibaba.android.rimet=0, com.autonavi.minimap=0, com.whatsapp=0, com.immomo.momo=0, com.facebook.katana=0, com.taobao.idlefish=0, com.tencent.lolm=0, com.tencent.mf.uam=0, com.xingin.xhs=0, com.cisco.wx2.android=0, com.tencent.tmgp.sgame=0, com.tencent.tmgp.pubgmhd=0, com.ss.android.lark=0, im.yixin=0} packageName com.tencent.tmgp.sgame appVersion 1102010103 mSupportFakeHfpApp.get(packageName) 0
03-07 22:52:54.098  3284  8293 E libsensor-parseRGB: CWB NotifyCWBBufferDone  error 0
03-07 22:52:54.305  3284  3490 E libsensor-parseRGB: CWB NotifyCWBBufferDone  error 0
03-07 22:52:54.498 22800 29097 I Unity   : [QTS_LOG]QTS_LOG [22:52:54] MountPackagesJob mount done: result=0, system=builtin, errorPackages=[], thread=477160768512
03-07 22:52:54.514  3284  8293 E libsensor-parseRGB: CWB NotifyCWBBufferDone  error 0
03-07 22:52:54.542  4801  4801 I GameAudioUtils: isGameImmersionSoundSupported: false
03-07 22:52:54.550  4801  4801 I GameAudioUtils: isGameImmersionSoundSupported: false
03-07 22:52:54.559  4801  4801 I GameAudioUtils: isGameImmersionSoundSupported: false
03-07 22:52:54.646  2201  5718 D AudioFlingerImpl: setGameParameters keyvalue: screen_state=on
03-07 22:52:54.647  1999  1999 D AHAL: AudioDeviceCustom: SetParameters: 134: SetParameters screen_state=on
03-07 22:52:54.648  1999  1999 D AHAL: AudioDeviceCustom: SetParameters: 447: AUDIO_MODE_RINGTONE 1 speaker_number  mode 0
03-07 22:52:54.648  1999  1999 D AHAL: AudioDevice: SetParameters: 1763: Enter: kvpairs is screen_state=on
03-07 22:52:54.648  1999  1999 D AHAL: AudioVoice: VoiceSetParameters: 215: Enter params: screen_state=on
03-07 22:52:54.648  1999  1999 D AHAL: AudioVoice: VoiceSetParameters: 682: Exit ret: 0
03-07 22:52:54.648  1999  1999 D AHAL: AudioDevice: SetParameters: 1834:  - screen = on
03-07 22:52:54.648  1999  1999 D AHAL: AudioDevice: SetParameters: 2904: Exit: -2
03-07 22:52:54.739  3284  3284 E libsensor-parseRGB: CWB NotifyCWBBufferDone  error 0
03-07 22:52:54.839  2201  5718 D AudioFlingerImpl: setGameParameters keyvalue: screen_state=on
03-07 22:52:54.839  1999  1999 D AHAL: AudioDeviceCustom: SetParameters: 134: SetParameters screen_state=on
03-07 22:52:54.839  1999  1999 D AHAL: AudioDeviceCustom: SetParameters: 447: AUDIO_MODE_RINGTONE 1 speaker_number  mode 0
03-07 22:52:54.839  1999  1999 D AHAL: AudioDevice: SetParameters: 1763: Enter: kvpairs is screen_state=on
03-07 22:52:54.839  1999  1999 D AHAL: AudioVoice: VoiceSetParameters: 215: Enter params: screen_state=on
03-07 22:52:54.839  1999  1999 D AHAL: AudioVoice: VoiceSetParameters: 682: Exit ret: 0
03-07 22:52:54.839  1999  1999 D AHAL: AudioDevice: SetParameters: 1834:  - screen = on
03-07 22:52:54.839  1999  1999 D AHAL: AudioDevice: SetParameters: 2904: Exit: -2
03-07 22:52:54.891 22800 28822 I Unity   : [QTS_LOG]QTS_LOG [22:52:54] BulkExportFromPackageJob done, result=1, errorCode=0
03-07 22:52:54.929  3284  3284 E libsensor-parseRGB: CWB NotifyCWBBufferDone  error 0
03-07 22:52:55.024  2686  5788 E ProcessManager: error write exception log
03-07 22:52:55.025  2686  7619 D AS.AudioService: mSupportFakeHfpApp{com.ss.android.ugc.aweme=0, com.microsoft.teams=0, com.baidu.BaiduMap=0, com.systec.umeeting=0, com.cisco.webex.meetings=0, com.tencent.mobileqq=0, com.skype.raider=0, com.instagram.android=0, com.ss.android.lark.kami=0, com.zhiliaoapp.musically=0, com.skype.rover=0, com.smile.gifmaker=0, com.ss.android.lark.saxmsa667=0, com.tencent.wemeet.app=0, com.mediatek.engineermode=0, com.ss.android.ugc.aweme.lite=0, com.alibaba.android.rimet=0, com.autonavi.minimap=0, com.whatsapp=0, com.immomo.momo=0, com.facebook.katana=0, com.taobao.idlefish=0, com.tencent.lolm=0, com.tencent.mf.uam=0, com.xingin.xhs=0, com.cisco.wx2.android=0, com.tencent.tmgp.sgame=0, com.tencent.tmgp.pubgmhd=0, com.ss.android.lark=0, im.yixin=0} packageName com.tencent.tmgp.sgame appVersion 1102010103 mSupportFakeHfpApp.get(packageName) 0
03-07 22:52:55.048  6316  6355 I QtiOemHookAidl: oemHookRawResponse: serial no: 9498 error: 0length=0
03-07 22:52:55.136  3284  8293 E libsensor-parseRGB: CWB NotifyCWBBufferDone  error 0
03-07 22:52:55.309  2201  5708 D AudioFlingerImpl: setGameParameters keyvalue: screen_state=on
03-07 22:52:55.310  1999  1999 D AHAL: AudioDeviceCustom: SetParameters: 134: SetParameters screen_state=on
03-07 22:52:55.310  1999  1999 D AHAL: AudioDeviceCustom: SetParameters: 447: AUDIO_MODE_RINGTONE 1 speaker_number  mode 0
03-07 22:52:55.310  1999  1999 D AHAL: AudioDevice: SetParameters: 1763: Enter: kvpairs is screen_state=on
03-07 22:52:55.310  1999  1999 D AHAL: AudioVoice: VoiceSetParameters: 215: Enter params: screen_state=on
03-07 22:52:55.310  1999  1999 D AHAL: AudioVoice: VoiceSetParameters: 682: Exit ret: 0
03-07 22:52:55.310  1999  1999 D AHAL: AudioDevice: SetParameters: 1834:  - screen = on
03-07 22:52:55.310  1999  1999 D AHAL: AudioDevice: SetParameters: 2904: Exit: -2
03-07 22:52:55.370  3284  3490 E libsensor-parseRGB: CWB NotifyCWBBufferDone  error 0
03-07 22:52:55.604  3284  8293 E libsensor-parseRGB: CWB NotifyCWBBufferDone  error 0
03-07 22:52:55.768 21776 27307 D AudioTrackImpl: [audioTrackData][fine] 30s(f:30026 m:0 s:0 k:0 z:0) : pid 21776 uid 10266 sessionId 3113 sr 44100 ch 2 fmt 1 maxAmplitude 30965
03-07 22:52:55.819  3284  3490 E libsensor-parseRGB: CWB NotifyCWBBufferDone  error 0
03-07 22:52:55.883  6644  7065 E MiuiFreeformModeTrackUtils: trackSettingSwitch error: 
03-07 22:52:55.916  6644  7065 E MiuiFreeformModeTrackUtils: trackSettingSwitch error: 
03-07 22:52:55.919  6644  7065 E MiuiFreeformModeTrackUtils: trackSettingSwitch error: 
03-07 22:52:55.921  6644  7065 E MiuiFreeformModeTrackUtils: trackSettingSwitch error: 
03-07 22:52:55.921  6644  7065 E MiuiFreeformModeTrackUtils: trackSettingSwitch error: 
03-07 22:52:55.921  6644  7065 E MiuiFreeformModeTrackUtils: trackSettingSwitch error: 
03-07 22:52:55.930  5942  8023 D RecentsTaskLoader: reloadTasksData [TaskKey{id=435, stackId=0, baseIntent=Intent { flg=0x10000000 cmp=com.wordland/.ui.MainActivity }, userId=0, lastActiveTime=102095581, windowingMode=1, isThumbnailBlur=false, isAccessLocked=false, isScreening=false, topActivity=ComponentInfo{com.wordland/com.wordland.ui.MainActivity}, mHashCode=13882637}, title=Wordland, titleDescription=Wordland, bounds=null, isLaunchTarget=true, isStackTask=true, isSystemApp=false, isDockable=true, baseActivity=ComponentInfo{com.wordland/com.wordland.ui.MainActivity}, isLocked=false, mNeedHide=false, hasMultipleTasks=false, cti1Key=, cti2Key=, cti1Task=, cti2Task=] 
03-07 22:52:55.931  5942  8023 D RecentsTaskLoader: reloadTasksData [TaskKey{id=435, stackId=0, baseIntent=Intent { flg=0x10000000 cmp=com.wordland/.ui.MainActivity }, userId=0, lastActiveTime=102095581, windowingMode=1, isThumbnailBlur=false, isAccessLocked=false, isScreening=false, topActivity=ComponentInfo{com.wordland/com.wordland.ui.MainActivity}, mHashCode=13882637}, title=Wordland, titleDescription=Wordland, bounds=null, isLaunchTarget=true, isStackTask=true, isSystemApp=false, isDockable=true, baseActivity=ComponentInfo{com.wordland/com.wordland.ui.MainActivity}, isLocked=false, mNeedHide=false, hasMultipleTasks=false, cti1Key=, cti2Key=, cti1Task=, cti2Task=] 
03-07 22:52:55.936  2201  5729 D AudioFlingerImpl: setGameParameters keyvalue: screen_state=on
03-07 22:52:55.940  1999  1999 D AHAL: AudioDeviceCustom: SetParameters: 134: SetParameters screen_state=on
03-07 22:52:55.940  1999  1999 D AHAL: AudioDeviceCustom: SetParameters: 447: AUDIO_MODE_RINGTONE 1 speaker_number  mode 0
03-07 22:52:55.940  1999  1999 D AHAL: AudioDevice: SetParameters: 1763: Enter: kvpairs is screen_state=on
03-07 22:52:55.940  1999  1999 D AHAL: AudioVoice: VoiceSetParameters: 215: Enter params: screen_state=on
03-07 22:52:55.940  1999  1999 D AHAL: AudioVoice: VoiceSetParameters: 682: Exit ret: 0
03-07 22:52:55.940  1999  1999 D AHAL: AudioDevice: SetParameters: 1834:  - screen = on
03-07 22:52:55.940  1999  1999 D AHAL: AudioDevice: SetParameters: 2904: Exit: -2
03-07 22:52:55.949  6644  7065 E MiuiFreeformModeTrackUtils: trackSettingSwitch error: 
03-07 22:52:55.949  6644  7065 E MiuiFreeformModeTrackUtils: trackSettingSwitch error: 
03-07 22:52:55.949  6644  7065 E MiuiFreeformModeTrackUtils: trackSettingSwitch error: 
03-07 22:52:56.017  3284  8293 E libsensor-parseRGB: CWB NotifyCWBBufferDone  error 0
03-07 22:52:56.053  2686 11488 D AS.AudioService: mSupportFakeHfpApp{com.ss.android.ugc.aweme=0, com.microsoft.teams=0, com.baidu.BaiduMap=0, com.systec.umeeting=0, com.cisco.webex.meetings=0, com.tencent.mobileqq=0, com.skype.raider=0, com.instagram.android=0, com.ss.android.lark.kami=0, com.zhiliaoapp.musically=0, com.skype.rover=0, com.smile.gifmaker=0, com.ss.android.lark.saxmsa667=0, com.tencent.wemeet.app=0, com.mediatek.engineermode=0, com.ss.android.ugc.aweme.lite=0, com.alibaba.android.rimet=0, com.autonavi.minimap=0, com.whatsapp=0, com.immomo.momo=0, com.facebook.katana=0, com.taobao.idlefish=0, com.tencent.lolm=0, com.tencent.mf.uam=0, com.xingin.xhs=0, com.cisco.wx2.android=0, com.tencent.tmgp.sgame=0, com.tencent.tmgp.pubgmhd=0, com.ss.android.lark=0, im.yixin=0} packageName com.tencent.tmgp.sgame appVersion 1102010103 mSupportFakeHfpApp.get(packageName) 0
03-07 22:52:56.142 20961 21001 I Cir_MDC_AudioServiceClient: stopDiscovery: true,true
03-07 22:52:56.142 28358 28358 I Cir_Miplay_MiPlayAudioService: handleMessage type:3
03-07 22:52:56.142 28358 28358 I Cir_Miplay_MiPlayAudioService: no response stopDiscovery
03-07 22:52:56.149 20961 21001 I Cir_MDC_AudioServiceClient: unInit
03-07 22:52:56.149 20961 21001 I Cir_MDC_AudioServiceControl: unRegisterMisReceiver
03-07 22:52:56.151 28358 28358 I Cir_Miplay_MiPlayAudioService: handleMessage type:1
03-07 22:52:56.151 28358 28358 I Cir_Miplay_MiPlayAudioClient: unInit.
03-07 22:52:56.152  2087  2087 I vendor.qti.hardware.servicetrackeraidl-service: unbindService is called for service : com.milink.service/com.xiaomi.miplay.mylibrary.MiPlayAudioService and for client com.milink.service:ui
03-07 22:52:56.152  2087  2087 I vendor.qti.hardware.servicetrackeraidl-service: size of service connections for service: com.milink.service/com.xiaomi.miplay.mylibrary.MiPlayAudioServiceafter removal is 1
03-07 22:52:56.155 28358 28358 I Cir_Miplay_MiPlayAudioClient: unInit end . this:141294159
03-07 22:52:56.155 28358 28358 I Cir_Miplay_MiPlayAudioRecordSettings: closeMiPlayOptimize
03-07 22:52:56.156 28358 28358 I Cir_Miplay_Constant: setMiplayAudioCastDisconnected.
03-07 22:52:56.160 28358 28358 I Cir_Miplay_MiPlayAudioService: onUnbind...
03-07 22:52:56.173 20961 20961 I Cir_MDC_BluetoothServiceClient: LeAudio disconnect
03-07 22:52:56.190 20961 29155 W ho_service:ui_HandoffController: close error, executor is null
03-07 22:52:56.235  3284  3490 E libsensor-parseRGB: CWB NotifyCWBBufferDone  error 0
03-07 22:52:56.247  2087  2087 I vendor.qti.hardware.servicetrackeraidl-service: unbindService is called for service : com.milink.service/com.xiaomi.miplay.mylibrary.MiPlayAudioService and for client com.milink.service
03-07 22:52:56.247  2087  2087 I vendor.qti.hardware.servicetrackeraidl-service: size of service connections for service: com.milink.service/com.xiaomi.miplay.mylibrary.MiPlayAudioServiceafter removal is 0
03-07 22:52:56.250 28358 28358 I Cir_Miplay_MiPlayAudioService: onUnbind...
03-07 22:52:56.248  2087  2087 I vendor.qti.hardware.servicetrackeraidl-service: destroyService is called for service : com.milink.service/com.xiaomi.miplay.mylibrary.MiPlayAudioService
03-07 22:52:56.253 28358 28358 I Cir_Miplay_MiPlayAudioService: onDestroy
03-07 22:52:56.254 28358 28358 I Cir_Miplay_MiPlayAudioClient: mInitIDMed:false this:141294159
03-07 22:52:56.254 28358 28358 I Cir_Miplay_MiPlayAudioService: cancleDownTimer.
03-07 22:52:56.255 28358 28358 I Cir_Miplay_MiPlayAudioService: ReleaseResources.
03-07 22:52:56.255 28358 28358 I Cir_Miplay_MiPlayAudioRecordSettings: closeMiPlayOptimize
03-07 22:52:56.255 28358 28358 I Cir_Miplay_Constant: setMiplayAudioCastDisconnected.
03-07 22:52:56.256 28358 28358 I Cir_Miplay_MiPlayAudioService: MiDeviceList:0
03-07 22:52:56.256 28358 28358 I Cir_Miplay_MiPlayAudioService: ReleaseResources end.
03-07 22:52:56.265 28358 28358 I Cir_Miplay_MiPlayAudioService: unregisterMisReceiver.
03-07 22:52:56.265 28358 28358 I Cir_Miplay_MiPlayAudioService: unregisterCtaReceiver.
03-07 22:52:56.282 22800 29068 D AudioTrackImpl: [audioTrackData][fine] 5s(f:5001 m:0 s:0 k:0 z:0) : pid 22800 uid 10374 sessionId 3137 sr 48000 ch 2 fmt 1 maxAmplitude 3006
03-07 22:52:56.369  2686  5788 E ProcessManager: error write exception log
03-07 22:52:56.426  3284  3284 E libsensor-parseRGB: CWB NotifyCWBBufferDone  error 0
03-07 22:52:56.432 28358 28358 I Cir_Miplay_MiPlayAudioService: handleMessage type:105
03-07 22:52:56.432 28358 28358 I Cir_Miplay_MiPlayAudioService: rev msg_cache_stoprecord cmd
03-07 22:52:56.634  3284  3490 E libsensor-parseRGB: CWB NotifyCWBBufferDone  error 0
03-07 22:52:56.664  2201  5729 D AudioFlingerImpl: setGameParameters keyvalue: screen_state=on
03-07 22:52:56.664  1999  1999 D AHAL: AudioDeviceCustom: SetParameters: 134: SetParameters screen_state=on
03-07 22:52:56.664  1999  1999 D AHAL: AudioDeviceCustom: SetParameters: 447: AUDIO_MODE_RINGTONE 1 speaker_number  mode 0
03-07 22:52:56.664  1999  1999 D AHAL: AudioDevice: SetParameters: 1763: Enter: kvpairs is screen_state=on
03-07 22:52:56.664  1999  1999 D AHAL: AudioVoice: VoiceSetParameters: 215: Enter params: screen_state=on
03-07 22:52:56.664  1999  1999 D AHAL: AudioVoice: VoiceSetParameters: 682: Exit ret: 0
03-07 22:52:56.664  1999  1999 D AHAL: AudioDevice: SetParameters: 1834:  - screen = on
03-07 22:52:56.664  1999  1999 D AHAL: AudioDevice: SetParameters: 2904: Exit: -2
03-07 22:52:56.833 21776 27344 D AudioTrackImpl: [audioTrackData][fine] 30s(f:30040 m:0 s:0 k:0 z:0) : pid 21776 uid 10266 sessionId 3121 sr 44100 ch 2 fmt 1 maxAmplitude 15882
03-07 22:52:56.861  3284  3284 E libsensor-parseRGB: CWB NotifyCWBBufferDone  error 0
03-07 22:52:56.876  6644  6644 E DeviceNotificationListenerImpl: setStatus bundle is null or error:true,model is null or error:true
03-07 22:52:57.042 25808 29438 V AudioManager: direct return isWiredHeadsetOn from audioservice/audiodeviceinventory, get directly to avoid waiting too long.
03-07 22:52:57.047 25808 29438 I AudioManager: In isBluetoothScoOn() calling application: com.ss.android.ugc.aweme
03-07 22:52:57.047  2686  8066 V AS.AudioDeviceBroker: isBluetoothScoOn return false when sco/ble device is not connect.
03-07 22:52:57.047  2686  7098 D AS.AudioService: mSupportFakeHfpApp{com.ss.android.ugc.aweme=0, com.microsoft.teams=0, com.baidu.BaiduMap=0, com.systec.umeeting=0, com.cisco.webex.meetings=0, com.tencent.mobileqq=0, com.skype.raider=0, com.instagram.android=0, com.ss.android.lark.kami=0, com.zhiliaoapp.musically=0, com.skype.rover=0, com.smile.gifmaker=0, com.ss.android.lark.saxmsa667=0, com.tencent.wemeet.app=0, com.mediatek.engineermode=0, com.ss.android.ugc.aweme.lite=0, com.alibaba.android.rimet=0, com.autonavi.minimap=0, com.whatsapp=0, com.immomo.momo=0, com.facebook.katana=0, com.taobao.idlefish=0, com.tencent.lolm=0, com.tencent.mf.uam=0, com.xingin.xhs=0, com.cisco.wx2.android=0, com.tencent.tmgp.sgame=0, com.tencent.tmgp.pubgmhd=0, com.ss.android.lark=0, im.yixin=0} packageName com.ss.android.ugc.aweme appVersion 370801 mSupportFakeHfpApp.get(packageName) 0
03-07 22:52:57.050  2686  6803 V AS.AudioDeviceBroker: requestedCommunicationDevice: null mode owner pid: 0 crc: null
03-07 22:52:57.053 25808 29438 V AudioManager: direct return isBluetoothA2dpOn from audioservice/audiodeviceinventory, get directly to avoid waiting too long.
03-07 22:52:57.062 25808 29438 V AudioManager: direct return isWiredHeadsetOn from audioservice/audiodeviceinventory, get directly to avoid waiting too long.
03-07 22:52:57.063  2686  7619 D AS.AudioService: mSupportFakeHfpApp{com.ss.android.ugc.aweme=0, com.microsoft.teams=0, com.baidu.BaiduMap=0, com.systec.umeeting=0, com.cisco.webex.meetings=0, com.tencent.mobileqq=0, com.skype.raider=0, com.instagram.android=0, com.ss.android.lark.kami=0, com.zhiliaoapp.musically=0, com.skype.rover=0, com.smile.gifmaker=0, com.ss.android.lark.saxmsa667=0, com.tencent.wemeet.app=0, com.mediatek.engineermode=0, com.ss.android.ugc.aweme.lite=0, com.alibaba.android.rimet=0, com.autonavi.minimap=0, com.whatsapp=0, com.immomo.momo=0, com.facebook.katana=0, com.taobao.idlefish=0, com.tencent.lolm=0, com.tencent.mf.uam=0, com.xingin.xhs=0, com.cisco.wx2.android=0, com.tencent.tmgp.sgame=0, com.tencent.tmgp.pubgmhd=0, com.ss.android.lark=0, im.yixin=0} packageName com.tencent.tmgp.sgame appVersion 1102010103 mSupportFakeHfpApp.get(packageName) 0
03-07 22:52:57.066 25808 29438 I AudioManager: In isBluetoothScoOn() calling application: com.ss.android.ugc.aweme
03-07 22:52:57.067  2686  6803 V AS.AudioDeviceBroker: isBluetoothScoOn return false when sco/ble device is not connect.
03-07 22:52:57.067  2686  6803 D AS.AudioService: mSupportFakeHfpApp{com.ss.android.ugc.aweme=0, com.microsoft.teams=0, com.baidu.BaiduMap=0, com.systec.umeeting=0, com.cisco.webex.meetings=0, com.tencent.mobileqq=0, com.skype.raider=0, com.instagram.android=0, com.ss.android.lark.kami=0, com.zhiliaoapp.musically=0, com.skype.rover=0, com.smile.gifmaker=0, com.ss.android.lark.saxmsa667=0, com.tencent.wemeet.app=0, com.mediatek.engineermode=0, com.ss.android.ugc.aweme.lite=0, com.alibaba.android.rimet=0, com.autonavi.minimap=0, com.whatsapp=0, com.immomo.momo=0, com.facebook.katana=0, com.taobao.idlefish=0, com.tencent.lolm=0, com.tencent.mf.uam=0, com.xingin.xhs=0, com.cisco.wx2.android=0, com.tencent.tmgp.sgame=0, com.tencent.tmgp.pubgmhd=0, com.ss.android.lark=0, im.yixin=0} packageName com.ss.android.ugc.aweme appVersion 370801 mSupportFakeHfpApp.get(packageName) 0
03-07 22:52:57.067  2686  6803 V AS.AudioDeviceBroker: requestedCommunicationDevice: null mode owner pid: 0 crc: null
03-07 22:52:57.067 25808 29438 V AudioManager: direct return isBluetoothA2dpOn from audioservice/audiodeviceinventory, get directly to avoid waiting too long.
03-07 22:52:57.068  2686  6803 D AS.AudioService: setStreamVolume(stream=3, index=21, dev=AudioDeviceAttributes: role:output type:speaker addr: name: profiles:[] descriptors:[], calling=com.ss.android.ugc.aweme)
03-07 22:52:57.069  2686  6803 D AS.AudioService: updateVolumeGroupIndex for stream 10, muted=false, device=2, index=30, group accessibility Muted=false, Index=3, forceMuteState=false
03-07 22:52:57.069  2686  6803 D AudioServiceStubImpl: setMusicMuteState: 30 stream: 10 device: 2
03-07 22:52:57.069  2686  6803 D AS.AudioService: updateVolumeGroupIndex for stream 9, muted=false, device=2, index=21, group tts Muted=false, Index=2, forceMuteState=false
03-07 22:52:57.069  2686  6803 D AudioServiceStubImpl: setMusicMuteState: 21 stream: 9 device: 2
03-07 22:52:57.069  2686  6803 D AS.AudioService: updateVolumeGroupIndex for stream 3, muted=false, device=2, index=210, group music Muted=false, Index=21, forceMuteState=false
03-07 22:52:57.069  2686  6803 D AudioServiceStubImpl: setMusicMuteState: 210 stream: 3 device: 2
03-07 22:52:57.069  2686  6803 D AudioServiceStubImpl: setMusicMuteState: false mMusicMuted: false
03-07 22:52:57.070  2686  5663 D AS.AudioService: setStreamVolumeIndexAS(streamType=3, index=21, muted=false, device=2)
03-07 22:52:57.070  2686 29670 D AudioServiceStubImpl: setStreamMusicOrBluetoothScoIndex : stream=3 index=21 device=2
03-07 22:52:57.070  2686 29670 D AudioServiceStubImpl: getDeviceToString : device=2
03-07 22:52:57.071  2201  5739 D AudioFlingerImpl: setGameParameters keyvalue: audio.volume.stream.music.device.speaker=2
03-07 22:52:57.071  1999  1999 D AHAL: AudioDeviceCustom: SetParameters: 134: SetParameters audio.volume.stream.music.device.speaker=2
03-07 22:52:57.071  2201  5729 D APM_AudioPolicyManager: checkAndSetVolume: set volumeSource 4 volume index 21 for device 0x2, volumeDb = -43.020000, delayMs = 0, outputDesc = 13
03-07 22:52:57.072  2201  3165 D AudioFlingerImpl: setGameParameters keyvalue: flags=6;volume_change=2
03-07 22:52:57.072  1999  1999 D AHAL: AudioDeviceCustom: SetParameters: 134: SetParameters flags=6;volume_change=2
03-07 22:52:57.072  1999  1999 D AHAL: AudioDeviceCustom: SetParameters: 447: AUDIO_MODE_RINGTONE 1 speaker_number  mode 0
03-07 22:52:57.072  1999  1999 D AHAL: AudioDevice: SetParameters: 1763: Enter: kvpairs is flags=6;volume_change=2
03-07 22:52:57.072  1999  1999 D AHAL: AudioVoice: VoiceSetParameters: 215: Enter params: flags=6;volume_change=2
03-07 22:52:57.072  1999  1999 D AHAL: AudioVoice: VoiceSetParameters: 682: Exit ret: 0
03-07 22:52:57.072  1999  1999 D AHAL: AudioDevice: SetParameters: 2904: Exit: -2
03-07 22:52:57.072  2686  5663 D AS.AudioService: setStreamVolumeIndexAS(streamType=10, index=3, muted=false, device=2)
03-07 22:52:57.073  2686  5663 D AS.AudioService: setStreamVolumeIndexAS(streamType=9, index=2, muted=false, device=2)
03-07 22:52:57.073 25808 29570 W AudioManager: Use of stream types is deprecated for operations other than volume control
03-07 22:52:57.073 25808 29570 W AudioManager: See the documentation of requestAudioFocus() for what to use instead with android.media.AudioAttributes to qualify your playback use case
03-07 22:52:57.080  3284  8293 E libsensor-parseRGB: CWB NotifyCWBBufferDone  error 0
03-07 22:52:57.081 25808 29570 D AudioSystem: onNewService: media.audio_policy service obtained 0x71bd9f7c70
03-07 22:52:57.083  7731 21756 D plgin_MiuiAudioSwitchCoreManager: receive msg = 109
03-07 22:52:57.084  7731 21756 D plgin_MiuiAudioSwitchCoreManager: receive action= android.media.VOLUME_CHANGED_ACTION
03-07 22:52:57.084 25808 29570 D AudioSystem: getService: checking for service media.audio_policy: 0x71bd9f7c70
03-07 22:52:57.085  2686  7619 I MediaFocusControl: requestAudioFocus() from uid/pid 10303/25808 AA=USAGE_MEDIA/CONTENT_TYPE_UNKNOWN clientId=android.media.AudioManager@2893800X.1K8H@37d0839 callingPack=com.ss.android.ugc.aweme req=1 flags=0x0 sdk=34
03-07 22:52:57.086  1999  1999 D AHAL: AudioStreamCustom: outUpdateSourceMetadataV7: 1630: track count is 1 for usecase(1: low-latency-playback)
03-07 22:52:57.086  1999  1999 D AHAL: AudioStreamCustom: outUpdateSourceMetadataV7: 1714:  source_metadata_v7_t: usage: 1 content_type: 2  channel_mask: 3 tags: VX_SAMPLERATE_48000 gain 0.007063
03-07 22:52:57.086  1999  1999 D AHAL: AudioStreamCustom: SetAggregateSourceMetadataV7: 1788: Aggregated Source metadataV7 usage: 1 content_type: 2 channel_mask: 3  tags: VX_SAMPLERATE_48000 gain: 0.007063
03-07 22:52:57.086  1999  1999 D AHAL: AudioDeviceCustom: CheckInputDevice: 1678: stream_in_list_.size() 1 isneedblemic 0 
03-07 22:52:57.086  1999  1999 D AHAL: AudioStreamCustom: isNeedChangeBleToHandset: 1593: mAndroidInDevicesCustom 0x80000004
03-07 22:52:57.086  2686  7619 V AS.PlaybackActivityMon: not fading out player 3047 uid:10374 pid:22800 type:AAudio attr:AudioAttributes: usage=USAGE_MEDIA content=CONTENT_TYPE_UNKNOWN source=DEFAULT flags=0x0 tags= bundle=null
03-07 22:52:57.087  2686  2826 E BatteryStatsService: note final volume change AudioToPower BatteryStatsservices 10374 22800 3137 0.007063251
03-07 22:52:57.087 22800 22800 I AudioManager: dispatching onAudioFocusChange(-1) to android.media.AudioManager@aff4820com.tencent.tmgp.sgame.SGameActivity@848f05a
03-07 22:52:57.089  2686  5873 D AS.AudioService: mSupportFakeHfpApp{com.ss.android.ugc.aweme=0, com.microsoft.teams=0, com.baidu.BaiduMap=0, com.systec.umeeting=0, com.cisco.webex.meetings=0, com.tencent.mobileqq=0, com.skype.raider=0, com.instagram.android=0, com.ss.android.lark.kami=0, com.zhiliaoapp.musically=0, com.skype.rover=0, com.smile.gifmaker=0, com.ss.android.lark.saxmsa667=0, com.tencent.wemeet.app=0, com.mediatek.engineermode=0, com.ss.android.ugc.aweme.lite=0, com.alibaba.android.rimet=0, com.autonavi.minimap=0, com.whatsapp=0, com.immomo.momo=0, com.facebook.katana=0, com.taobao.idlefish=0, com.tencent.lolm=0, com.tencent.mf.uam=0, com.xingin.xhs=0, com.cisco.wx2.android=0, com.tencent.tmgp.sgame=0, com.tencent.tmgp.pubgmhd=0, com.ss.android.lark=0, im.yixin=0} packageName android appVersion 36 mSupportFakeHfpApp.get(packageName) null
03-07 22:52:57.089  7731  7731 D plgin_MiuiAudioPlaybackManager: AudioFocusMonitor: onAudioFocusLoss, pkg: ,com.tencent.tmgp.sgame uid: ,10374 hasNotified: true
03-07 22:52:57.089  7731  7731 D plgin_MiuiAudioPlaybackManager: AudioFocusMonitor: onAudioFocusLoss, pkg: ,com.tencent.tmgp.sgame uid: ,10374 hasNotified: false
03-07 22:52:57.089  7731  7731 D plgin_MiuiAudioPlaybackManager: AudioFocusMonitor: onAudioFocusGrant, pkg: ,com.ss.android.ugc.aweme uid: ,10303 requestResult: 1
03-07 22:52:57.089  7731  7731 D plgin_MiuiAudioPlaybackManager: AudioFocusMonitor: onAudioFocusGrant getClientId: android.media.AudioManager@2893800X.1K8H@37d0839
03-07 22:52:57.089  7731  7731 D plgin_MiuiAudioPlaybackManager: audio fouces is changed
03-07 22:52:57.110 25808 29642 V AudioManager: direct return isWiredHeadsetOn from audioservice/audiodeviceinventory, get directly to avoid waiting too long.
03-07 22:52:57.112 25808 29642 I AudioManager: In isBluetoothScoOn() calling application: com.ss.android.ugc.aweme
03-07 22:52:57.112  2686  6911 V AS.AudioDeviceBroker: isBluetoothScoOn return false when sco/ble device is not connect.
03-07 22:52:57.112  2686  8066 D AS.AudioService: mSupportFakeHfpApp{com.ss.android.ugc.aweme=0, com.microsoft.teams=0, com.baidu.BaiduMap=0, com.systec.umeeting=0, com.cisco.webex.meetings=0, com.tencent.mobileqq=0, com.skype.raider=0, com.instagram.android=0, com.ss.android.lark.kami=0, com.zhiliaoapp.musically=0, com.skype.rover=0, com.smile.gifmaker=0, com.ss.android.lark.saxmsa667=0, com.tencent.wemeet.app=0, com.mediatek.engineermode=0, com.ss.android.ugc.aweme.lite=0, com.alibaba.android.rimet=0, com.autonavi.minimap=0, com.whatsapp=0, com.immomo.momo=0, com.facebook.katana=0, com.taobao.idlefish=0, com.tencent.lolm=0, com.tencent.mf.uam=0, com.xingin.xhs=0, com.cisco.wx2.android=0, com.tencent.tmgp.sgame=0, com.tencent.tmgp.pubgmhd=0, com.ss.android.lark=0, im.yixin=0} packageName com.ss.android.ugc.aweme appVersion 370801 mSupportFakeHfpApp.get(packageName) 0
03-07 22:52:57.113  2686  7619 V AS.AudioDeviceBroker: requestedCommunicationDevice: null mode owner pid: 0 crc: null
03-07 22:52:57.113 25808 29642 V AudioManager: direct return isBluetoothA2dpOn from audioservice/audiodeviceinventory, get directly to avoid waiting too long.
03-07 22:52:57.128  7731  7731 D plgin_MiuiAudioPlaybackManager: get definded uid audioPlaybackConfiguration, playingConfig = null
03-07 22:52:57.204  2201  5729 V AudioPolicyInterfaceImpl: getOutput()
03-07 22:52:57.205 25808 29681 D AudioSystem: onNewServiceWithAdapter: media.audio_flinger service obtained 0x731db925b0
03-07 22:52:57.212  2201  4196 D AudioFlinger: updateWakeLockUids_l AudioOut_1D uids:
03-07 22:52:57.212  2201  4167 D AudioFlinger: updateWakeLockUids_l AudioOut_15 uids:
03-07 22:52:57.212  2201  4214 D AudioFlinger: updateWakeLockUids_l AudioOut_25 uids:
03-07 22:52:57.212  2201  4247 D AudioFlinger: updateWakeLockUids_l AudioOut_45 uids:
03-07 22:52:57.212  2201  4250 D AudioFlinger: updateWakeLockUids_l AudioOut_55 uids:
03-07 22:52:57.214 10775 10801 E DatabaseUtils: Writing exception to parcel
03-07 22:52:57.214 25808 29681 D AudioSystem: getService: checking for service media.audio_flinger: 0x71bda0c8f0
03-07 22:52:57.214  2201  8570 D AudioFlinger: updateWakeLockUids_l AudioIn_18E uids:
03-07 22:52:57.216  2201  5729 V AudioPolicyInterfaceImpl: getOutput()
03-07 22:52:57.216  2201  5739 V AudioPolicyInterfaceImpl: getOutput()
03-07 22:52:57.217 25808 29681 D AudioTrack: getMinFrameCount(): getMinFrameCount = 3536: afFrameCount = 1920, afSampleRate = 48000, afLatency = 109
03-07 22:52:57.217 25808 29681 E AudioTrack: Failed to load XML file: odm/etc/audio/audio_lowpower_app_list.xml
03-07 22:52:57.220 25808 29681 I AudioTrackImpl: initAudioTrackImpl()
03-07 22:52:57.220 25808 29681 D AudioTrack: set(): (sessionId=0), mcallback is 1, streamType -1, sampleRate 44100, format 0x1, channelMask 0x3, frameCount 3536, flags 0, notificationFrames 0,transferType 3, mClientAttributionSource AttributionSourceState{pid: 25808, uid: 10303, deviceId: 0, packageName: com.ss.android.ugc.aweme, attributionTag: (null), token: binder:0x717d898c30, renouncedPermissions: [], next: []}
03-07 22:52:57.220  1999  4230 D AHAL: AudioDeviceCustom: GetParameters: 1313: Exit: returns - audio_game_sound_volume_gap_switch=on
03-07 22:52:57.221  2201  5739 D AudioFlingerImpl: AudioFlingerImpl::applyCreateTrackInputRules: extracted packageName=com.ss.android.ugc.aweme from uid=10303
03-07 22:52:57.221  2201  5739 V AudioPolicyInterfaceImpl: getOutputForAttr()
03-07 22:52:57.221  2201  5739 D APM_AudioPolicyManager: getOutputForAttrInt()+ attributes={ Content type: AUDIO_CONTENT_TYPE_UNKNOWN Usage: AUDIO_USAGE_MEDIA Source: AUDIO_SOURCE_INVALID Flags: 0x800 Tags:  } stream=AUDIO_STREAM_MUSIC session 3145 output 0 selectedDeviceId 0 device AUDIO_DEVICE_NONE sampling rate 44100 format 0x1channel mask 0x3 flags 0 stream AUDIO_STREAM_MUSIC uid 10303
03-07 22:52:57.221  2201  5739 D APM_AudioPolicyManager: getOutputForAttrInt() device {AUDIO_DEVICE_OUT_SPEAKER, @:}, sampling rate 44100, format 0x1, channel mask 0x3, flags 0 stream AUDIO_STREAM_MUSIC
03-07 22:52:57.221  2201  5739 D AudioPolicyManagerImpl: set isSpatializerFlagCE to 0.
03-07 22:52:57.221  2201  5739 D AudioPolicyManagerImpl: set isSpatializerFlagCE to 0.
03-07 22:52:57.221  2201  5739 D AudioPolicyManagerImpl: set isSpatializerFlagCE to 0.
03-07 22:52:57.221  2201  5739 D AudioPolicyManagerImpl: set isSpatializerFlagCE to 0.
03-07 22:52:57.221  2201  5739 D AudioPolicyManagerImpl: set isSpatializerFlagCE to 0.
03-07 22:52:57.221  2201  5739 D AudioPolicyManagerImpl: set isSpatializerFlagCE to 0.
03-07 22:52:57.221  2201  5739 D APM_AudioPolicyManager: getOutputForDevices(), spatializer_flag_ce is 0, spatializer_ce_lastflag is 0
03-07 22:52:57.221  2201  5739 D APM_AudioPolicyManager: getOutputForAttrInt()- attributes={ Content type: AUDIO_CONTENT_TYPE_UNKNOWN Usage: AUDIO_USAGE_MEDIA Source: AUDIO_SOURCE_INVALID Flags: 0x800 Tags:  } stream=AUDIO_STREAM_MUSIC session 3145 output 37 selectedDeviceId 0 device {AUDIO_DEVICE_OUT_SPEAKER, @:} sampling rate 44100 format 0x1channel mask 0x3 flags 0x8 stream AUDIO_STREAM_MUSIC uid 10303
03-07 22:52:57.221  2201  5739 D APM_AudioPolicyManager: getOutputForAttr() returns output 37 requestedPortIds AUDIO_PORT_HANDLE_NONE selectedDeviceIds 3 for port ID 585
03-07 22:52:57.221  2201  5739 D AudioFlinger: Client defaulted notificationFrames to 3536 for frameCount 7072
03-07 22:52:57.223  2201  5739 D AudioFlinger: [APM-AF-Sched] reScheduleCpuByTid() AudioOut_25 audioCpuSet = 0xf8 tid 4214
03-07 22:52:57.223  1999  4230 D AHAL: AudioStream: astream_out_get_parameters: 1169: enter
03-07 22:52:57.223  1999  4230 D AHAL: AudioStream: astream_out_get_parameters: 1192: keys: is_direct_pcm_track
03-07 22:52:57.223  1999  4230 D AHAL: AudioStream: astream_out_get_parameters: 1234: Exit: returns - is_direct_pcm_track=false
03-07 22:52:57.224 25808 29681 D AudioTrackImpl: [APM]-AT reScheduleCpu() cpuSet=248 tid=29692
03-07 22:52:57.224 25808 29681 D AudioTrackImpl: audioCpuSched: thread 29692 cpuset to default mode - 0xf8
03-07 22:52:57.228 25808 29681 W AudioTrack: Use of stream types is deprecated for operations other than volume control
03-07 22:52:57.228 25808 29681 W AudioTrack: See the documentation of AudioTrack() for what to use instead with android.media.AudioAttributes to qualify your playback use case
03-07 22:52:57.234  2201  8570 D AudioFlinger: updateWakeLockUids_l AudioIn_18E uids:
03-07 22:52:57.234 25808 29681 I AudioTrack: start(585): prior state:STATE_STOPPED packageName: com.ss.android.ugc.aweme
03-07 22:52:57.235  2201  5739 V AudioPolicyInterfaceImpl: startOutput()
03-07 22:52:57.241  2201  3166 V AudioPolicyInterfaceImpl: doStartOutput()
03-07 22:52:57.241  2201  3166 I AudioEffect: set 0xb400007b56ff60e0 uuid: 0x0 timeLow 00000000
03-07 22:52:57.245  7731 21756 D plgin_MiuiAudioSwitchCoreManager: receive msg = 111
03-07 22:52:57.245  7731 21756 D plgin_MiuiAudioPlaybackManager: activePlayerState before, uid = ,10374 pid = , 22800 startedCount = ,1 stopedCount = ,0 usages=%s[1]
03-07 22:52:57.245  7731 21756 D plgin_MiuiAudioPlaybackManager: activePlayerState mCurrentFocusUid=10303
03-07 22:52:57.245 21216 21216 W BtAudioPlaybackCallback: onPlaybackConfigChanged() count: 11
03-07 22:52:57.245 21216 21216 W BtAudioPlaybackCallback: onPlaybackConfigChanged() count: 11
03-07 22:52:57.245 21216 21216 W BtAudioPlaybackCallback: handleMessage: MSG_EXECUTE_FUNC
03-07 22:52:57.246 21216 21216 W BtAudioPlaybackCallback: handleMessage: MSG_EXECUTE_FUNC
03-07 22:52:57.246 21216 21496 W BtAudioPlaybackCallback: onPlaybackConfigChanged() count: 11
03-07 22:52:57.246 21216 21496 W BtAudioPlaybackCallback: handleMessage: MSG_EXECUTE_FUNC
03-07 22:52:57.246  7731 21756 D plgin_MiuiAudioPlaybackManager: currentTime - mLossAudioFocusTime  157
03-07 22:52:57.246  7731 21756 D plgin_MiuiAudioPlaybackManager: currentTime - mLossAudioFocusTime  157
03-07 22:52:57.246  7731 21756 D plgin_MiuiAudioPlaybackManager: currentTime - mLossAudioFocusTime  157
03-07 22:52:57.247  7731 21756 D plgin_MiuiAudioPlaybackManager: currentTime - mLossAudioFocusTime  158
03-07 22:52:57.248  7731 21756 D plgin_MiuiAudioPlaybackManager: currentTime - mLossAudioFocusTime  159
03-07 22:52:57.248  7731 21756 D plgin_MiuiAudioPlaybackManager: currentTime - mLossAudioFocusTime  159
03-07 22:52:57.248  7731 21756 D plgin_MiuiAudioPlaybackManager: currentTime - mLossAudioFocusTime  159
03-07 22:52:57.248  2201  3166 I AudioEffect: set() 0xb400007b56ff60e0 OK effect: Volume listener for Music id: 14931 status 0 enabled 0 pid 2201
03-07 22:52:57.248  2201  3166 I AudioEffect: set 0xb400007b56fe56f0 uuid: 0x0 timeLow 00000000
03-07 22:52:57.249  7731 21756 D plgin_MiuiAudioPlaybackManager: currentTime - mLossAudioFocusTime  160
03-07 22:52:57.250  7731 21756 D plgin_MiuiAudioPlaybackManager: currentTime - mLossAudioFocusTime  161
03-07 22:52:57.250  7731 21756 D plgin_MiuiAudioPlaybackManager: currentTime - mLossAudioFocusTime  161
03-07 22:52:57.250  7731 21756 D plgin_MiuiAudioPlaybackManager: currentTime - mLossAudioFocusTime  161
03-07 22:52:57.251  7731 21756 D plgin_MiuiAudioPlaybackManager: audio focus app playing1
03-07 22:52:57.251  7731 21756 D plgin_MiuiAudioPlaybackManager: dispatchAudioSwitchTriggerEvent 1
03-07 22:52:57.256  7731 21756 D plgin_MiuiAudioPlaybackManager: media playing, pid =25808, is mute=falseuid =10303mForegroundAppUid =10374
03-07 22:52:57.256  7731 21756 D plgin_MiuiAudioPlaybackManager: activePlayerState after,, uid=10303, pid=25808, startedCount=1, stopedCount=0, usages=[1]
03-07 22:52:57.259  2201  3166 I AudioEffect: set() 0xb400007b56fe56f0 OK effect: Music Listener id: 14939 status 0 enabled 0 pid 2201
03-07 22:52:57.259  2201  3166 I AudioEffect: enable 0xb400007b56ff60e0
03-07 22:52:57.260  2201  3166 I AudioEffect: enable 0xb400007b56fe56f0
03-07 22:52:57.262  2201  3165 D AudioFlingerImpl: setGameParameters keyvalue: dynamic_audio_usecase_pkg=+#com.ss.android.ugc.aweme#unknown
03-07 22:52:57.262  1999  4230 D AHAL: AudioDeviceCustom: SetParameters: 134: SetParameters dynamic_audio_usecase_pkg=+#com.ss.android.ugc.aweme#unknown
03-07 22:52:57.262  1999  4230 D AHAL: AudioDeviceCustom: SetParameters: 447: AUDIO_MODE_RINGTONE 1 speaker_number  mode 0
03-07 22:52:57.262  1999  4230 D AHAL: AudioDeviceCustom: SetParameters: 733: Set dynamic app name +#com.ss.android.ugc.aweme#unknown
03-07 22:52:57.262  1999  4230 D AHAL: AudioDevice: SetParameters: 1763: Enter: kvpairs is dynamic_audio_usecase_pkg=+#com.ss.android.ugc.aweme#unknown
03-07 22:52:57.262  1999  4230 D AHAL: AudioVoice: VoiceSetParameters: 215: Enter params: dynamic_audio_usecase_pkg=+#com.ss.android.ugc.aweme#unknown
03-07 22:52:57.262  1999  4230 D AHAL: AudioVoice: VoiceSetParameters: 682: Exit ret: 0
03-07 22:52:57.262  1999  4230 D AHAL: AudioDevice: SetParameters: 2904: Exit: -2
03-07 22:52:57.271  2201  3165 D AudioFlingerImpl: meetingpowerpolicy showMap from other ++++++
03-07 22:52:57.271  2201  3165 D AudioFlingerImpl: meetingpowerpolicy mVoipTxAppCount 0 mTargetRecordMode 0 mSupportMeetingPower 0 mIsSpeakerMic 1
03-07 22:52:57.271  2201  3165 D AudioFlingerImpl: meetingpowerpolicy showMap from other ------
03-07 22:52:57.271  1999  4230 D AHAL: AudioStream: astream_out_set_parameters: 1136: enter: usecase(0: deep-buffer-playback) kvpairs: appname=+com.ss.android.ugc.aweme
03-07 22:52:57.271  1999  4230 D AHAL: AudioStreamCustom: SetParameters: 321: Enter
03-07 22:52:57.271  1999  4230 D AHAL: AudioStreamCustom: SetParameters: 336: Set app name +com.ss.android.ugc.aweme
03-07 22:52:57.271  1999  4230 D AHAL: AudioDevice: GetPalDeviceIds: 3349: haldeviceIds: 1
03-07 22:52:57.271  1999  4230 D AHAL: AudioDevice: GetPalDeviceIds: 3356: Found haldeviceId: 2 and PAL Device ID 3
03-07 22:52:57.271  1999  4230 D AHAL: AudioDevice: GetPalDeviceIds: 3375: devices allocated 1, pal device ids before returning 1
03-07 22:52:57.271  1999  4230 D AHAL: AudioStreamCustom: prepareCustomDevice: 570: uses custom key for pal stream 2, device 3, key speaker-lowpower
03-07 22:52:57.271  1999  4230 D AHAL: AudioStreamCustom: updateLpMode: 253: speaker lp mode 1  customKey speaker-lowpower
03-07 22:52:57.271  1999  4230 D AHAL: AudioDeviceCustom: setSpkLpMode: 1599: set spk lp-mode to 1
03-07 22:52:57.271  1999  4230 D AHAL: AudioStreamCustom: platform_set_out_scenario: 65: Enter, CurrentScenario model is 1
03-07 22:52:57.271  1999  4230 D AHAL: AudioStreamCustom: get_scenario: 146: app_name com.ss.android.ugc.aweme, scenario is 1
03-07 22:52:57.271  1999  4230 D AHAL: AudioStreamCustom: get_scenario: 146: app_name com.tencent.tmgp.sgame, scenario is 4
03-07 22:52:57.271  1999  4230 D AHAL: AudioStreamCustom: set_scenario: 90: set_scenario mode: 260
03-07 22:52:57.271  1999  4230 D AHAL: AudioStreamCustom: set_scenario: 94: set_scenario notify gef dev 2, channel_mask 0x3, sampleRate 48000, flags 8, mode 0x4
03-07 22:52:57.274  3284  3490 E libsensor-parseRGB: CWB NotifyCWBBufferDone  error 0
03-07 22:52:57.277  1999  4230 D AHAL: AudioStreamCustom: platform_set_out_scenario: 79: Exit, CurrentScenario model is 4
03-07 22:52:57.277  1999  4230 D AHAL: AudioStream: SetParameters: 3332: enter 
03-07 22:52:57.277  1999  4230 E AHAL: AudioStream: SetParameters: 3343: error 0, failed to get stream and controller
03-07 22:52:57.277  1999  4230 D AHAL: AudioStream: SetParameters: 3380: Exit 0
03-07 22:52:57.277  1999  4230 D AHAL: AudioStreamCustom: SetParameters: 490: Exit: 0
03-07 22:52:57.277  1999  4230 D AHAL: AudioStream: astream_out_set_parameters: 1153: Exit ret: 0
03-07 22:52:57.278  2201  3166 D APM_AudioPolicyManager: startOutput() output 37, portId 585, stream 3, session 3145, sample_rate 44100, format 0x1, channel_mask 0x3, appname com.ss.android.ugc.aweme)
03-07 22:52:57.282  1999  4230 V EffectMiSound: MiSound_Command EFFECT_CMD_SET_DEVICE: 0x00000002
03-07 22:52:57.282  2201  3166 D AudioFlinger: addEffect_ll(): MiSound added on session 0 and audio IO 37
03-07 22:52:57.282  2201  3166 V EffectModule: command, MiSound cmdCode: 5, mEffectInterface: 0xb400007cc6fef670
03-07 22:52:57.285  1999  1999 V EffectMiSound: MiSound_setParameter() unsupport parameters!
03-07 22:52:57.286 13942 24643 I AudioEffect: commandExecuted(): 0xb40000736d8a0960, cmdCode = 5
03-07 22:52:57.286  2201 16609 I AudioEffect: commandExecuted(): 0xb400007b56fed3d0, cmdCode = 5
03-07 22:52:57.286  2686  6911 I AudioEffect: commandExecuted(): 0xb40000736d967e50, cmdCode = 5
03-07 22:52:57.286  7731  7897 I AudioEffect: commandExecuted(): 0xb40000736d89f240, cmdCode = 5
03-07 22:52:57.286 13942 24643 I AudioEffect: commandExecuted(): 0xb40000736d8a6a80, cmdCode = 5
03-07 22:52:57.286  2686  8066 I AudioEffect: commandExecuted(): 0xb40000736d9682f0, cmdCode = 5
03-07 22:52:57.287  2201 16609 I AudioEffect: commandExecuted(): 0xb400007b56feb810, cmdCode = 5
03-07 22:52:57.288  1999  6616 D DlbEffectQdspDap: setAudioMode(mode = 0)
03-07 22:52:57.288  1999  6616 D AHAL: AudioDevice: GetPalDeviceIds: 3349: haldeviceIds: 1
03-07 22:52:57.288  1999  6616 D AHAL: AudioDevice: GetPalDeviceIds: 3356: Found haldeviceId: 2 and PAL Device ID 3
03-07 22:52:57.288  1999  6616 D AHAL: AudioDevice: GetPalDeviceIds: 3375: devices allocated 1, pal device ids before returning 1
03-07 22:52:57.289  1999  6616 D AHAL: AudioDevice: GetPalDeviceIds: 3349: haldeviceIds: 1
03-07 22:52:57.289  1999  6616 D AHAL: AudioDevice: GetPalDeviceIds: 3356: Found haldeviceId: 2 and PAL Device ID 3
03-07 22:52:57.289  1999  6616 D AHAL: AudioDevice: GetPalDeviceIds: 3375: devices allocated 1, pal device ids before returning 1
03-07 22:52:57.289  1999  6616 D AHAL: AudioDevice: GetPalDeviceIds: 3349: haldeviceIds: 1
03-07 22:52:57.289  1999  6616 D AHAL: AudioDevice: GetPalDeviceIds: 3356: Found haldeviceId: 2 and PAL Device ID 3
03-07 22:52:57.289  1999  6616 D AHAL: AudioDevice: GetPalDeviceIds: 3375: devices allocated 1, pal device ids before returning 1
03-07 22:52:57.289  1999  6616 D AHAL: AudioDevice: GetPalDeviceIds: 3349: haldeviceIds: 1
03-07 22:52:57.289  1999  6616 D AHAL: AudioDevice: GetPalDeviceIds: 3356: Found haldeviceId: 2 and PAL Device ID 3
03-07 22:52:57.289  1999  6616 D AHAL: AudioDevice: GetPalDeviceIds: 3375: devices allocated 1, pal device ids before returning 1
03-07 22:52:57.289  1999  6616 D PAL: ResourceManager: getVirtualAudioMixer: 4887: ar 0x7cc4d3e6e8K audio_virt_mixer 0xb400007ed415aa50K
03-07 22:52:57.290  2201  3166 D AudioFlinger: updateOffloaded() => offload 1 on audio io 37
03-07 22:52:57.290  1999  4230 D AHAL: AudioDevice: GetPalDeviceIds: 3349: haldeviceIds: 1
03-07 22:52:57.290  1999  4230 D AHAL: AudioDevice: GetPalDeviceIds: 3356: Found haldeviceId: 2 and PAL Device ID 3
03-07 22:52:57.290  1999  4230 D AHAL: AudioDevice: GetPalDeviceIds: 3375: devices allocated 1, pal device ids before returning 1
03-07 22:52:57.290  1999  4230 D AHAL: AudioDevice: GetPalDeviceIds: 3349: haldeviceIds: 1
03-07 22:52:57.290  1999  4230 D AHAL: AudioDevice: GetPalDeviceIds: 3356: Found haldeviceId: 2 and PAL Device ID 3
03-07 22:52:57.290  1999  4230 D AHAL: AudioDevice: GetPalDeviceIds: 3375: devices allocated 1, pal device ids before returning 1
03-07 22:52:57.290  1999  4230 D AHAL: AudioDevice: GetPalDeviceIds: 3349: haldeviceIds: 1
03-07 22:52:57.290  1999  4230 D AHAL: AudioDevice: GetPalDeviceIds: 3356: Found haldeviceId: 2 and PAL Device ID 3
03-07 22:52:57.290  1999  4230 D AHAL: AudioDevice: GetPalDeviceIds: 3375: devices allocated 1, pal device ids before returning 1
03-07 22:52:57.290  1999  4230 D AHAL: AudioDevice: GetPalDeviceIds: 3349: haldeviceIds: 1
03-07 22:52:57.290  1999  4230 D AHAL: AudioDevice: GetPalDeviceIds: 3356: Found haldeviceId: 2 and PAL Device ID 3
03-07 22:52:57.290  1999  4230 D AHAL: AudioDevice: GetPalDeviceIds: 3375: devices allocated 1, pal device ids before returning 1
03-07 22:52:57.291 13942 24643 I AudioEffect: commandExecuted(): 0xb40000736d8a6a80, cmdCode = 5
03-07 22:52:57.291  2686  7099 I AudioEffect: commandExecuted(): 0xb40000736d9682f0, cmdCode = 5
03-07 22:52:57.291  1999  4230 D PAL: ResourceManager: getVirtualAudioMixer: 4887: ar 0x7ca4b1d708K audio_virt_mixer 0xb400007ed415aa50K
03-07 22:52:57.291  2201  3166 D AudioFlinger: moveEffectChain_ll: successful move of session 0 from srcThread 0xb400007de056dfe8 to dstThread 0xb400007ddcd49fe8 (2 effects moved, 1 effects started)
03-07 22:52:57.291  2201  3166 W AudioFlinger: moveEffectChain_ll: effect chain for session 0 not on source thread 0xb400007de056dfe8
03-07 22:52:57.292  2201  3166 D APM_AudioPolicyManager: setOutputDevices caller startSource[[portId:9][io:37, deep_buffer]] prevDevice {AUDIO_DEVICE_OUT_SPEAKER, @:}
03-07 22:52:57.292  2201 16609 I AudioEffect: commandExecuted(): 0xb400007b56feb810, cmdCode = 5
03-07 22:52:57.292  2201  3166 D APM_AudioPolicyManager: checkAndSetVolume: set volumeSource 4 volume index 21 for device 0x2, volumeDb = -43.020000, delayMs = 0, outputDesc = 37
03-07 22:52:57.293  2201  5739 D AF::Track: noteStartAudioInNeed
03-07 22:52:57.293  1999  1999 D DlbDapEffectContext: setAudioFlags(flag=0x00000800)
03-07 22:52:57.294  2201  4214 D AudioFlinger: updateWakeLockUids_l AudioOut_25 uids:10303 
03-07 22:52:57.294  2201 16609 I AudioEffect: commandExecuted(): 0xb400007b56feb810, cmdCode = 5
03-07 22:52:57.294  1999  4230 D AHAL: AudioStreamCustom: outUpdateSourceMetadataV7: 1630: track count is 1 for usecase(0: deep-buffer-playback)
03-07 22:52:57.294  1999  4230 D AHAL: AudioStreamCustom: outUpdateSourceMetadataV7: 1714:  source_metadata_v7_t: usage: 1 content_type: 0  channel_mask: 3 tags: VX_SAMPLERATE_48000 gain 0.000000
03-07 22:52:57.294  1999  4230 D AHAL: AudioStreamCustom: SetAggregateSourceMetadataV7: 1788: Aggregated Source metadataV7 usage: 1 content_type: 2 channel_mask: 3  tags: VX_SAMPLERATE_48000 gain: 0.007063
03-07 22:52:57.294  1999  4230 D AHAL: AudioStreamCustom: SetAggregateSourceMetadataV7: 1788: Aggregated Source metadataV7 usage: 1 content_type: 0 channel_mask: 3  tags: VX_SAMPLERATE_48000 gain: 0.000000
03-07 22:52:57.294  1999  4230 D AHAL: AudioDeviceCustom: CheckInputDevice: 1678: stream_in_list_.size() 1 isneedblemic 0 
03-07 22:52:57.294  1999  4230 D AHAL: AudioStreamCustom: isNeedChangeBleToHandset: 1593: mAndroidInDevicesCustom 0x80000004
03-07 22:52:57.294  1999  3521 D AHAL: AudioStream: AutoPerfLock: 192: (Acquired) perf_lock_handle: 0x13d08, count: 1
03-07 22:52:57.294  1999  3521 D AHAL: AudioStreamCustom: Open: 623: prepareGameDevice for opening
03-07 22:52:57.294  1999  3521 D AHAL: AudioDevice: GetPalDeviceIds: 3349: haldeviceIds: 1
03-07 22:52:57.294  1999  3521 D AHAL: AudioDevice: GetPalDeviceIds: 3356: Found haldeviceId: 2 and PAL Device ID 3
03-07 22:52:57.294  1999  3521 D AHAL: AudioDevice: GetPalDeviceIds: 3375: devices allocated 1, pal device ids before returning 1
03-07 22:52:57.294  1999  3521 I AHAL: AudioStream: Open: 3783: Enter: OutPrimary usecase(0: deep-buffer-playback)
03-07 22:52:57.294  1999  3521 D AHAL: AudioStream: Open: 3793: no_of_devices 1
03-07 22:52:57.294  1999  3521 D AHAL: AudioStream: Open: 3866: halInputFormat 3 halOutputFormat 3 palformat 23
03-07 22:52:57.294  1999  3521 D AHAL: AudioStream: Open: 3939: channels 2 samplerate 48000 format id 23, stream type 2  stream bitwidth 32
03-07 22:52:57.294  1999  3521 D AHAL: AudioStream: Open: 3940: msample_rate 0 mchannels 0 mNoOfOutDevices 1
03-07 22:52:57.296  2686  2826 E BatteryStatsService: note StartAudioToPower BatteryStatsservices10303 25808 3145 585 2
03-07 22:52:57.296  2686  2826 D BatteryStatsManagerStub: noteStartAudioInNeed uid is 10303, pid is 25808, session is 3145, port is 585, type is 2
03-07 22:52:57.296 13942 24643 I AudioEffect: commandExecuted(): 0xb40000736d8a6a80, cmdCode = 5
03-07 22:52:57.296 13942 24641 I PowerKeeper.Event: noteStartAudioInNeed uid is 10303, sessionid is 3145, port is 585, type is 2
03-07 22:52:57.297 13942 24641 I ProcAudioPowerManager: volume is 2, startTime is [0, 0, 102112562, 0, 0, 0, 0, 0, 0, 0, 0, 0, 0, 0, 0, 0]
03-07 22:52:57.298  2686  8066 I AudioEffect: commandExecuted(): 0xb40000736d9682f0, cmdCode = 5
03-07 22:52:57.299  1999  3521 D PAL: ResourceManager: getVirtualAudioMixer: 4887: ar 0x7cc462d978K audio_virt_mixer 0xb400007ed415aa50K
03-07 22:52:57.299  1999  3521 D kv_xml_parser: metadata_print:    key[DevicePP_Rx] value[Audio_MBDRC]
03-07 22:52:57.308 21216 21496 W BtAudioPlaybackCallback: onPlaybackConfigChanged() count: 11
03-07 22:52:57.308 21216 21496 W BtAudioPlaybackCallback: handleMessage: MSG_EXECUTE_FUNC
03-07 22:52:57.308 21216 21216 W BtAudioPlaybackCallback: onPlaybackConfigChanged() count: 11
03-07 22:52:57.308 21216 21216 W BtAudioPlaybackCallback: onPlaybackConfigChanged() count: 11
03-07 22:52:57.308 21216 21216 W BtAudioPlaybackCallback: handleMessage: MSG_EXECUTE_FUNC
03-07 22:52:57.308 21216 21216 W BtAudioPlaybackCallback: handleMessage: MSG_EXECUTE_FUNC
03-07 22:52:57.309 25808 29681 D AudioTrackImpl: [APM]-AT reScheduleCpu() cpuSet=248 tid=29681
03-07 22:52:57.309 25808 29681 D AudioTrackImpl: audioCpuSched: thread 29681 cpuset to default mode - 0xf8
03-07 22:52:57.309 25808 29681 D AudioRepeatStartCheck: [AudioRepeatStartStopCheck], enter: uid = 10303, session = 3145, uidnowTime = 0
03-07 22:52:57.309 25808 29681 D AudioRepeatStartCheck: [AudioRepeatStartStopCheck] isAnomaly = 0
03-07 22:52:57.312  7731 21756 D plgin_MiuiAudioSwitchCoreManager: receive msg = 111
03-07 22:52:57.312  7731 21756 D plgin_MiuiAudioPlaybackManager: activePlayerState before, uid = ,10303 pid = , 25808 startedCount = ,1 stopedCount = ,0 usages=%s[1]
03-07 22:52:57.312  7731 21756 D plgin_MiuiAudioPlaybackManager: activePlayerState mCurrentFocusUid=10303
03-07 22:52:57.314  7731 21756 D plgin_MiuiAudioPlaybackManager: currentTime - mLossAudioFocusTime  225
03-07 22:52:57.314  7731 21756 D plgin_MiuiAudioPlaybackManager: currentTime - mLossAudioFocusTime  225
