03-07 22:51:30.958  6316  7093 D MiRadioProxy: delayNotifyNrIcon, mcc mnc in exception list, no delay, operator = 46001
03-07 22:51:31.047  3284  3284 E libsensor-parseRGB: CWB NotifyCWBBufferDone  error 0
03-07 22:51:31.280  3284  3490 E libsensor-parseRGB: CWB NotifyCWBBufferDone  error 0
03-07 22:51:31.505  3284  3284 E libsensor-parseRGB: CWB NotifyCWBBufferDone  error 0
03-07 22:51:31.673 21776 27307 D AudioTrackImpl: [audioTrackData][fine] 5s(f:5975 m:0 s:0 k:0 z:0) : pid 21776 uid 10266 sessionId 3113 sr 44100 ch 2 fmt 1 maxAmplitude 30965
03-07 22:51:31.722  3284  3284 E libsensor-parseRGB: CWB NotifyCWBBufferDone  error 0
03-07 22:51:31.963  3284  3490 E libsensor-parseRGB: CWB NotifyCWBBufferDone  error 0
03-07 22:51:32.171  3284  8293 E libsensor-parseRGB: CWB NotifyCWBBufferDone  error 0
03-07 22:51:32.405  3284  3284 E libsensor-parseRGB: CWB NotifyCWBBufferDone  error 0
03-07 22:51:32.609  3284  3490 E libsensor-parseRGB: CWB NotifyCWBBufferDone  error 0
03-07 22:51:32.730 21776 27344 D AudioTrackImpl: [audioTrackData][fine] 6s(f:6000 m:0 s:0 k:0 z:0) : pid 21776 uid 10266 sessionId 3121 sr 44100 ch 2 fmt 1 maxAmplitude 15882
03-07 22:51:32.812  3284  8293 E libsensor-parseRGB: CWB NotifyCWBBufferDone  error 0
03-07 22:51:33.056  3284  3284 E libsensor-parseRGB: CWB NotifyCWBBufferDone  error 0
03-07 22:51:33.256  3284  8293 E libsensor-parseRGB: CWB NotifyCWBBufferDone  error 0
03-07 22:51:33.487  3284  3490 E libsensor-parseRGB: CWB NotifyCWBBufferDone  error 0
03-07 22:51:33.730  3284  3284 E libsensor-parseRGB: CWB NotifyCWBBufferDone  error 0
03-07 22:51:33.927  3284  3490 E libsensor-parseRGB: CWB NotifyCWBBufferDone  error 0
03-07 22:51:34.128  3284  3490 E libsensor-parseRGB: CWB NotifyCWBBufferDone  error 0
03-07 22:51:34.372  3284  3284 E libsensor-parseRGB: CWB NotifyCWBBufferDone  error 0
03-07 22:51:34.569  3284  8293 E libsensor-parseRGB: CWB NotifyCWBBufferDone  error 0
03-07 22:51:34.811  3284  3284 E libsensor-parseRGB: CWB NotifyCWBBufferDone  error 0
03-07 22:51:35.015  3284  8293 E libsensor-parseRGB: CWB NotifyCWBBufferDone  error 0
03-07 22:51:35.060 21776 27062 D AudioTrackImpl: [audioTrackData][fine] 10s(f:10004 m:0 s:0 k:0 z:0) : pid 21776 uid 10266 sessionId 3105 sr 44100 ch 2 fmt 1 maxAmplitude 2285
03-07 22:51:35.219  3284  3284 E libsensor-parseRGB: CWB NotifyCWBBufferDone  error 0
03-07 22:51:35.451  3284  8293 E libsensor-parseRGB: CWB NotifyCWBBufferDone  error 0
03-07 22:51:35.684  3284  3490 E libsensor-parseRGB: CWB NotifyCWBBufferDone  error 0
03-07 22:51:35.901  3284  3284 E libsensor-parseRGB: CWB NotifyCWBBufferDone  error 0
03-07 22:51:36.132  3284  3490 E libsensor-parseRGB: CWB NotifyCWBBufferDone  error 0
03-07 22:51:36.366  3284  3284 E libsensor-parseRGB: CWB NotifyCWBBufferDone  error 0
03-07 22:51:36.573  3284  3490 E libsensor-parseRGB: CWB NotifyCWBBufferDone  error 0
03-07 22:51:36.678 21776 27307 D AudioTrackImpl: [audioTrackData][fine] 10s(f:10980 m:0 s:0 k:0 z:0) : pid 21776 uid 10266 sessionId 3113 sr 44100 ch 2 fmt 1 maxAmplitude 30965
03-07 22:51:36.797  3284  3284 E libsensor-parseRGB: CWB NotifyCWBBufferDone  error 0
03-07 22:51:37.006  3284  8293 E libsensor-parseRGB: CWB NotifyCWBBufferDone  error 0
03-07 22:51:37.206  3284  3284 E libsensor-parseRGB: CWB NotifyCWBBufferDone  error 0
03-07 22:51:37.418  3284  3490 E libsensor-parseRGB: CWB NotifyCWBBufferDone  error 0
03-07 22:51:37.638  3284  3284 E libsensor-parseRGB: CWB NotifyCWBBufferDone  error 0
03-07 22:51:37.736 21776 27344 D AudioTrackImpl: [audioTrackData][fine] 11s(f:11007 m:0 s:0 k:0 z:0) : pid 21776 uid 10266 sessionId 3121 sr 44100 ch 2 fmt 1 maxAmplitude 15882
03-07 22:51:37.847  3284  3284 E libsensor-parseRGB: CWB NotifyCWBBufferDone  error 0
03-07 22:51:38.056  3284  3490 E libsensor-parseRGB: CWB NotifyCWBBufferDone  error 0
03-07 22:51:38.288  3284  3490 E libsensor-parseRGB: CWB NotifyCWBBufferDone  error 0
03-07 22:51:38.530  3284  3284 E libsensor-parseRGB: CWB NotifyCWBBufferDone  error 0
03-07 22:51:38.730  3284  8293 E libsensor-parseRGB: CWB NotifyCWBBufferDone  error 0
03-07 22:51:38.980  3284  8293 E libsensor-parseRGB: CWB NotifyCWBBufferDone  error 0
03-07 22:51:39.171  3284  3490 E libsensor-parseRGB: CWB NotifyCWBBufferDone  error 0
03-07 22:51:39.413  3284  3284 E libsensor-parseRGB: CWB NotifyCWBBufferDone  error 0
03-07 22:51:39.644  3284  8293 E libsensor-parseRGB: CWB NotifyCWBBufferDone  error 0
03-07 22:51:39.852  3284  8293 E libsensor-parseRGB: CWB NotifyCWBBufferDone  error 0
03-07 22:51:40.100  3284  8293 E libsensor-parseRGB: CWB NotifyCWBBufferDone  error 0
03-07 22:51:40.298  3284  8293 E libsensor-parseRGB: CWB NotifyCWBBufferDone  error 0
03-07 22:51:40.527  3284  3284 E libsensor-parseRGB: CWB NotifyCWBBufferDone  error 0
03-07 22:51:40.759  3284  3284 E libsensor-parseRGB: CWB NotifyCWBBufferDone  error 0
03-07 22:51:40.809 21776 27062 D AudioTrackImpl: [audioTrackData][fine] 15s(f:15003 m:0 s:0 k:0 z:0) : pid 21776 uid 10266 sessionId 3105 sr 44100 ch 2 fmt 1 maxAmplitude 682
03-07 22:51:40.970  3284  3490 E libsensor-parseRGB: CWB NotifyCWBBufferDone  error 0
03-07 22:51:41.193  3284  3490 E libsensor-parseRGB: CWB NotifyCWBBufferDone  error 0
03-07 22:51:41.417  3284  8293 E libsensor-parseRGB: CWB NotifyCWBBufferDone  error 0
03-07 22:51:41.651  3284  3490 E libsensor-parseRGB: CWB NotifyCWBBufferDone  error 0
03-07 22:51:41.683 21776 27307 D AudioTrackImpl: [audioTrackData][fine] 15s(f:15985 m:0 s:0 k:0 z:0) : pid 21776 uid 10266 sessionId 3113 sr 44100 ch 2 fmt 1 maxAmplitude 30965
03-07 22:51:41.884  3284  3490 E libsensor-parseRGB: CWB NotifyCWBBufferDone  error 0
03-07 22:51:42.090  3284  8293 E libsensor-parseRGB: CWB NotifyCWBBufferDone  error 0
03-07 22:51:42.315  3284  3490 E libsensor-parseRGB: CWB NotifyCWBBufferDone  error 0
03-07 22:51:42.524  3284  3284 E libsensor-parseRGB: CWB NotifyCWBBufferDone  error 0
03-07 22:51:42.741 21776 27344 D AudioTrackImpl: [audioTrackData][fine] 16s(f:16012 m:0 s:0 k:0 z:0) : pid 21776 uid 10266 sessionId 3121 sr 44100 ch 2 fmt 1 maxAmplitude 15882
03-07 22:51:42.773  3284  3490 E libsensor-parseRGB: CWB NotifyCWBBufferDone  error 0
03-07 22:51:43.018  3284  3284 E libsensor-parseRGB: CWB NotifyCWBBufferDone  error 0
03-07 22:51:43.220  3284  3284 E libsensor-parseRGB: CWB NotifyCWBBufferDone  error 0
03-07 22:51:43.455  3284  3284 E libsensor-parseRGB: CWB NotifyCWBBufferDone  error 0
03-07 22:51:43.656  3284  3284 E libsensor-parseRGB: CWB NotifyCWBBufferDone  error 0
03-07 22:51:43.886  3284  8293 E libsensor-parseRGB: CWB NotifyCWBBufferDone  error 0
03-07 22:51:44.094  3284  3284 E libsensor-parseRGB: CWB NotifyCWBBufferDone  error 0
03-07 22:51:44.294  3284  3284 E libsensor-parseRGB: CWB NotifyCWBBufferDone  error 0
03-07 22:51:44.536  3284  8293 E libsensor-parseRGB: CWB NotifyCWBBufferDone  error 0
03-07 22:51:44.768  3284  3284 E libsensor-parseRGB: CWB NotifyCWBBufferDone  error 0
03-07 22:51:45.004  3284  3490 E libsensor-parseRGB: CWB NotifyCWBBufferDone  error 0
03-07 22:51:45.240  3284  3284 E libsensor-parseRGB: CWB NotifyCWBBufferDone  error 0
03-07 22:51:45.492  3284  3284 E libsensor-parseRGB: CWB NotifyCWBBufferDone  error 0
03-07 22:51:45.725  3284  8293 E libsensor-parseRGB: CWB NotifyCWBBufferDone  error 0
03-07 22:51:45.932  3284  3284 E libsensor-parseRGB: CWB NotifyCWBBufferDone  error 0
03-07 22:51:46.172  3284  8293 E libsensor-parseRGB: CWB NotifyCWBBufferDone  error 0
03-07 22:51:46.375  3284  3284 E libsensor-parseRGB: CWB NotifyCWBBufferDone  error 0
03-07 22:51:46.379 21776 27062 D AudioTrackImpl: [audioTrackData][fine] 20s(f:20004 m:0 s:0 k:0 z:0) : pid 21776 uid 10266 sessionId 3105 sr 44100 ch 2 fmt 1 maxAmplitude 1938
03-07 22:51:46.581  3284  8293 E libsensor-parseRGB: CWB NotifyCWBBufferDone  error 0
03-07 22:51:46.689 21776 27307 D AudioTrackImpl: [audioTrackData][fine] 20s(f:20991 m:0 s:0 k:0 z:0) : pid 21776 uid 10266 sessionId 3113 sr 44100 ch 2 fmt 1 maxAmplitude 30965
03-07 22:51:46.772  3284  8293 E libsensor-parseRGB: CWB NotifyCWBBufferDone  error 0
03-07 22:51:47.014  3284  3490 E libsensor-parseRGB: CWB NotifyCWBBufferDone  error 0
03-07 22:51:47.253  3284  3284 E libsensor-parseRGB: CWB NotifyCWBBufferDone  error 0
03-07 22:51:47.461  3284  8293 E libsensor-parseRGB: CWB NotifyCWBBufferDone  error 0
03-07 22:51:47.686  3284  8293 E libsensor-parseRGB: CWB NotifyCWBBufferDone  error 0
03-07 22:51:47.747 21776 27344 D AudioTrackImpl: [audioTrackData][fine] 21s(f:21018 m:0 s:0 k:0 z:0) : pid 21776 uid 10266 sessionId 3121 sr 44100 ch 2 fmt 1 maxAmplitude 15882
03-07 22:51:47.894  3284  3284 E libsensor-parseRGB: CWB NotifyCWBBufferDone  error 0
03-07 22:51:48.103  3284  8293 E libsensor-parseRGB: CWB NotifyCWBBufferDone  error 0
03-07 22:51:48.327  3284  3490 E libsensor-parseRGB: CWB NotifyCWBBufferDone  error 0
03-07 22:51:48.539  3284  8293 E libsensor-parseRGB: CWB NotifyCWBBufferDone  error 0
03-07 22:51:48.767  3284  3284 E libsensor-parseRGB: CWB NotifyCWBBufferDone  error 0
03-07 22:51:49.011  3284  3490 E libsensor-parseRGB: CWB NotifyCWBBufferDone  error 0
03-07 22:51:49.251  3284  3284 E libsensor-parseRGB: CWB NotifyCWBBufferDone  error 0
03-07 22:51:49.451  3284  3284 E libsensor-parseRGB: CWB NotifyCWBBufferDone  error 0
03-07 22:51:49.651  3284  3490 E libsensor-parseRGB: CWB NotifyCWBBufferDone  error 0
03-07 22:51:49.891  3284  8293 E libsensor-parseRGB: CWB NotifyCWBBufferDone  error 0
03-07 22:51:50.124  3284  3284 E libsensor-parseRGB: CWB NotifyCWBBufferDone  error 0
03-07 22:51:50.333  3284  8293 E libsensor-parseRGB: CWB NotifyCWBBufferDone  error 0
03-07 22:51:50.565  3284  8293 E libsensor-parseRGB: CWB NotifyCWBBufferDone  error 0
03-07 22:51:50.764  3284  3490 E libsensor-parseRGB: CWB NotifyCWBBufferDone  error 0
03-07 22:51:50.971  3284  8293 E libsensor-parseRGB: CWB NotifyCWBBufferDone  error 0
03-07 22:51:51.224  3284  3490 E libsensor-parseRGB: CWB NotifyCWBBufferDone  error 0
03-07 22:51:51.446  3284  8293 E libsensor-parseRGB: CWB NotifyCWBBufferDone  error 0
03-07 22:51:51.657  3284  3490 E libsensor-parseRGB: CWB NotifyCWBBufferDone  error 0
03-07 22:51:51.696 21776 27307 D AudioTrackImpl: [audioTrackData][fine] 25s(f:25998 m:0 s:0 k:0 z:0) : pid 21776 uid 10266 sessionId 3113 sr 44100 ch 2 fmt 1 maxAmplitude 30965
03-07 22:51:51.864  3284  3284 E libsensor-parseRGB: CWB NotifyCWBBufferDone  error 0
03-07 22:51:52.035 21776 27062 D AudioTrackImpl: [audioTrackData][fine] 25s(f:25002 m:0 s:0 k:0 z:0) : pid 21776 uid 10266 sessionId 3105 sr 44100 ch 2 fmt 1 maxAmplitude 1718
03-07 22:51:52.087  3284  3284 E libsensor-parseRGB: CWB NotifyCWBBufferDone  error 0
03-07 22:51:52.277  3284  3490 E libsensor-parseRGB: CWB NotifyCWBBufferDone  error 0
03-07 22:51:52.518  3284  3284 E libsensor-parseRGB: CWB NotifyCWBBufferDone  error 0
03-07 22:51:52.730  3284  3490 E libsensor-parseRGB: CWB NotifyCWBBufferDone  error 0
03-07 22:51:52.755 21776 27344 D AudioTrackImpl: [audioTrackData][fine] 26s(f:26025 m:0 s:0 k:0 z:0) : pid 21776 uid 10266 sessionId 3121 sr 44100 ch 2 fmt 1 maxAmplitude 15882
03-07 22:51:52.928  3284  3284 E libsensor-parseRGB: CWB NotifyCWBBufferDone  error 0
03-07 22:51:53.181  3284  3490 E libsensor-parseRGB: CWB NotifyCWBBufferDone  error 0
03-07 22:51:53.376  3284  8293 E libsensor-parseRGB: CWB NotifyCWBBufferDone  error 0
03-07 22:51:53.608  3284  8293 E libsensor-parseRGB: CWB NotifyCWBBufferDone  error 0
03-07 22:51:53.843  3284  8293 E libsensor-parseRGB: CWB NotifyCWBBufferDone  error 0
03-07 22:51:54.092  3284  3490 E libsensor-parseRGB: CWB NotifyCWBBufferDone  error 0
03-07 22:51:54.324  3284  3284 E libsensor-parseRGB: CWB NotifyCWBBufferDone  error 0
03-07 22:51:54.532  3284  3490 E libsensor-parseRGB: CWB NotifyCWBBufferDone  error 0
03-07 22:51:54.774  3284  3284 E libsensor-parseRGB: CWB NotifyCWBBufferDone  error 0
03-07 22:51:54.976  3284  3284 E libsensor-parseRGB: CWB NotifyCWBBufferDone  error 0
03-07 22:51:55.198  3284  3490 E libsensor-parseRGB: CWB NotifyCWBBufferDone  error 0
03-07 22:51:55.452  3284  3490 E libsensor-parseRGB: CWB NotifyCWBBufferDone  error 0
03-07 22:51:55.675  3284  3284 E libsensor-parseRGB: CWB NotifyCWBBufferDone  error 0
03-07 22:51:55.701 21776 27307 D AudioTrackImpl: [audioTrackData][fine] 30s(f:30004 m:0 s:0 k:0 z:0) : pid 21776 uid 10266 sessionId 3113 sr 44100 ch 2 fmt 1 maxAmplitude 30965
03-07 22:51:55.890  3284  3490 E libsensor-parseRGB: CWB NotifyCWBBufferDone  error 0
03-07 22:51:56.132  3284  3284 E libsensor-parseRGB: CWB NotifyCWBBufferDone  error 0
03-07 22:51:56.366  3284  3284 E libsensor-parseRGB: CWB NotifyCWBBufferDone  error 0
03-07 22:51:56.585  3284  3490 E libsensor-parseRGB: CWB NotifyCWBBufferDone  error 0
03-07 22:51:56.812  3284  8293 E libsensor-parseRGB: CWB NotifyCWBBufferDone  error 0
03-07 22:51:57.036  3284  3284 E libsensor-parseRGB: CWB NotifyCWBBufferDone  error 0
03-07 22:51:57.080 21776 27062 D AudioTrackImpl: [audioTrackData][fine] 30s(f:30011 m:0 s:0 k:0 z:0) : pid 21776 uid 10266 sessionId 3105 sr 44100 ch 2 fmt 1 maxAmplitude 10049
03-07 22:51:57.254  3284  3284 E libsensor-parseRGB: CWB NotifyCWBBufferDone  error 0
03-07 22:51:57.477  3284  8293 E libsensor-parseRGB: CWB NotifyCWBBufferDone  error 0
03-07 22:51:57.695  3284  3490 E libsensor-parseRGB: CWB NotifyCWBBufferDone  error 0
03-07 22:51:57.764 21776 27344 D AudioTrackImpl: [audioTrackData][fine] 31s(f:31029 m:0 s:0 k:0 z:0) : pid 21776 uid 10266 sessionId 3121 sr 44100 ch 2 fmt 1 maxAmplitude 15882
03-07 22:51:57.897  3284  3490 E libsensor-parseRGB: CWB NotifyCWBBufferDone  error 0
03-07 22:51:58.135  3284  3490 E libsensor-parseRGB: CWB NotifyCWBBufferDone  error 0
03-07 22:51:58.367  3284  3490 E libsensor-parseRGB: CWB NotifyCWBBufferDone  error 0
03-07 22:51:58.566  3284  3284 E libsensor-parseRGB: CWB NotifyCWBBufferDone  error 0
03-07 22:51:58.775  3284  3490 E libsensor-parseRGB: CWB NotifyCWBBufferDone  error 0
03-07 22:51:59.007  3284  3284 E libsensor-parseRGB: CWB NotifyCWBBufferDone  error 0
03-07 22:51:59.216  3284  8293 E libsensor-parseRGB: CWB NotifyCWBBufferDone  error 0
03-07 22:51:59.448  3284  3284 E libsensor-parseRGB: CWB NotifyCWBBufferDone  error 0
03-07 22:51:59.691  3284  3490 E libsensor-parseRGB: CWB NotifyCWBBufferDone  error 0
03-07 22:51:59.892  3284  8293 E libsensor-parseRGB: CWB NotifyCWBBufferDone  error 0
03-07 22:52:00.133  3284  3490 E libsensor-parseRGB: CWB NotifyCWBBufferDone  error 0
03-07 22:52:00.363  3284  8293 E libsensor-parseRGB: CWB NotifyCWBBufferDone  error 0
03-07 22:52:00.585  3284  3490 E libsensor-parseRGB: CWB NotifyCWBBufferDone  error 0
03-07 22:52:00.707 21776 27307 D AudioTrackImpl: [audioTrackData][fine] 35s(f:35009 m:0 s:0 k:0 z:0) : pid 21776 uid 10266 sessionId 3113 sr 44100 ch 2 fmt 1 maxAmplitude 30965
03-07 22:52:00.822  3284  8293 E libsensor-parseRGB: CWB NotifyCWBBufferDone  error 0
03-07 22:52:01.041  3284  3284 E libsensor-parseRGB: CWB NotifyCWBBufferDone  error 0
03-07 22:52:01.246  3284  8293 E libsensor-parseRGB: CWB NotifyCWBBufferDone  error 0
03-07 22:52:01.464  3284  3490 E libsensor-parseRGB: CWB NotifyCWBBufferDone  error 0
03-07 22:52:01.547  2686  6911 D VibratorManagerServiceImpl: attrs = VibrationAttributes{mUsage=HARDWARE_FEEDBACK, mAudioUsage= USAGE_UNKNOWN, mFlags=0}, attrs.usage = 50
03-07 22:52:01.559 21776 27062 I AudioTrack: pause(sessionID=3105) pause(580): prior state:STATE_ACTIVE packageName: com.miui.newhome
03-07 22:52:01.563 21216 21216 W BtAudioPlaybackCallback: onPlaybackConfigChanged() count: 10
03-07 22:52:01.563 21216 21216 W BtAudioPlaybackCallback: handleMessage: MSG_EXECUTE_FUNC
03-07 22:52:01.563 21216 21496 W BtAudioPlaybackCallback: onPlaybackConfigChanged() count: 10
03-07 22:52:01.563 21216 21496 W BtAudioPlaybackCallback: handleMessage: MSG_EXECUTE_FUNC
03-07 22:52:01.564  7731 21756 D plgin_MiuiAudioSwitchCoreManager: receive msg = 111
03-07 22:52:01.565  7731 21756 D plgin_MiuiAudioPlaybackManager: activePlayerState before, uid = ,10266 pid = , 21776 startedCount = ,1 stopedCount = ,0 usages=%s[1]
03-07 22:52:01.565  7731 21756 D plgin_MiuiAudioPlaybackManager: activePlayerState mCurrentFocusUid=10266
03-07 22:52:01.565 21216 21216 W BtAudioPlaybackCallback: onPlaybackConfigChanged() count: 10
03-07 22:52:01.565 21216 21216 W BtAudioPlaybackCallback: handleMessage: MSG_EXECUTE_FUNC
03-07 22:52:01.565  7731 21756 D plgin_MiuiAudioPlaybackManager: currentTime - mLossAudioFocusTime  1167858
03-07 22:52:01.566  7731 21756 D plgin_MiuiAudioPlaybackManager: currentTime - mLossAudioFocusTime  1167859
03-07 22:52:01.566  7731 21756 D plgin_MiuiAudioPlaybackManager: currentTime - mLossAudioFocusTime  1167859
03-07 22:52:01.566  7731 21756 D plgin_MiuiAudioPlaybackManager: currentTime - mLossAudioFocusTime  1167859
03-07 22:52:01.567  7731 21756 D plgin_MiuiAudioPlaybackManager: currentTime - mLossAudioFocusTime  1167860
03-07 22:52:01.567  7731 21756 D plgin_MiuiAudioPlaybackManager: currentTime - mLossAudioFocusTime  1167860
03-07 22:52:01.567  7731 21756 D plgin_MiuiAudioPlaybackManager: currentTime - mLossAudioFocusTime  1167860
03-07 22:52:01.568  7731 21756 D plgin_MiuiAudioPlaybackManager: currentTime - mLossAudioFocusTime  1167861
03-07 22:52:01.568  7731 21756 D plgin_MiuiAudioPlaybackManager: currentTime - mLossAudioFocusTime  1167861
03-07 22:52:01.568  7731 21756 D plgin_MiuiAudioPlaybackManager: currentTime - mLossAudioFocusTime  1167861
03-07 22:52:01.568  7731 21756 D plgin_MiuiAudioPlaybackManager: activePlayerState after,, uid=10266, pid=21776, startedCount=0, stopedCount=1, usages=[]
03-07 22:52:01.570  1999  2071 D AHAL: AudioStreamCustom: outUpdateSourceMetadataV7: 1630: track count is 1 for usecase(0: deep-buffer-playback)
03-07 22:52:01.570  1999  2071 D AHAL: AudioStreamCustom: outUpdateSourceMetadataV7: 1714:  source_metadata_v7_t: usage: 1 content_type: 3  channel_mask: 3 tags: VX_SAMPLERATE_48000 gain 0.000000
03-07 22:52:01.570  1999  2071 D AHAL: AudioStreamCustom: SetAggregateSourceMetadataV7: 1788: Aggregated Source metadataV7 usage: 1 content_type: 3 channel_mask: 3  tags: VX_SAMPLERATE_48000 gain: 0.000000
03-07 22:52:01.570  1999  2071 D AHAL: AudioDeviceCustom: CheckInputDevice: 1678: stream_in_list_.size() 1 isneedblemic 0 
03-07 22:52:01.570  1999  2071 D AHAL: AudioStreamCustom: isNeedChangeBleToHandset: 1593: mAndroidInDevicesCustom 0x80000004
03-07 22:52:01.572  2686  2826 E BatteryStatsService: note final volume change AudioToPower BatteryStatsservices 10266 21776 3105 0.0
03-07 22:52:01.575  1999  5353 D AHAL: AudioDevice: GetPalDeviceIds: 3349: haldeviceIds: 1
03-07 22:52:01.575  1999  5353 D AHAL: AudioDevice: GetPalDeviceIds: 3356: Found haldeviceId: 2 and PAL Device ID 3
03-07 22:52:01.575  1999  5353 D AHAL: AudioDevice: GetPalDeviceIds: 3375: devices allocated 1, pal device ids before returning 1
03-07 22:52:01.575  1999  5353 D AHAL: AudioDevice: GetPalDeviceIds: 3349: haldeviceIds: 1
03-07 22:52:01.575  1999  5353 D AHAL: AudioDevice: GetPalDeviceIds: 3356: Found haldeviceId: 2 and PAL Device ID 3
03-07 22:52:01.575  1999  5353 D AHAL: AudioDevice: GetPalDeviceIds: 3375: devices allocated 1, pal device ids before returning 1
03-07 22:52:01.575  1999  5353 D AHAL: AudioDevice: GetPalDeviceIds: 3349: haldeviceIds: 1
03-07 22:52:01.575  1999  5353 D AHAL: AudioDevice: GetPalDeviceIds: 3356: Found haldeviceId: 2 and PAL Device ID 3
03-07 22:52:01.575  1999  5353 D AHAL: AudioDevice: GetPalDeviceIds: 3375: devices allocated 1, pal device ids before returning 1
03-07 22:52:01.577  1999  5353 D AHAL: AudioDevice: GetPalDeviceIds: 3349: haldeviceIds: 1
03-07 22:52:01.577  1999  5353 D AHAL: AudioDevice: GetPalDeviceIds: 3356: Found haldeviceId: 2 and PAL Device ID 3
03-07 22:52:01.577  1999  5353 D AHAL: AudioDevice: GetPalDeviceIds: 3375: devices allocated 1, pal device ids before returning 1
03-07 22:52:01.577  1999  5353 D PAL: ResourceManager: getVirtualAudioMixer: 4887: ar 0x7cc5118098K audio_virt_mixer 0xb400007ed415aa50K
03-07 22:52:01.579  1999 16586 D AHAL: AudioDevice: GetPalDeviceIds: 3349: haldeviceIds: 1
03-07 22:52:01.579  1999 16586 D AHAL: AudioDevice: GetPalDeviceIds: 3356: Found haldeviceId: 2 and PAL Device ID 3
03-07 22:52:01.579  1999 16586 D AHAL: AudioDevice: GetPalDeviceIds: 3375: devices allocated 1, pal device ids before returning 1
03-07 22:52:01.579  1999 16586 D AHAL: AudioDevice: GetPalDeviceIds: 3349: haldeviceIds: 1
03-07 22:52:01.579  1999 16586 D AHAL: AudioDevice: GetPalDeviceIds: 3356: Found haldeviceId: 2 and PAL Device ID 3
03-07 22:52:01.579  1999 16586 D AHAL: AudioDevice: GetPalDeviceIds: 3375: devices allocated 1, pal device ids before returning 1
03-07 22:52:01.579  1999 16586 D AHAL: AudioDevice: GetPalDeviceIds: 3349: haldeviceIds: 1
03-07 22:52:01.579  1999 16586 D AHAL: AudioDevice: GetPalDeviceIds: 3356: Found haldeviceId: 2 and PAL Device ID 3
03-07 22:52:01.579  1999 16586 D AHAL: AudioDevice: GetPalDeviceIds: 3375: devices allocated 1, pal device ids before returning 1
03-07 22:52:01.613  1999 16586 D AHAL: AudioDevice: GetPalDeviceIds: 3349: haldeviceIds: 1
03-07 22:52:01.613  1999 16586 D AHAL: AudioDevice: GetPalDeviceIds: 3356: Found haldeviceId: 2 and PAL Device ID 3
03-07 22:52:01.613  1999 16586 D AHAL: AudioDevice: GetPalDeviceIds: 3375: devices allocated 1, pal device ids before returning 1
03-07 22:52:01.613  1999 16586 D PAL: ResourceManager: getVirtualAudioMixer: 4887: ar 0x7cc4c3b128K audio_virt_mixer 0xb400007ed415aa50K
03-07 22:52:01.616  2686  5369 D VibratorManagerService: Vibration for uid=10139 and with attrs=VibrationAttributes{mUsage=HARDWARE_FEEDBACK, mAudioUsage= USAGE_UNKNOWN, mFlags=0} ended with status FINISHED
03-07 22:52:01.666  2686 11562 I MediaFocusControl: abandonAudioFocus() from uid/pid 10266/21776 clientId=android.media.AudioManager@55db8d9com.google.android.exoplayer2.AudioFocusManager$AudioFocusListener@810029e callingPack=com.miui.newhome
03-07 22:52:01.667  7731  7731 D plgin_MiuiAudioPlaybackManager: AudioFocusMonitor: onAudioFocusLoss, pkg: ,com.miui.newhome uid: ,10266 hasNotified: false
03-07 22:52:01.671  3284  8293 E libsensor-parseRGB: CWB NotifyCWBBufferDone  error 0
03-07 22:52:01.679  5942  8023 D RecentsTaskLoader: reloadTasksData [TaskKey{id=435, stackId=0, baseIntent=Intent { flg=0x10000000 cmp=com.wordland/.ui.MainActivity }, userId=0, lastActiveTime=102018083, windowingMode=1, isThumbnailBlur=false, isAccessLocked=false, isScreening=false, topActivity=ComponentInfo{com.wordland/com.wordland.ui.MainActivity}, mHashCode=13882637}, title=Wordland, titleDescription=Wordland, bounds=null, isLaunchTarget=true, isStackTask=true, isSystemApp=false, isDockable=true, baseActivity=ComponentInfo{com.wordland/com.wordland.ui.MainActivity}, isLocked=false, mNeedHide=false, hasMultipleTasks=false, cti1Key=, cti2Key=, cti1Task=, cti2Task=] 
03-07 22:52:01.687 21776 27709 I AudioTrack: stop(sessionID=3105), packageName: com.miui.newhome
03-07 22:52:01.687 21776 27709 D AudioTrack: stop(580): prior state:STATE_FLUSHED
03-07 22:52:01.688 21776 27709 D AudioTrack: ~AudioTrack(sessionID=3105)
03-07 22:52:01.688 21216 21496 W BtAudioPlaybackCallback: onPlaybackConfigChanged() count: 10
03-07 22:52:01.689 21216 21496 W BtAudioPlaybackCallback: handleMessage: MSG_EXECUTE_FUNC
03-07 22:52:01.689  7731 21756 D plgin_MiuiAudioSwitchCoreManager: receive msg = 111
03-07 22:52:01.689  7731 21756 D plgin_MiuiAudioPlaybackManager: activePlayerState before, uid = ,10266 pid = , 21776 startedCount = ,0 stopedCount = ,1 usages=%s[]
03-07 22:52:01.689  7731 21756 D plgin_MiuiAudioPlaybackManager: activePlayerState mCurrentFocusUid=-1
03-07 22:52:01.689  7731 21756 D plgin_MiuiAudioPlaybackManager: currentTime - mLossAudioFocusTime  22
03-07 22:52:01.689  7731 21756 D plgin_MiuiAudioPlaybackManager: currentTime - mLossAudioFocusTime  22
03-07 22:52:01.690 21216 21496 W BtAudioPlaybackCallback: onPlaybackConfigChanged() count: 9
03-07 22:52:01.690 21216 21496 W BtAudioPlaybackCallback: handleMessage: MSG_EXECUTE_FUNC
03-07 22:52:01.690 21776 27709 I AudioTrack: stop(sessionID=3105), packageName: com.miui.newhome
03-07 22:52:01.690 21776 27709 D AudioTrack: stop(580): prior state:STATE_FLUSHED
03-07 22:52:01.690 21216 21216 W BtAudioPlaybackCallback: onPlaybackConfigChanged() count: 10
03-07 22:52:01.690 21216 21216 W BtAudioPlaybackCallback: onPlaybackConfigChanged() count: 10
03-07 22:52:01.690 21216 21216 W BtAudioPlaybackCallback: onPlaybackConfigChanged() count: 19
03-07 22:52:01.690 21216 21216 W BtAudioPlaybackCallback: onPlaybackConfigChanged() count: 19
03-07 22:52:01.690 21216 21216 W BtAudioPlaybackCallback: handleMessage: MSG_EXECUTE_FUNC
03-07 22:52:01.690 21216 21216 W BtAudioPlaybackCallback: handleMessage: MSG_EXECUTE_FUNC
03-07 22:52:01.690 21216 21216 W BtAudioPlaybackCallback: handleMessage: MSG_EXECUTE_FUNC
03-07 22:52:01.690 21216 21216 W BtAudioPlaybackCallback: handleMessage: MSG_EXECUTE_FUNC
03-07 22:52:01.690  7731 21756 D plgin_MiuiAudioPlaybackManager: currentTime - mLossAudioFocusTime  23
03-07 22:52:01.691  7731 21756 D plgin_MiuiAudioPlaybackManager: currentTime - mLossAudioFocusTime  24
03-07 22:52:01.691  7731 21756 D plgin_MiuiAudioPlaybackManager: currentTime - mLossAudioFocusTime  24
03-07 22:52:01.691  7731 21756 D plgin_MiuiAudioPlaybackManager: currentTime - mLossAudioFocusTime  24
03-07 22:52:01.691  7731 21756 D plgin_MiuiAudioPlaybackManager: currentTime - mLossAudioFocusTime  24
03-07 22:52:01.691  7731 21756 D plgin_MiuiAudioPlaybackManager: currentTime - mLossAudioFocusTime  24
03-07 22:52:01.692  7731 21756 D plgin_MiuiAudioPlaybackManager: currentTime - mLossAudioFocusTime  24
03-07 22:52:01.693  7731 21756 D plgin_MiuiAudioPlaybackManager: currentTime - mLossAudioFocusTime  26
03-07 22:52:01.693  7731 21756 D plgin_MiuiAudioPlaybackManager: activePlayerState after,, uid=-1, pid=-1, startedCount=0, stopedCount=0, usages=[]
03-07 22:52:01.693  7731 21756 D plgin_MiuiAudioSwitchCoreManager: receive msg = 111
03-07 22:52:01.693  7731 21756 D plgin_MiuiAudioPlaybackManager: activePlayerState before, uid = ,-1 pid = , -1 startedCount = ,0 stopedCount = ,0 usages=%s[]
03-07 22:52:01.693  7731 21756 D plgin_MiuiAudioPlaybackManager: activePlayerState mCurrentFocusUid=-1
03-07 22:52:01.693  7731 21756 D plgin_MiuiAudioPlaybackManager: currentTime - mLossAudioFocusTime  26
03-07 22:52:01.693  7731 21756 D plgin_MiuiAudioPlaybackManager: currentTime - mLossAudioFocusTime  26
03-07 22:52:01.693  7731 21756 D plgin_MiuiAudioPlaybackManager: currentTime - mLossAudioFocusTime  26
03-07 22:52:01.693  7731 21756 D plgin_MiuiAudioPlaybackManager: currentTime - mLossAudioFocusTime  26
03-07 22:52:01.693  7731 21756 D plgin_MiuiAudioPlaybackManager: currentTime - mLossAudioFocusTime  26
03-07 22:52:01.693  7731 21756 D plgin_MiuiAudioPlaybackManager: currentTime - mLossAudioFocusTime  26
03-07 22:52:01.693  7731 21756 D plgin_MiuiAudioPlaybackManager: currentTime - mLossAudioFocusTime  26
03-07 22:52:01.693  7731 21756 D plgin_MiuiAudioPlaybackManager: currentTime - mLossAudioFocusTime  26
03-07 22:52:01.698  7731 21756 D plgin_MiuiAudioPlaybackManager: currentTime - mLossAudioFocusTime  31
03-07 22:52:01.698  7731 21756 D plgin_MiuiAudioPlaybackManager: activePlayerState after,, uid=-1, pid=-1, startedCount=0, stopedCount=0, usages=[]
03-07 22:52:01.729  2201  4214 D AudioFlinger: noteStopAudioInNeed
03-07 22:52:01.729  2201  4214 V AudioPolicyInterfaceImpl: stopOutput()
03-07 22:52:01.731  2686  2826 E BatteryStatsService: note StopAudioToPower BatteryStatsservices10266 21776 3105 580 2
03-07 22:52:01.731  2686  2826 D BatteryStatsManagerStub: noteStopAudioInNeed uid is 10266, pid is 21776, session is 3105, port is 580, type is 2
03-07 22:52:01.731 13942 20947 I PowerKeeper.Event: noteStopAudioInNeed uid is 10266, sessionid is 3105, port is 580, type is 2
03-07 22:52:01.732  2201  4214 V AudioPolicyInterfaceImpl: releaseOutput()
03-07 22:52:01.732  2201  3166 V AudioPolicyInterfaceImpl: doStopOutput
03-07 22:52:01.732  2201  3166 I AudioEffect: disable 0xb400007b56ff1930
03-07 22:52:01.732  2201  4214 D AudioFlinger: updateWakeLockUids_l AudioOut_25 uids:
03-07 22:52:01.732  1999  5352 D AHAL: AudioStreamCustom: outUpdateSourceMetadataV7: 1630: track count is 0 for usecase(0: deep-buffer-playback)
03-07 22:52:01.732  2201  3166 I AudioEffect: disable 0xb400007b56ffdb70
03-07 22:52:01.733  2201  3166 I AudioEffect: Destructor 0xb400007b56ffdb70
03-07 22:52:01.752  2201  3166 I AudioEffect: Destructor 0xb400007b56ff1930
03-07 22:52:01.753  2201  3166 D APM_AudioPolicyManager: stopOutput portId 580
03-07 22:52:01.753  2201  3166 D APM_AudioPolicyManager: stoptOutput() output 37, portId 580, stream 3, session 3105, sample_rate 44100, format 0x1, channel_mask 0x3, appname com.miui.newhome)
03-07 22:52:01.753  2201  3166 D APM_AudioPolicyManager: setOutputDevices caller stopSource[[portId:9][io:37, deep_buffer]] prevDevice {AUDIO_DEVICE_OUT_SPEAKER, @:}
03-07 22:52:01.770  1999 28468 V EffectMiSound: MiSound_Command EFFECT_CMD_SET_DEVICE: 0x00000002
03-07 22:52:01.770  2201  3166 D AudioFlinger: addEffect_ll(): MiSound added on session 0 and audio IO 13
03-07 22:52:01.770  2201  3166 V EffectModule: command, MiSound cmdCode: 5, mEffectInterface: 0xb400007cc6fef670
03-07 22:52:01.770  1999  5352 V EffectMiSound: MiSound_setParameter() unsupport parameters!
03-07 22:52:01.770  2686  6911 I AudioEffect: commandExecuted(): 0xb40000736d967e50, cmdCode = 5
03-07 22:52:01.771  2201 16609 I AudioEffect: commandExecuted(): 0xb400007b56fed3d0, cmdCode = 5
03-07 22:52:01.771  2201 16609 I AudioEffect: commandExecuted(): 0xb400007b56feb810, cmdCode = 5
03-07 22:52:01.770  7731  7897 I AudioEffect: commandExecuted(): 0xb40000736d89f240, cmdCode = 5
03-07 22:52:01.771  2686  7619 I AudioEffect: commandExecuted(): 0xb40000736d9682f0, cmdCode = 5
03-07 22:52:01.771  1999  4229 D DlbEffectQdspDap: setAudioMode(mode = 0)
03-07 22:52:01.771  2201  3166 D AudioFlinger: updateOffloaded() => offload 1 on audio io 13
03-07 22:52:01.771  2201 16609 I AudioEffect: commandExecuted(): 0xb400007b56feb810, cmdCode = 5
03-07 22:52:01.771  2201  3166 D AudioFlinger: moveEffectChain_ll: successful move of session 0 from srcThread 0xb400007ddcd49fe8 to dstThread 0xb400007de056dfe8 (2 effects moved, 1 effects started)
03-07 22:52:01.772  2201  3166 W AudioFlinger: moveEffectChain_ll: effect chain for session 0 not on source thread 0xb400007ddcd49fe8
03-07 22:52:01.772  2686  7619 I AudioEffect: commandExecuted(): 0xb40000736d9682f0, cmdCode = 5
03-07 22:52:01.772 13942 24641 I AudioEffect: commandExecuted(): 0xb40000736d8a6a80, cmdCode = 5
03-07 22:52:01.772 13942 24641 I AudioEffect: commandExecuted(): 0xb40000736d8a6a80, cmdCode = 5
03-07 22:52:01.772 13942 20947 I AudioEffect: commandExecuted(): 0xb40000736d8a0960, cmdCode = 5
03-07 22:52:01.774  2201  3165 D AudioFlingerImpl: meetingpowerpolicy showMap from other ++++++
03-07 22:52:01.774  2201  3165 D AudioFlingerImpl: meetingpowerpolicy mVoipTxAppCount 0 mTargetRecordMode 0 mSupportMeetingPower 0 mIsSpeakerMic 1
03-07 22:52:01.774  2201  3165 D AudioFlingerImpl: meetingpowerpolicy showMap from other ------
03-07 22:52:01.774  1999 25711 D AHAL: AudioStream: astream_out_set_parameters: 1136: enter: usecase(0: deep-buffer-playback) kvpairs: appname=-com.miui.newhome
03-07 22:52:01.774  1999 25711 D AHAL: AudioStreamCustom: SetParameters: 321: Enter
03-07 22:52:01.774  1999 25711 D AHAL: AudioStreamCustom: SetParameters: 336: Set app name -com.miui.newhome
03-07 22:52:01.774  1999 25711 D AHAL: AudioStreamCustom: updateLpMode: 243: speaker lp mode not changed  mode 0  app_name com.miui.newhome
03-07 22:52:01.774  1999 25711 D AHAL: AudioStreamCustom: platform_set_out_scenario: 65: Enter, CurrentScenario model is 4
03-07 22:52:01.774  1999 25711 D AHAL: AudioStreamCustom: set_scenario: 90: set_scenario mode: 1
03-07 22:52:01.774  1999 25711 D AHAL: AudioStreamCustom: set_scenario: 94: set_scenario notify gef dev 2, channel_mask 0x3, sampleRate 48000, flags 8, mode 0x1
03-07 22:52:01.774  1999 25711 D AHAL: AudioStreamCustom: platform_set_out_scenario: 79: Exit, CurrentScenario model is 1
03-07 22:52:01.774  1999 25711 D AHAL: AudioStream: SetParameters: 3332: enter 
03-07 22:52:01.774  1999 25711 E AHAL: AudioStream: SetParameters: 3343: error 0, failed to get stream and controller
03-07 22:52:01.774  1999 25711 D AHAL: AudioStream: SetParameters: 3380: Exit 0
03-07 22:52:01.774  1999 25711 D AHAL: AudioStreamCustom: SetParameters: 490: Exit: 0
03-07 22:52:01.774  1999 25711 D AHAL: AudioStream: astream_out_set_parameters: 1153: Exit ret: 0
03-07 22:52:01.775  2201  3166 V AudioPolicyInterfaceImpl: doReleaseOutput from tid 3166
03-07 22:52:01.775  2201  3166 D APM_AudioPolicyManager: releaseOutput portId 580
03-07 22:52:01.775  2201  3166 D APM_AudioPolicyManager: releaseOutput() output 37, stream 3, session 3105 [uid=10266]
03-07 22:52:01.868  3284  3490 E libsensor-parseRGB: CWB NotifyCWBBufferDone  error 0
03-07 22:52:02.077  3284  8293 E libsensor-parseRGB: CWB NotifyCWBBufferDone  error 0
03-07 22:52:02.286  3284  8293 E libsensor-parseRGB: CWB NotifyCWBBufferDone  error 0
03-07 22:52:02.495  3284  3490 E libsensor-parseRGB: CWB NotifyCWBBufferDone  error 0
03-07 22:52:02.574  2686  7619 D VibratorManagerServiceImpl: attrs = VibrationAttributes{mUsage=HARDWARE_FEEDBACK, mAudioUsage= USAGE_UNKNOWN, mFlags=0}, attrs.usage = 50
03-07 22:52:02.641  2686  5369 D VibratorManagerService: Vibration for uid=10139 and with attrs=VibrationAttributes{mUsage=HARDWARE_FEEDBACK, mAudioUsage= USAGE_UNKNOWN, mFlags=0} ended with status FINISHED
03-07 22:52:02.725  3284  8293 E libsensor-parseRGB: CWB NotifyCWBBufferDone  error 0
03-07 22:52:02.765 21776 27344 D AudioTrackImpl: [audioTrackData][fine] 36s(f:36036 m:0 s:0 k:0 z:0) : pid 21776 uid 10266 sessionId 3121 sr 44100 ch 2 fmt 1 maxAmplitude 15882
03-07 22:52:02.931  3284  3490 E libsensor-parseRGB: CWB NotifyCWBBufferDone  error 0
03-07 22:52:03.142  3284  8293 E libsensor-parseRGB: CWB NotifyCWBBufferDone  error 0
03-07 22:52:03.332  2686  6196 D VibratorManagerServiceImpl: attrs = VibrationAttributes{mUsage=HARDWARE_FEEDBACK, mAudioUsage= USAGE_UNKNOWN, mFlags=0}, attrs.usage = 50
03-07 22:52:03.341  3284  3490 E libsensor-parseRGB: CWB NotifyCWBBufferDone  error 0
03-07 22:52:03.407 13942 24641 D PowerKeeper.Audio: onForegroundInfoChanged mSubScreenUid=-1
03-07 22:52:03.408 21216 23668 I BluetoothAdapterService: getActiveDevices: CallAudio device: null
03-07 22:52:03.413 21216 23668 I BluetoothAdapterService: getActiveDevices: LeAudio devices: Lead[null] - member_1[null]
03-07 22:52:03.414  2201  5718 D AudioFlingerImpl: setGameParameters keyvalue: bluetoothlowlatencystatus=false;foregroundUid=10456
03-07 22:52:03.415  1999 25711 D AHAL: AudioDeviceCustom: SetParameters: 134: SetParameters bluetoothlowlatencystatus=false;foregroundUid=10456
03-07 22:52:03.415  1999 25711 D AHAL: AudioDeviceCustom: SetParameters: 447: AUDIO_MODE_RINGTONE 1 speaker_number  mode 0
03-07 22:52:03.415  1999 25711 D AHAL: AudioDevice: SetParameters: 1763: Enter: kvpairs is bluetoothlowlatencystatus=false;foregroundUid=10456
03-07 22:52:03.415  1999 25711 D AHAL: AudioVoice: VoiceSetParameters: 215: Enter params: bluetoothlowlatencystatus=false;foregroundUid=10456
03-07 22:52:03.415  1999 25711 D AHAL: AudioVoice: VoiceSetParameters: 682: Exit ret: 0
03-07 22:52:03.415  1999 25711 D AHAL: AudioDevice: SetParameters: 2904: Exit: -2
03-07 22:52:03.423  2686  5369 D VibratorManagerService: Vibration for uid=10139 and with attrs=VibrationAttributes{mUsage=HARDWARE_FEEDBACK, mAudioUsage= USAGE_UNKNOWN, mFlags=0} ended with status FINISHED
03-07 22:52:03.424  2686 11488 D AS.AudioService: mSupportFakeHfpApp{com.ss.android.ugc.aweme=0, com.microsoft.teams=0, com.baidu.BaiduMap=0, com.systec.umeeting=0, com.cisco.webex.meetings=0, com.tencent.mobileqq=0, com.skype.raider=0, com.instagram.android=0, com.ss.android.lark.kami=0, com.zhiliaoapp.musically=0, com.skype.rover=0, com.smile.gifmaker=0, com.ss.android.lark.saxmsa667=0, com.tencent.wemeet.app=0, com.mediatek.engineermode=0, com.ss.android.ugc.aweme.lite=0, com.alibaba.android.rimet=0, com.autonavi.minimap=0, com.whatsapp=0, com.immomo.momo=0, com.facebook.katana=0, com.taobao.idlefish=0, com.tencent.lolm=0, com.tencent.mf.uam=0, com.xingin.xhs=0, com.cisco.wx2.android=0, com.tencent.tmgp.sgame=0, com.tencent.tmgp.pubgmhd=0, com.ss.android.lark=0, im.yixin=0} packageName com.android.bluetooth appVersion 36 mSupportFakeHfpApp.get(packageName) null
03-07 22:52:03.425 21216 23668 D BluetoothLatencyMode: isWiredAudioHeadset.type: 1
03-07 22:52:03.426 21216 23668 D BluetoothLatencyMode: isWiredAudioHeadset.type: 2
03-07 22:52:03.426 21216 23668 D BluetoothLatencyMode: isWiredAudioHeadset.type: 18
03-07 22:52:03.429  5942  8023 D RecentsTaskLoader: reloadTasksData [TaskKey{id=435, stackId=0, baseIntent=Intent { flg=0x10000000 cmp=com.wordland/.ui.MainActivity }, userId=0, lastActiveTime=102058637, windowingMode=1, isThumbnailBlur=false, isAccessLocked=false, isScreening=false, topActivity=ComponentInfo{com.wordland/com.wordland.ui.MainActivity}, mHashCode=13882637}, title=Wordland, titleDescription=Wordland, bounds=null, isLaunchTarget=true, isStackTask=true, isSystemApp=false, isDockable=true, baseActivity=ComponentInfo{com.wordland/com.wordland.ui.MainActivity}, isLocked=false, mNeedHide=false, hasMultipleTasks=false, cti1Key=, cti2Key=, cti1Task=, cti2Task=] 
03-07 22:52:03.482  5942  8023 D RecentsTaskLoader: reloadTasksData [TaskKey{id=435, stackId=0, baseIntent=Intent { flg=0x10000000 cmp=com.wordland/.ui.MainActivity }, userId=0, lastActiveTime=102058637, windowingMode=1, isThumbnailBlur=false, isAccessLocked=false, isScreening=false, topActivity=ComponentInfo{com.wordland/com.wordland.ui.MainActivity}, mHashCode=13882637}, title=Wordland, titleDescription=Wordland, bounds=null, isLaunchTarget=true, isStackTask=true, isSystemApp=false, isDockable=true, baseActivity=ComponentInfo{com.wordland/com.wordland.ui.MainActivity}, isLocked=false, mNeedHide=false, hasMultipleTasks=false, cti1Key=, cti2Key=, cti1Task=, cti2Task=] 
03-07 22:52:03.518  2201  5718 D AudioFlingerImpl: setGameParameters keyvalue: gamebooster=false
03-07 22:52:03.519  1999 25711 D AHAL: AudioDeviceCustom: SetParameters: 134: SetParameters gamebooster=false
03-07 22:52:03.519  1999 25711 D AHAL: AudioDeviceCustom: SetParameters: 447: AUDIO_MODE_RINGTONE 1 speaker_number  mode 0
03-07 22:52:03.519  1999 25711 D AHAL: AudioDevice: SetParameters: 1763: Enter: kvpairs is gamebooster=false
03-07 22:52:03.519  1999 25711 D AHAL: AudioVoice: VoiceSetParameters: 215: Enter params: gamebooster=false
03-07 22:52:03.519  1999 25711 D AHAL: AudioVoice: VoiceSetParameters: 682: Exit ret: 0
03-07 22:52:03.519  1999 25711 D AHAL: AudioDevice: SetParameters: 2904: Exit: -2
03-07 22:52:03.548  3284  3490 E libsensor-parseRGB: CWB NotifyCWBBufferDone  error 0
03-07 22:52:03.593  1999 25711 D AHAL: AudioStream: astream_out_standby: 775: enter: stream (0xb400007da4167310), usecase(0: deep-buffer-playback)
03-07 22:52:03.593  1999 25711 D AHAL: AudioStreamCustom: Standby: 770: usecase_ is 0
03-07 22:52:03.594  1999 25711 D AHAL: AudioStreamCustom: Standby: 779: onetrack rbis
03-07 22:52:03.594  1999 25711 D AHAL: AudioDeviceCustom: setSpkLpMode: 1599: set spk lp-mode to 0
03-07 22:52:03.594  1999 25711 D AHAL: AudioStream: Standby: 2694: Enter
03-07 22:52:03.599  1999 25711 D PAL: ResourceManager: getVirtualAudioMixer: 4887: ar 0x7c967f7108K audio_virt_mixer 0xb400007ed415aa50K
03-07 22:52:03.599  1999 25711 D kv_xml_parser: metadata_print:    key[DevicePP_Rx] value[Audio_MBDRC]
03-07 22:52:03.624  1999 25711 D PAL: ResourceManager: HandleConcurrencyForSoundTriggerStreams: 5901: Enter, stream type 2 (PAL_STREAM_DEEP_BUFFER), direction 1, active 0
03-07 22:52:03.624  1999 25711 I PAL: ResourceManager: HandleConcurrencyForSoundTriggerStreams: 5965: Update use lpi flag to 1
03-07 22:52:03.624  1999 25711 D PAL: ResourceManager: HandleConcurrencyForSoundTriggerStreams: 5971: Exit
03-07 22:52:03.624  1999 25711 D AHAL: AudioStream: Standby: 2777: Exit ret: 0
03-07 22:52:03.624  1999 25711 D AHAL: AudioStream: astream_out_standby: 787: Exit ret: 0
03-07 22:52:03.764  3284  8293 E libsensor-parseRGB: CWB NotifyCWBBufferDone  error 0
03-07 22:52:03.955  3284  8293 E libsensor-parseRGB: CWB NotifyCWBBufferDone  error 0
03-07 22:52:04.173  3284  3490 E libsensor-parseRGB: CWB NotifyCWBBufferDone  error 0
03-07 22:52:04.323  5942  8023 D RecentsTaskLoader: reloadTasksData [TaskKey{id=435, stackId=0, baseIntent=Intent { flg=0x10000000 cmp=com.wordland/.ui.MainActivity }, userId=0, lastActiveTime=102058637, windowingMode=1, isThumbnailBlur=false, isAccessLocked=false, isScreening=false, topActivity=ComponentInfo{com.wordland/com.wordland.ui.MainActivity}, mHashCode=13882637}, title=Wordland, titleDescription=Wordland, bounds=null, isLaunchTarget=true, isStackTask=true, isSystemApp=false, isDockable=true, baseActivity=ComponentInfo{com.wordland/com.wordland.ui.MainActivity}, isLocked=false, mNeedHide=false, hasMultipleTasks=false, cti1Key=, cti2Key=, cti1Task=, cti2Task=] 
03-07 22:52:04.372  3284  8293 E libsensor-parseRGB: CWB NotifyCWBBufferDone  error 0
03-07 22:52:04.588  3284  3490 E libsensor-parseRGB: CWB NotifyCWBBufferDone  error 0
03-07 22:52:04.788  3284  3490 E libsensor-parseRGB: CWB NotifyCWBBufferDone  error 0
03-07 22:52:05.010  3284  3284 E libsensor-parseRGB: CWB NotifyCWBBufferDone  error 0
03-07 22:52:05.206  3284  3490 E libsensor-parseRGB: CWB NotifyCWBBufferDone  error 0
03-07 22:52:05.453  3284  3490 E libsensor-parseRGB: CWB NotifyCWBBufferDone  error 0
03-07 22:52:05.602  3284  3284 E libsensor-parseRGB: CWB NotifyCWBBufferDone  error 0
03-07 22:52:05.712 21776 27307 D AudioTrackImpl: [audioTrackData][fine] 40s(f:40015 m:0 s:0 k:0 z:0) : pid 21776 uid 10266 sessionId 3113 sr 44100 ch 2 fmt 1 maxAmplitude 30965
03-07 22:52:05.862  3284  3490 E libsensor-parseRGB: CWB NotifyCWBBufferDone  error 0
03-07 22:52:06.052  3284  3490 E libsensor-parseRGB: CWB NotifyCWBBufferDone  error 0
03-07 22:52:06.263  3284  8293 E libsensor-parseRGB: CWB NotifyCWBBufferDone  error 0
03-07 22:52:06.419 13942 17290 I AudioEffect: getParameter: param: 5, param2: -1
03-07 22:52:06.422 13942 17290 D android.media.audiofx.presenter.QcomEffectPresenter: isSpatialAudioActive: false, from: com.miui.powerkeeper
03-07 22:52:06.424 13942 17290 I AudioEffect: getParameter: param: 5, param2: -1
03-07 22:52:06.425 13942 17290 D android.media.audiofx.presenter.QcomEffectPresenter: isSpatialAudioActive: false, from: com.miui.powerkeeper
03-07 22:52:06.467  3284  3490 E libsensor-parseRGB: CWB NotifyCWBBufferDone  error 0
03-07 22:52:06.669  3284  8293 E libsensor-parseRGB: CWB NotifyCWBBufferDone  error 0
03-07 22:52:06.869  3284  3490 E libsensor-parseRGB: CWB NotifyCWBBufferDone  error 0
03-07 22:52:07.077  3284  8293 E libsensor-parseRGB: CWB NotifyCWBBufferDone  error 0
03-07 22:52:07.351  3284  8293 E libsensor-parseRGB: CWB NotifyCWBBufferDone  error 0
03-07 22:52:07.518  3284  3284 E libsensor-parseRGB: CWB NotifyCWBBufferDone  error 0
03-07 22:52:07.772 21776 27344 D AudioTrackImpl: [audioTrackData][fine] 41s(f:41042 m:0 s:0 k:0 z:0) : pid 21776 uid 10266 sessionId 3121 sr 44100 ch 2 fmt 1 maxAmplitude 15882
03-07 22:52:07.867  3284  3490 E libsensor-parseRGB: CWB NotifyCWBBufferDone  error 0
03-07 22:52:08.051  3284  8293 E libsensor-parseRGB: CWB NotifyCWBBufferDone  error 0
03-07 22:52:08.252  3284  3490 E libsensor-parseRGB: CWB NotifyCWBBufferDone  error 0
03-07 22:52:08.459  3284  3284 E libsensor-parseRGB: CWB NotifyCWBBufferDone  error 0
03-07 22:52:08.659  3284  3284 E libsensor-parseRGB: CWB NotifyCWBBufferDone  error 0
03-07 22:52:08.866  3284  3490 E libsensor-parseRGB: CWB NotifyCWBBufferDone  error 0
03-07 22:52:09.075  3284  3490 E libsensor-parseRGB: CWB NotifyCWBBufferDone  error 0
03-07 22:52:09.274  3284  3284 E libsensor-parseRGB: CWB NotifyCWBBufferDone  error 0
03-07 22:52:09.484  3284  3284 E libsensor-parseRGB: CWB NotifyCWBBufferDone  error 0
03-07 22:52:09.692  3284  3490 E libsensor-parseRGB: CWB NotifyCWBBufferDone  error 0
03-07 22:52:09.899  3284  3284 E libsensor-parseRGB: CWB NotifyCWBBufferDone  error 0
03-07 22:52:10.148  3284  3490 E libsensor-parseRGB: CWB NotifyCWBBufferDone  error 0
03-07 22:52:10.354  3284  3284 E libsensor-parseRGB: CWB NotifyCWBBufferDone  error 0
03-07 22:52:10.579  3284  3490 E libsensor-parseRGB: CWB NotifyCWBBufferDone  error 0
03-07 22:52:10.720 21776 27307 D AudioTrackImpl: [audioTrackData][fine] 45s(f:45023 m:0 s:0 k:0 z:0) : pid 21776 uid 10266 sessionId 3113 sr 44100 ch 2 fmt 1 maxAmplitude 30965
03-07 22:52:10.744  3284  8293 E libsensor-parseRGB: CWB NotifyCWBBufferDone  error 0
03-07 22:52:10.945  3284  3490 E libsensor-parseRGB: CWB NotifyCWBBufferDone  error 0
03-07 22:52:11.126  3284  3284 E libsensor-parseRGB: CWB NotifyCWBBufferDone  error 0
03-07 22:52:11.336  3284  3284 E libsensor-parseRGB: CWB NotifyCWBBufferDone  error 0
03-07 22:52:11.542  3284  3284 E libsensor-parseRGB: CWB NotifyCWBBufferDone  error 0
03-07 22:52:11.751  3284  3490 E libsensor-parseRGB: CWB NotifyCWBBufferDone  error 0
03-07 22:52:12.000  3284  3284 E libsensor-parseRGB: CWB NotifyCWBBufferDone  error 0
03-07 22:52:12.192  3284  8293 E libsensor-parseRGB: CWB NotifyCWBBufferDone  error 0
03-07 22:52:12.400  3284  8293 E libsensor-parseRGB: CWB NotifyCWBBufferDone  error 0
03-07 22:52:12.674  3284  8293 E libsensor-parseRGB: CWB NotifyCWBBufferDone  error 0
03-07 22:52:12.778 21776 27344 D AudioTrackImpl: [audioTrackData][fine] 46s(f:46049 m:0 s:0 k:0 z:0) : pid 21776 uid 10266 sessionId 3121 sr 44100 ch 2 fmt 1 maxAmplitude 15882
03-07 22:52:12.906  3284  3490 E libsensor-parseRGB: CWB NotifyCWBBufferDone  error 0
03-07 22:52:13.092  3284  8293 E libsensor-parseRGB: CWB NotifyCWBBufferDone  error 0
03-07 22:52:13.405  3284  3490 E libsensor-parseRGB: CWB NotifyCWBBufferDone  error 0
03-07 22:52:13.573  3284  8293 E libsensor-parseRGB: CWB NotifyCWBBufferDone  error 0
03-07 22:52:13.806  3284  3284 E libsensor-parseRGB: CWB NotifyCWBBufferDone  error 0
03-07 22:52:14.005  3284  8293 E libsensor-parseRGB: CWB NotifyCWBBufferDone  error 0
03-07 22:52:14.338  3284  8293 E libsensor-parseRGB: CWB NotifyCWBBufferDone  error 0
03-07 22:52:14.548  3284  8293 E libsensor-parseRGB: CWB NotifyCWBBufferDone  error 0
03-07 22:52:14.751  3284  8293 E libsensor-parseRGB: CWB NotifyCWBBufferDone  error 0
03-07 22:52:14.960  3284  3490 E libsensor-parseRGB: CWB NotifyCWBBufferDone  error 0
03-07 22:52:15.170  3284  8293 E libsensor-parseRGB: CWB NotifyCWBBufferDone  error 0
03-07 22:52:15.315 12399 12399 D TTSController: Starting TTS initialization...
03-07 22:52:15.315 12399 12399 D TTSController: Context type: WordlandApplication
03-07 22:52:15.315 12399 12399 D TTSController: Application context: WordlandApplication
03-07 22:52:15.315 12399 12399 D TTSController: Creating TextToSpeech with application context...
03-07 22:52:15.326 12399 12399 D TTSController: onInit called with status: -1 (SUCCESS=0, ERROR=-1)
03-07 22:52:15.326 12399 12399 E TTSController: TTS initialization failed: TTS engine not available, not installed, or disabled
03-07 22:52:15.326 12399 12399 D TTSController: TTS object created, waiting for onInit callback...
03-07 22:52:15.374  3284  3490 E libsensor-parseRGB: CWB NotifyCWBBufferDone  error 0
03-07 22:52:15.576  3284  8293 E libsensor-parseRGB: CWB NotifyCWBBufferDone  error 0
03-07 22:52:15.725 21776 27307 D AudioTrackImpl: [audioTrackData][fine] 50s(f:50028 m:0 s:0 k:0 z:0) : pid 21776 uid 10266 sessionId 3113 sr 44100 ch 2 fmt 1 maxAmplitude 30965
03-07 22:52:15.782  3284  8293 E libsensor-parseRGB: CWB NotifyCWBBufferDone  error 0
03-07 22:52:15.984  3284  3490 E libsensor-parseRGB: CWB NotifyCWBBufferDone  error 0
03-07 22:52:16.190  3284  3284 E libsensor-parseRGB: CWB NotifyCWBBufferDone  error 0
03-07 22:52:16.398  3284  3490 E libsensor-parseRGB: CWB NotifyCWBBufferDone  error 0
03-07 22:52:16.610  3284  3284 E libsensor-parseRGB: CWB NotifyCWBBufferDone  error 0
03-07 22:52:16.813  3284  3490 E libsensor-parseRGB: CWB NotifyCWBBufferDone  error 0
03-07 22:52:17.015  3284  8293 E libsensor-parseRGB: CWB NotifyCWBBufferDone  error 0
03-07 22:52:17.221  3284  3490 E libsensor-parseRGB: CWB NotifyCWBBufferDone  error 0
03-07 22:52:17.420  3284  3490 E libsensor-parseRGB: CWB NotifyCWBBufferDone  error 0
03-07 22:52:17.628  3284  8293 E libsensor-parseRGB: CWB NotifyCWBBufferDone  error 0
03-07 22:52:17.784 21776 27344 D AudioTrackImpl: [audioTrackData][fine] 51s(f:51054 m:0 s:0 k:0 z:0) : pid 21776 uid 10266 sessionId 3121 sr 44100 ch 2 fmt 1 maxAmplitude 15882
03-07 22:52:17.837  3284  3284 E libsensor-parseRGB: CWB NotifyCWBBufferDone  error 0
03-07 22:52:18.069  3284  3490 E libsensor-parseRGB: CWB NotifyCWBBufferDone  error 0
03-07 22:52:18.262  3284  3284 E libsensor-parseRGB: CWB NotifyCWBBufferDone  error 0
03-07 22:52:18.468  3284  3490 E libsensor-parseRGB: CWB NotifyCWBBufferDone  error 0
03-07 22:52:18.686  3284  3284 E libsensor-parseRGB: CWB NotifyCWBBufferDone  error 0
03-07 22:52:18.886  3284  3284 E libsensor-parseRGB: CWB NotifyCWBBufferDone  error 0
03-07 22:52:19.092  3284  3284 E libsensor-parseRGB: CWB NotifyCWBBufferDone  error 0
03-07 22:52:19.302  3284  8293 E libsensor-parseRGB: CWB NotifyCWBBufferDone  error 0
03-07 22:52:19.507  3284  8293 E libsensor-parseRGB: CWB NotifyCWBBufferDone  error 0
03-07 22:52:19.806  3284  3284 E libsensor-parseRGB: CWB NotifyCWBBufferDone  error 0
03-07 22:52:19.947  2076  9771 E ANDR-PERF-MPCTL: ANDR-PERF-MPCTL: exception_recovery_poll_fun() 1497: exception_recovery_poll_fun
03-07 22:52:19.984  3284  8293 E libsensor-parseRGB: CWB NotifyCWBBufferDone  error 0
